

================================================================
== Vivado HLS Report for 'epilogue'
================================================================
* Date:           Mon Jun 22 03:30:45 2020

* Version:        2019.2 (Build 2704478 on Wed Nov 06 22:10:23 MST 2019)
* Project:        SVM
* Solution:       solution1
* Product family: zynq
* Target device:  xc7z020-clg484-1


================================================================
== Performance Estimates
================================================================
+ Timing: 
    * Summary: 
    +--------+----------+----------+------------+
    |  Clock |  Target  | Estimated| Uncertainty|
    +--------+----------+----------+------------+
    |ap_clk  | 10.00 ns | 9.672 ns |   1.25 ns  |
    +--------+----------+----------+------------+

+ Latency: 
    * Summary: 
    +---------+---------+----------+----------+-----+-----+---------+
    |  Latency (cycles) |  Latency (absolute) |  Interval | Pipeline|
    |   min   |   max   |    min   |    max   | min | max |   Type  |
    +---------+---------+----------+----------+-----+-----+---------+
    |      121|      121| 1.210 us | 1.210 us |  121|  121|   none  |
    +---------+---------+----------+----------+-----+-----+---------+

    + Detail: 
        * Instance: 
        N/A

        * Loop: 
        N/A



================================================================
== Utilization Estimates
================================================================
* Summary: 
+-----------------+---------+-------+--------+-------+-----+
|       Name      | BRAM_18K| DSP48E|   FF   |  LUT  | URAM|
+-----------------+---------+-------+--------+-------+-----+
|DSP              |        -|      -|       -|      -|    -|
|Expression       |        -|      -|       0|     37|    -|
|FIFO             |        -|      -|       -|      -|    -|
|Instance         |        -|     40|    4166|   8039|    -|
|Memory           |        -|      -|       -|      -|    -|
|Multiplexer      |        -|      -|       -|  12818|    -|
|Register         |        -|      -|   13821|      -|    -|
+-----------------+---------+-------+--------+-------+-----+
|Total            |        0|     40|   17987|  20894|    0|
+-----------------+---------+-------+--------+-------+-----+
|Available        |      280|    220|  106400|  53200|    0|
+-----------------+---------+-------+--------+-------+-----+
|Utilization (%)  |        0|     18|      16|     39|    0|
+-----------------+---------+-------+--------+-------+-----+

+ Detail: 
    * Instance: 
    +--------------------------+----------------------+---------+-------+-----+-----+-----+
    |         Instance         |        Module        | BRAM_18K| DSP48E|  FF | LUT | URAM|
    +--------------------------+----------------------+---------+-------+-----+-----+-----+
    |svmResult_fadd_32dEe_U27  |svmResult_fadd_32dEe  |        0|      2|  205|  390|    0|
    |svmResult_fadd_32dEe_U28  |svmResult_fadd_32dEe  |        0|      2|  205|  390|    0|
    |svmResult_fadd_32dEe_U29  |svmResult_fadd_32dEe  |        0|      2|  205|  390|    0|
    |svmResult_fadd_32dEe_U30  |svmResult_fadd_32dEe  |        0|      2|  205|  390|    0|
    |svmResult_fadd_32dEe_U31  |svmResult_fadd_32dEe  |        0|      2|  205|  390|    0|
    |svmResult_fadd_32dEe_U32  |svmResult_fadd_32dEe  |        0|      2|  205|  390|    0|
    |svmResult_fadd_32dEe_U33  |svmResult_fadd_32dEe  |        0|      2|  205|  390|    0|
    |svmResult_fadd_32dEe_U34  |svmResult_fadd_32dEe  |        0|      2|  205|  390|    0|
    |svmResult_fadd_32dEe_U35  |svmResult_fadd_32dEe  |        0|      2|  205|  390|    0|
    |svmResult_fadd_32dEe_U36  |svmResult_fadd_32dEe  |        0|      2|  205|  390|    0|
    |svmResult_fadd_32dEe_U37  |svmResult_fadd_32dEe  |        0|      2|  205|  390|    0|
    |svmResult_fadd_32dEe_U38  |svmResult_fadd_32dEe  |        0|      2|  205|  390|    0|
    |svmResult_fadd_32dEe_U39  |svmResult_fadd_32dEe  |        0|      2|  205|  390|    0|
    |svmResult_fadd_32dEe_U40  |svmResult_fadd_32dEe  |        0|      2|  205|  390|    0|
    |svmResult_fadd_32dEe_U41  |svmResult_fadd_32dEe  |        0|      2|  205|  390|    0|
    |svmResult_fadd_32dEe_U42  |svmResult_fadd_32dEe  |        0|      2|  205|  390|    0|
    |svmResult_fadd_32dEe_U43  |svmResult_fadd_32dEe  |        0|      2|  205|  390|    0|
    |svmResult_fadd_32dEe_U44  |svmResult_fadd_32dEe  |        0|      2|  205|  390|    0|
    |svmResult_fadd_32dEe_U45  |svmResult_fadd_32dEe  |        0|      2|  205|  390|    0|
    |svmResult_fadd_32dEe_U46  |svmResult_fadd_32dEe  |        0|      2|  205|  390|    0|
    |svmResult_fcmp_32eOg_U47  |svmResult_fcmp_32eOg  |        0|      0|   66|  239|    0|
    +--------------------------+----------------------+---------+-------+-----+-----+-----+
    |Total                     |                      |        0|     40| 4166| 8039|    0|
    +--------------------------+----------------------+---------+-------+-----+-----+-----+

    * DSP48E: 
    N/A

    * Memory: 
    N/A

    * FIFO: 
    N/A

    * Expression: 
    +---------------------------+----------+-------+---+----+------------+------------+
    |       Variable Name       | Operation| DSP48E| FF| LUT| Bitwidth P0| Bitwidth P1|
    +---------------------------+----------+-------+---+----+------------+------------+
    |and_ln2182_fu_12470_p2     |    and   |      0|  0|   2|           1|           1|
    |icmp_ln2182_1_fu_12460_p2  |   icmp   |      0|  0|  18|          23|           1|
    |icmp_ln2182_fu_12454_p2    |   icmp   |      0|  0|  11|           8|           2|
    |ap_block_state1            |    or    |      0|  0|   2|           1|           1|
    |or_ln2182_fu_12466_p2      |    or    |      0|  0|   2|           1|           1|
    |y                          |  select  |      0|  0|   2|           1|           2|
    +---------------------------+----------+-------+---+----+------------+------------+
    |Total                      |          |      0|  0|  37|          35|           8|
    +---------------------------+----------+-------+---+----+------------+------------+

    * Multiplexer: 
    +----------------------------------+-----+-----------+-----+-----------+
    |               Name               | LUT | Input Size| Bits| Total Bits|
    +----------------------------------+-----+-----------+-----+-----------+
    |ap_NS_fsm                         |  530|        123|    1|        123|
    |ap_done                           |    9|          2|    1|          2|
    |grp_fu_9578_p0                    |  245|         57|   32|       1824|
    |grp_fu_9578_p1                    |  241|         56|   32|       1792|
    |grp_fu_9582_p0                    |  309|         69|   32|       2208|
    |grp_fu_9582_p1                    |  297|         66|   32|       2112|
    |grp_fu_9586_p0                    |  309|         69|   32|       2208|
    |grp_fu_9586_p1                    |  313|         70|   32|       2240|
    |grp_fu_9590_p0                    |  273|         64|   32|       2048|
    |grp_fu_9590_p1                    |  297|         66|   32|       2112|
    |grp_fu_9594_p0                    |  225|         52|   32|       1664|
    |grp_fu_9594_p1                    |  229|         53|   32|       1696|
    |grp_fu_9598_p0                    |  265|         62|   32|       1984|
    |grp_fu_9598_p1                    |  245|         57|   32|       1824|
    |grp_fu_9602_p0                    |  253|         59|   32|       1888|
    |grp_fu_9602_p1                    |  241|         56|   32|       1792|
    |grp_fu_9606_p0                    |  245|         57|   32|       1824|
    |grp_fu_9606_p1                    |  241|         56|   32|       1792|
    |grp_fu_9610_p0                    |  225|         52|   32|       1664|
    |grp_fu_9610_p1                    |  225|         52|   32|       1664|
    |grp_fu_9614_p0                    |  217|         50|   32|       1600|
    |grp_fu_9614_p1                    |  209|         48|   32|       1536|
    |grp_fu_9618_p0                    |  193|         44|   32|       1408|
    |grp_fu_9618_p1                    |  173|         39|   32|       1248|
    |grp_fu_9622_p0                    |  177|         40|   32|       1280|
    |grp_fu_9622_p1                    |  177|         40|   32|       1280|
    |grp_fu_9626_p0                    |  137|         30|   32|        960|
    |grp_fu_9626_p1                    |  133|         29|   32|        928|
    |grp_fu_9630_p0                    |  125|         27|   32|        864|
    |grp_fu_9630_p1                    |  129|         28|   32|        896|
    |grp_fu_9634_p0                    |  109|         23|   32|        736|
    |grp_fu_9634_p1                    |  117|         25|   32|        800|
    |grp_fu_9638_p0                    |  105|         22|   32|        704|
    |grp_fu_9638_p1                    |   97|         20|   32|        640|
    |grp_fu_9642_p0                    |   65|         16|   32|        512|
    |grp_fu_9642_p1                    |   65|         16|   32|        512|
    |grp_fu_9646_p0                    |   44|          9|   32|        288|
    |grp_fu_9646_p1                    |   44|          9|   32|        288|
    |grp_fu_9650_p0                    |   38|          7|   32|        224|
    |grp_fu_9650_p1                    |   38|          7|   32|        224|
    |grp_fu_9654_p0                    |   21|          4|   32|        128|
    |grp_fu_9654_p1                    |   21|          4|   32|        128|
    |reg_10009                         |    9|          2|   32|         64|
    |reg_10020                         |    9|          2|   32|         64|
    |reg_10032                         |    9|          2|   32|         64|
    |reg_10047                         |    9|          2|   32|         64|
    |reg_10062                         |    9|          2|   32|         64|
    |reg_10074                         |    9|          2|   32|         64|
    |reg_10111                         |    9|          2|   32|         64|
    |reg_10126                         |    9|          2|   32|         64|
    |reg_10139                         |    9|          2|   32|         64|
    |reg_10149                         |    9|          2|   32|         64|
    |reg_10161                         |    9|          2|   32|         64|
    |reg_10174                         |    9|          2|   32|         64|
    |reg_10187                         |    9|          2|   32|         64|
    |reg_10201                         |    9|          2|   32|         64|
    |reg_10215                         |    9|          2|   32|         64|
    |reg_10248                         |    9|          2|   32|         64|
    |reg_10286                         |    9|          2|   32|         64|
    |reg_10299                         |    9|          2|   32|         64|
    |reg_10312                         |    9|          2|   32|         64|
    |reg_10326                         |    9|          2|   32|         64|
    |reg_10340                         |    9|          2|   32|         64|
    |reg_10352                         |    9|          2|   32|         64|
    |reg_10363                         |    9|          2|   32|         64|
    |reg_10377                         |    9|          2|   32|         64|
    |reg_10409                         |    9|          2|   32|         64|
    |reg_10422                         |    9|          2|   32|         64|
    |reg_10433                         |    9|          2|   32|         64|
    |reg_10456                         |    9|          2|   32|         64|
    |reg_10467                         |    9|          2|   32|         64|
    |reg_10490                         |    9|          2|   32|         64|
    |reg_10511                         |    9|          2|   32|         64|
    |reg_10535                         |    9|          2|   32|         64|
    |reg_10582                         |    9|          2|   32|         64|
    |reg_10593                         |    9|          2|   32|         64|
    |reg_10885                         |    9|          2|   32|         64|
    |reg_11212                         |    9|          2|   32|         64|
    |reg_11884                         |    9|          2|   32|         64|
    |reg_9664                          |    9|          2|   32|         64|
    |reg_9677                          |    9|          2|   32|         64|
    |reg_9714                          |    9|          2|   32|         64|
    |reg_9725                          |    9|          2|   32|         64|
    |reg_9746                          |    9|          2|   32|         64|
    |reg_9773                          |    9|          2|   32|         64|
    |reg_9786                          |    9|          2|   32|         64|
    |reg_9811                          |    9|          2|   32|         64|
    |reg_9846                          |    9|          2|   32|         64|
    |reg_9858                          |    9|          2|   32|         64|
    |reg_9871                          |    9|          2|   32|         64|
    |reg_9884                          |    9|          2|   32|         64|
    |reg_9897                          |    9|          2|   32|         64|
    |reg_9913                          |    9|          2|   32|         64|
    |reg_9938                          |    9|          2|   32|         64|
    |reg_9952                          |    9|          2|   32|         64|
    |reg_9966                          |    9|          2|   32|         64|
    |reg_9978                          |    9|          2|   32|         64|
    |temp_l111_2_i2_array_23_address0  |  293|         65|    7|        455|
    |temp_l111_2_i2_array_23_address1  |  293|         65|    7|        455|
    |temp_l111_2_i2_array_24_address0  |  293|         65|    7|        455|
    |temp_l111_2_i2_array_24_address1  |  293|         65|    7|        455|
    |temp_l111_2_i2_array_25_address0  |  297|         66|    7|        462|
    |temp_l111_2_i2_array_25_address1  |  293|         65|    7|        455|
    |temp_l111_2_i2_array_26_address0  |  293|         65|    7|        455|
    |temp_l111_2_i2_array_26_address1  |  273|         64|    7|        448|
    |temp_l111_2_i2_array_27_address0  |  293|         65|    7|        455|
    |temp_l111_2_i2_array_27_address1  |  293|         65|    7|        455|
    |temp_l111_2_i2_array_28_address0  |  293|         65|    7|        455|
    |temp_l111_2_i2_array_28_address1  |  293|         65|    7|        455|
    |temp_l111_2_i2_array_29_address0  |  293|         65|    7|        455|
    |temp_l111_2_i2_array_29_address1  |  293|         65|    7|        455|
    |temp_l111_2_i2_array_address0     |  293|         65|    7|        455|
    |temp_l111_2_i2_array_address1     |  293|         65|    7|        455|
    +----------------------------------+-----+-----------+-----+-----------+
    |Total                             |12818|       2885| 3154|      62445|
    +----------------------------------+-----+-----------+-----+-----------+

    * Register: 
    +------------------------------------+-----+----+-----+-----------+
    |                Name                |  FF | LUT| Bits| Const Bits|
    +------------------------------------+-----+----+-----+-----------+
    |ap_CS_fsm                           |  122|   0|  122|          0|
    |ap_done_reg                         |    1|   0|    1|          0|
    |icmp_ln2182_1_reg_18171             |    1|   0|    1|          0|
    |icmp_ln2182_reg_18166               |    1|   0|    1|          0|
    |reg_10000                           |   32|   0|   32|          0|
    |reg_10009                           |   32|   0|   32|          0|
    |reg_10020                           |   32|   0|   32|          0|
    |reg_10032                           |   32|   0|   32|          0|
    |reg_10047                           |   32|   0|   32|          0|
    |reg_10062                           |   32|   0|   32|          0|
    |reg_10074                           |   32|   0|   32|          0|
    |reg_10086                           |   32|   0|   32|          0|
    |reg_10099                           |   32|   0|   32|          0|
    |reg_10111                           |   32|   0|   32|          0|
    |reg_10126                           |   32|   0|   32|          0|
    |reg_10139                           |   32|   0|   32|          0|
    |reg_10149                           |   32|   0|   32|          0|
    |reg_10161                           |   32|   0|   32|          0|
    |reg_10174                           |   32|   0|   32|          0|
    |reg_10187                           |   32|   0|   32|          0|
    |reg_10201                           |   32|   0|   32|          0|
    |reg_10215                           |   32|   0|   32|          0|
    |reg_10226                           |   32|   0|   32|          0|
    |reg_10237                           |   32|   0|   32|          0|
    |reg_10248                           |   32|   0|   32|          0|
    |reg_10261                           |   32|   0|   32|          0|
    |reg_10273                           |   32|   0|   32|          0|
    |reg_10286                           |   32|   0|   32|          0|
    |reg_10299                           |   32|   0|   32|          0|
    |reg_10312                           |   32|   0|   32|          0|
    |reg_10326                           |   32|   0|   32|          0|
    |reg_10340                           |   32|   0|   32|          0|
    |reg_10352                           |   32|   0|   32|          0|
    |reg_10363                           |   32|   0|   32|          0|
    |reg_10377                           |   32|   0|   32|          0|
    |reg_10389                           |   32|   0|   32|          0|
    |reg_10399                           |   32|   0|   32|          0|
    |reg_10409                           |   32|   0|   32|          0|
    |reg_10422                           |   32|   0|   32|          0|
    |reg_10433                           |   32|   0|   32|          0|
    |reg_10444                           |   32|   0|   32|          0|
    |reg_10456                           |   32|   0|   32|          0|
    |reg_10467                           |   32|   0|   32|          0|
    |reg_10478                           |   32|   0|   32|          0|
    |reg_10490                           |   32|   0|   32|          0|
    |reg_10501                           |   32|   0|   32|          0|
    |reg_10511                           |   32|   0|   32|          0|
    |reg_10523                           |   32|   0|   32|          0|
    |reg_10535                           |   32|   0|   32|          0|
    |reg_10549                           |   32|   0|   32|          0|
    |reg_10562                           |   32|   0|   32|          0|
    |reg_10572                           |   32|   0|   32|          0|
    |reg_10582                           |   32|   0|   32|          0|
    |reg_10593                           |   32|   0|   32|          0|
    |reg_10607                           |   32|   0|   32|          0|
    |reg_10619                           |   32|   0|   32|          0|
    |reg_10630                           |   32|   0|   32|          0|
    |reg_10645                           |   32|   0|   32|          0|
    |reg_10659                           |   32|   0|   32|          0|
    |reg_10676                           |   32|   0|   32|          0|
    |reg_10690                           |   32|   0|   32|          0|
    |reg_10702                           |   32|   0|   32|          0|
    |reg_10716                           |   32|   0|   32|          0|
    |reg_10729                           |   32|   0|   32|          0|
    |reg_10737                           |   32|   0|   32|          0|
    |reg_10746                           |   32|   0|   32|          0|
    |reg_10756                           |   32|   0|   32|          0|
    |reg_10769                           |   32|   0|   32|          0|
    |reg_10782                           |   32|   0|   32|          0|
    |reg_10794                           |   32|   0|   32|          0|
    |reg_10806                           |   32|   0|   32|          0|
    |reg_10820                           |   32|   0|   32|          0|
    |reg_10828                           |   32|   0|   32|          0|
    |reg_10838                           |   32|   0|   32|          0|
    |reg_10850                           |   32|   0|   32|          0|
    |reg_10862                           |   32|   0|   32|          0|
    |reg_10874                           |   32|   0|   32|          0|
    |reg_10885                           |   32|   0|   32|          0|
    |reg_10896                           |   32|   0|   32|          0|
    |reg_10908                           |   32|   0|   32|          0|
    |reg_10917                           |   32|   0|   32|          0|
    |reg_10928                           |   32|   0|   32|          0|
    |reg_10934                           |   32|   0|   32|          0|
    |reg_10942                           |   32|   0|   32|          0|
    |reg_10953                           |   32|   0|   32|          0|
    |reg_10965                           |   32|   0|   32|          0|
    |reg_10973                           |   32|   0|   32|          0|
    |reg_10985                           |   32|   0|   32|          0|
    |reg_10995                           |   32|   0|   32|          0|
    |reg_11007                           |   32|   0|   32|          0|
    |reg_11021                           |   32|   0|   32|          0|
    |reg_11032                           |   32|   0|   32|          0|
    |reg_11044                           |   32|   0|   32|          0|
    |reg_11053                           |   32|   0|   32|          0|
    |reg_11063                           |   32|   0|   32|          0|
    |reg_11071                           |   32|   0|   32|          0|
    |reg_11081                           |   32|   0|   32|          0|
    |reg_11094                           |   32|   0|   32|          0|
    |reg_11103                           |   32|   0|   32|          0|
    |reg_11112                           |   32|   0|   32|          0|
    |reg_11119                           |   32|   0|   32|          0|
    |reg_11129                           |   32|   0|   32|          0|
    |reg_11137                           |   32|   0|   32|          0|
    |reg_11143                           |   32|   0|   32|          0|
    |reg_11152                           |   32|   0|   32|          0|
    |reg_11157                           |   32|   0|   32|          0|
    |reg_11167                           |   32|   0|   32|          0|
    |reg_11173                           |   32|   0|   32|          0|
    |reg_11180                           |   32|   0|   32|          0|
    |reg_11188                           |   32|   0|   32|          0|
    |reg_11195                           |   32|   0|   32|          0|
    |reg_11204                           |   32|   0|   32|          0|
    |reg_11212                           |   32|   0|   32|          0|
    |reg_11222                           |   32|   0|   32|          0|
    |reg_11230                           |   32|   0|   32|          0|
    |reg_11238                           |   32|   0|   32|          0|
    |reg_11244                           |   32|   0|   32|          0|
    |reg_11250                           |   32|   0|   32|          0|
    |reg_11257                           |   32|   0|   32|          0|
    |reg_11265                           |   32|   0|   32|          0|
    |reg_11272                           |   32|   0|   32|          0|
    |reg_11283                           |   32|   0|   32|          0|
    |reg_11289                           |   32|   0|   32|          0|
    |reg_11295                           |   32|   0|   32|          0|
    |reg_11304                           |   32|   0|   32|          0|
    |reg_11313                           |   32|   0|   32|          0|
    |reg_11320                           |   32|   0|   32|          0|
    |reg_11328                           |   32|   0|   32|          0|
    |reg_11334                           |   32|   0|   32|          0|
    |reg_11341                           |   32|   0|   32|          0|
    |reg_11349                           |   32|   0|   32|          0|
    |reg_11356                           |   32|   0|   32|          0|
    |reg_11362                           |   32|   0|   32|          0|
    |reg_11369                           |   32|   0|   32|          0|
    |reg_11375                           |   32|   0|   32|          0|
    |reg_11381                           |   32|   0|   32|          0|
    |reg_11389                           |   32|   0|   32|          0|
    |reg_11395                           |   32|   0|   32|          0|
    |reg_11401                           |   32|   0|   32|          0|
    |reg_11409                           |   32|   0|   32|          0|
    |reg_11415                           |   32|   0|   32|          0|
    |reg_11424                           |   32|   0|   32|          0|
    |reg_11430                           |   32|   0|   32|          0|
    |reg_11438                           |   32|   0|   32|          0|
    |reg_11446                           |   32|   0|   32|          0|
    |reg_11452                           |   32|   0|   32|          0|
    |reg_11458                           |   32|   0|   32|          0|
    |reg_11465                           |   32|   0|   32|          0|
    |reg_11471                           |   32|   0|   32|          0|
    |reg_11479                           |   32|   0|   32|          0|
    |reg_11487                           |   32|   0|   32|          0|
    |reg_11495                           |   32|   0|   32|          0|
    |reg_11502                           |   32|   0|   32|          0|
    |reg_11509                           |   32|   0|   32|          0|
    |reg_11516                           |   32|   0|   32|          0|
    |reg_11522                           |   32|   0|   32|          0|
    |reg_11532                           |   32|   0|   32|          0|
    |reg_11538                           |   32|   0|   32|          0|
    |reg_11546                           |   32|   0|   32|          0|
    |reg_11553                           |   32|   0|   32|          0|
    |reg_11560                           |   32|   0|   32|          0|
    |reg_11566                           |   32|   0|   32|          0|
    |reg_11572                           |   32|   0|   32|          0|
    |reg_11579                           |   32|   0|   32|          0|
    |reg_11585                           |   32|   0|   32|          0|
    |reg_11592                           |   32|   0|   32|          0|
    |reg_11598                           |   32|   0|   32|          0|
    |reg_11605                           |   32|   0|   32|          0|
    |reg_11611                           |   32|   0|   32|          0|
    |reg_11619                           |   32|   0|   32|          0|
    |reg_11628                           |   32|   0|   32|          0|
    |reg_11635                           |   32|   0|   32|          0|
    |reg_11644                           |   32|   0|   32|          0|
    |reg_11652                           |   32|   0|   32|          0|
    |reg_11659                           |   32|   0|   32|          0|
    |reg_11666                           |   32|   0|   32|          0|
    |reg_11672                           |   32|   0|   32|          0|
    |reg_11679                           |   32|   0|   32|          0|
    |reg_11685                           |   32|   0|   32|          0|
    |reg_11692                           |   32|   0|   32|          0|
    |reg_11699                           |   32|   0|   32|          0|
    |reg_11706                           |   32|   0|   32|          0|
    |reg_11712                           |   32|   0|   32|          0|
    |reg_11719                           |   32|   0|   32|          0|
    |reg_11725                           |   32|   0|   32|          0|
    |reg_11732                           |   32|   0|   32|          0|
    |reg_11739                           |   32|   0|   32|          0|
    |reg_11746                           |   32|   0|   32|          0|
    |reg_11752                           |   32|   0|   32|          0|
    |reg_11757                           |   32|   0|   32|          0|
    |reg_11764                           |   32|   0|   32|          0|
    |reg_11770                           |   32|   0|   32|          0|
    |reg_11780                           |   32|   0|   32|          0|
    |reg_11788                           |   32|   0|   32|          0|
    |reg_11795                           |   32|   0|   32|          0|
    |reg_11802                           |   32|   0|   32|          0|
    |reg_11809                           |   32|   0|   32|          0|
    |reg_11817                           |   32|   0|   32|          0|
    |reg_11823                           |   32|   0|   32|          0|
    |reg_11829                           |   32|   0|   32|          0|
    |reg_11835                           |   32|   0|   32|          0|
    |reg_11841                           |   32|   0|   32|          0|
    |reg_11847                           |   32|   0|   32|          0|
    |reg_11856                           |   32|   0|   32|          0|
    |reg_11863                           |   32|   0|   32|          0|
    |reg_11871                           |   32|   0|   32|          0|
    |reg_11878                           |   32|   0|   32|          0|
    |reg_11884                           |   32|   0|   32|          0|
    |reg_11893                           |   32|   0|   32|          0|
    |reg_11899                           |   32|   0|   32|          0|
    |reg_11905                           |   32|   0|   32|          0|
    |reg_11911                           |   32|   0|   32|          0|
    |reg_11917                           |   32|   0|   32|          0|
    |reg_11925                           |   32|   0|   32|          0|
    |reg_11931                           |   32|   0|   32|          0|
    |reg_11937                           |   32|   0|   32|          0|
    |reg_11944                           |   32|   0|   32|          0|
    |reg_11950                           |   32|   0|   32|          0|
    |reg_11956                           |   32|   0|   32|          0|
    |reg_11964                           |   32|   0|   32|          0|
    |reg_11970                           |   32|   0|   32|          0|
    |reg_11978                           |   32|   0|   32|          0|
    |reg_11984                           |   32|   0|   32|          0|
    |reg_11990                           |   32|   0|   32|          0|
    |reg_11997                           |   32|   0|   32|          0|
    |reg_12003                           |   32|   0|   32|          0|
    |reg_12009                           |   32|   0|   32|          0|
    |reg_12016                           |   32|   0|   32|          0|
    |reg_12022                           |   32|   0|   32|          0|
    |reg_12028                           |   32|   0|   32|          0|
    |reg_12034                           |   32|   0|   32|          0|
    |reg_12040                           |   32|   0|   32|          0|
    |reg_12047                           |   32|   0|   32|          0|
    |reg_12053                           |   32|   0|   32|          0|
    |reg_12059                           |   32|   0|   32|          0|
    |reg_12065                           |   32|   0|   32|          0|
    |reg_12072                           |   32|   0|   32|          0|
    |reg_12078                           |   32|   0|   32|          0|
    |reg_12084                           |   32|   0|   32|          0|
    |reg_12090                           |   32|   0|   32|          0|
    |reg_12099                           |   32|   0|   32|          0|
    |reg_12105                           |   32|   0|   32|          0|
    |reg_12111                           |   32|   0|   32|          0|
    |reg_12117                           |   32|   0|   32|          0|
    |reg_12123                           |   32|   0|   32|          0|
    |reg_12131                           |   32|   0|   32|          0|
    |reg_12137                           |   32|   0|   32|          0|
    |reg_12143                           |   32|   0|   32|          0|
    |reg_12149                           |   32|   0|   32|          0|
    |reg_12156                           |   32|   0|   32|          0|
    |reg_12164                           |   32|   0|   32|          0|
    |reg_12171                           |   32|   0|   32|          0|
    |reg_12177                           |   32|   0|   32|          0|
    |reg_12185                           |   32|   0|   32|          0|
    |reg_12192                           |   32|   0|   32|          0|
    |reg_12199                           |   32|   0|   32|          0|
    |reg_12205                           |   32|   0|   32|          0|
    |reg_12211                           |   32|   0|   32|          0|
    |reg_12217                           |   32|   0|   32|          0|
    |reg_12223                           |   32|   0|   32|          0|
    |reg_12230                           |   32|   0|   32|          0|
    |reg_12237                           |   32|   0|   32|          0|
    |reg_12243                           |   32|   0|   32|          0|
    |reg_12250                           |   32|   0|   32|          0|
    |reg_12257                           |   32|   0|   32|          0|
    |reg_12264                           |   32|   0|   32|          0|
    |reg_12271                           |   32|   0|   32|          0|
    |reg_12277                           |   32|   0|   32|          0|
    |reg_12283                           |   32|   0|   32|          0|
    |reg_12290                           |   32|   0|   32|          0|
    |reg_12298                           |   32|   0|   32|          0|
    |reg_12304                           |   32|   0|   32|          0|
    |reg_12311                           |   32|   0|   32|          0|
    |reg_12317                           |   32|   0|   32|          0|
    |reg_12323                           |   32|   0|   32|          0|
    |reg_12329                           |   32|   0|   32|          0|
    |reg_12336                           |   32|   0|   32|          0|
    |reg_12342                           |   32|   0|   32|          0|
    |reg_12349                           |   32|   0|   32|          0|
    |reg_12355                           |   32|   0|   32|          0|
    |reg_12361                           |   32|   0|   32|          0|
    |reg_12367                           |   32|   0|   32|          0|
    |reg_12373                           |   32|   0|   32|          0|
    |reg_12380                           |   32|   0|   32|          0|
    |reg_12386                           |   32|   0|   32|          0|
    |reg_12393                           |   32|   0|   32|          0|
    |reg_12399                           |   32|   0|   32|          0|
    |reg_12406                           |   32|   0|   32|          0|
    |reg_12412                           |   32|   0|   32|          0|
    |reg_12418                           |   32|   0|   32|          0|
    |reg_12424                           |   32|   0|   32|          0|
    |reg_12430                           |   32|   0|   32|          0|
    |reg_9664                            |   32|   0|   32|          0|
    |reg_9677                            |   32|   0|   32|          0|
    |reg_9690                            |   32|   0|   32|          0|
    |reg_9700                            |   32|   0|   32|          0|
    |reg_9714                            |   32|   0|   32|          0|
    |reg_9725                            |   32|   0|   32|          0|
    |reg_9736                            |   32|   0|   32|          0|
    |reg_9746                            |   32|   0|   32|          0|
    |reg_9760                            |   32|   0|   32|          0|
    |reg_9773                            |   32|   0|   32|          0|
    |reg_9786                            |   32|   0|   32|          0|
    |reg_9799                            |   32|   0|   32|          0|
    |reg_9811                            |   32|   0|   32|          0|
    |reg_9825                            |   32|   0|   32|          0|
    |reg_9836                            |   32|   0|   32|          0|
    |reg_9846                            |   32|   0|   32|          0|
    |reg_9858                            |   32|   0|   32|          0|
    |reg_9871                            |   32|   0|   32|          0|
    |reg_9884                            |   32|   0|   32|          0|
    |reg_9897                            |   32|   0|   32|          0|
    |reg_9913                            |   32|   0|   32|          0|
    |reg_9925                            |   32|   0|   32|          0|
    |reg_9938                            |   32|   0|   32|          0|
    |reg_9952                            |   32|   0|   32|          0|
    |reg_9966                            |   32|   0|   32|          0|
    |reg_9978                            |   32|   0|   32|          0|
    |reg_9991                            |   32|   0|   32|          0|
    |sum_w1006_reg_17751                 |   32|   0|   32|          0|
    |sum_w1024_reg_16250                 |   32|   0|   32|          0|
    |sum_w105_reg_18091                  |   32|   0|   32|          0|
    |sum_w108_reg_15970                  |   32|   0|   32|          0|
    |sum_w123_reg_15615                  |   32|   0|   32|          0|
    |sum_w129_reg_16340                  |   32|   0|   32|          0|
    |sum_w132_reg_14840                  |   32|   0|   32|          0|
    |sum_w140_reg_15180                  |   32|   0|   32|          0|
    |sum_w148_reg_17390                  |   32|   0|   32|          0|
    |sum_w14_reg_13710                   |   32|   0|   32|          0|
    |sum_w181_reg_16430                  |   32|   0|   32|          0|
    |sum_w189_reg_18076                  |   32|   0|   32|          0|
    |sum_w193_reg_14225                  |   32|   0|   32|          0|
    |sum_w204_reg_17045                  |   32|   0|   32|          0|
    |sum_w208_reg_14310                  |   32|   0|   32|          0|
    |sum_w20_reg_18116                   |   32|   0|   32|          0|
    |sum_w214_reg_17946                  |   32|   0|   32|          0|
    |sum_w216_reg_18131                  |   32|   0|   32|          0|
    |sum_w221_reg_16425                  |   32|   0|   32|          0|
    |sum_w223_reg_18066                  |   32|   0|   32|          0|
    |sum_w234_reg_17490                  |   32|   0|   32|          0|
    |sum_w245_reg_15295                  |   32|   0|   32|          0|
    |sum_w249_reg_15095                  |   32|   0|   32|          0|
    |sum_w264_reg_18106                  |   32|   0|   32|          0|
    |sum_w269_reg_15445                  |   32|   0|   32|          0|
    |sum_w284_reg_13700                  |   32|   0|   32|          0|
    |sum_w295_reg_16255                  |   32|   0|   32|          0|
    |sum_w305_reg_14395                  |   32|   0|   32|          0|
    |sum_w316_reg_13975                  |   32|   0|   32|          0|
    |sum_w342_reg_18031                  |   32|   0|   32|          0|
    |sum_w345_reg_14570                  |   32|   0|   32|          0|
    |sum_w351_reg_18141                  |   32|   0|   32|          0|
    |sum_w367_reg_15800                  |   32|   0|   32|          0|
    |sum_w369_reg_16530                  |   32|   0|   32|          0|
    |sum_w375_reg_17846                  |   32|   0|   32|          0|
    |sum_w377_reg_16920                  |   32|   0|   32|          0|
    |sum_w386_reg_16870                  |   32|   0|   32|          0|
    |sum_w390_reg_18086                  |   32|   0|   32|          0|
    |sum_w428_reg_17936                  |   32|   0|   32|          0|
    |sum_w429_reg_18071                  |   32|   0|   32|          0|
    |sum_w436_reg_15450                  |   32|   0|   32|          0|
    |sum_w443_reg_14490                  |   32|   0|   32|          0|
    |sum_w448_reg_14925                  |   32|   0|   32|          0|
    |sum_w450_reg_15995                  |   32|   0|   32|          0|
    |sum_w464_reg_18041                  |   32|   0|   32|          0|
    |sum_w465_reg_18146                  |   32|   0|   32|          0|
    |sum_w474_reg_18151                  |   32|   0|   32|          0|
    |sum_w481_reg_13705                  |   32|   0|   32|          0|
    |sum_w48_reg_16075                   |   32|   0|   32|          0|
    |sum_w509_reg_17305                  |   32|   0|   32|          0|
    |sum_w513_reg_14575                  |   32|   0|   32|          0|
    |sum_w520_reg_18046                  |   32|   0|   32|          0|
    |sum_w524_reg_15790                  |   32|   0|   32|          0|
    |sum_w526_reg_13890                  |   32|   0|   32|          0|
    |sum_w529_reg_13610                  |   32|   0|   32|          0|
    |sum_w532_reg_16070                  |   32|   0|   32|          0|
    |sum_w534_reg_15090                  |   32|   0|   32|          0|
    |sum_w536_reg_14670                  |   32|   0|   32|          0|
    |sum_w546_reg_13615                  |   32|   0|   32|          0|
    |sum_w54_reg_17475                   |   32|   0|   32|          0|
    |sum_w557_reg_17655                  |   32|   0|   32|          0|
    |sum_w560_reg_18156                  |   32|   0|   32|          0|
    |sum_w574_reg_14215                  |   32|   0|   32|          0|
    |sum_w577_reg_17841                  |   32|   0|   32|          0|
    |sum_w579_reg_15885                  |   32|   0|   32|          0|
    |sum_w593_reg_18036                  |   32|   0|   32|          0|
    |sum_w608_reg_16245                  |   32|   0|   32|          0|
    |sum_w615_reg_14665                  |   32|   0|   32|          0|
    |sum_w62_reg_16785                   |   32|   0|   32|          0|
    |sum_w635_reg_14835                  |   32|   0|   32|          0|
    |sum_w655_reg_18111                  |   32|   0|   32|          0|
    |sum_w669_reg_16525                  |   32|   0|   32|          0|
    |sum_w672_reg_18096                  |   32|   0|   32|          0|
    |sum_w675_reg_18101                  |   32|   0|   32|          0|
    |sum_w683_reg_15975                  |   32|   0|   32|          0|
    |sum_w684_reg_18126                  |   32|   0|   32|          0|
    |sum_w687_reg_16435                  |   32|   0|   32|          0|
    |sum_w720_reg_16080                  |   32|   0|   32|          0|
    |sum_w732_reg_17480                  |   32|   0|   32|          0|
    |sum_w734_reg_15980                  |   32|   0|   32|          0|
    |sum_w739_reg_15265                  |   32|   0|   32|          0|
    |sum_w757_reg_17220                  |   32|   0|   32|          0|
    |sum_w761_reg_15285                  |   32|   0|   32|          0|
    |sum_w770_reg_18161                  |   32|   0|   32|          0|
    |sum_w774_reg_17050                  |   32|   0|   32|          0|
    |sum_w778_reg_17941                  |   32|   0|   32|          0|
    |sum_w781_reg_15705                  |   32|   0|   32|          0|
    |sum_w797_reg_18081                  |   32|   0|   32|          0|
    |sum_w7_reg_16440                    |   32|   0|   32|          0|
    |sum_w800_reg_17931                  |   32|   0|   32|          0|
    |sum_w810_reg_16780                  |   32|   0|   32|          0|
    |sum_w814_reg_17485                  |   32|   0|   32|          0|
    |sum_w82_reg_17836                   |   32|   0|   32|          0|
    |sum_w835_reg_14130                  |   32|   0|   32|          0|
    |sum_w848_reg_15535                  |   32|   0|   32|          0|
    |sum_w855_reg_15270                  |   32|   0|   32|          0|
    |sum_w87_reg_14620                   |   32|   0|   32|          0|
    |sum_w882_reg_13875                  |   32|   0|   32|          0|
    |sum_w892_reg_14405                  |   32|   0|   32|          0|
    |sum_w894_reg_16695                  |   32|   0|   32|          0|
    |sum_w897_reg_15795                  |   32|   0|   32|          0|
    |sum_w904_reg_15620                  |   32|   0|   32|          0|
    |sum_w921_reg_18136                  |   32|   0|   32|          0|
    |sum_w935_reg_14220                  |   32|   0|   32|          0|
    |sum_w946_reg_13440                  |   32|   0|   32|          0|
    |sum_w948_reg_17660                  |   32|   0|   32|          0|
    |sum_w949_reg_16875                  |   32|   0|   32|          0|
    |sum_w957_reg_18056                  |   32|   0|   32|          0|
    |sum_w965_reg_18121                  |   32|   0|   32|          0|
    |sum_w972_reg_17135                  |   32|   0|   32|          0|
    |sum_w990_reg_17746                  |   32|   0|   32|          0|
    |sum_w993_reg_18061                  |   32|   0|   32|          0|
    |temp_l111_2_i2_array_524_reg_13505  |   32|   0|   32|          0|
    +------------------------------------+-----+----+-----+-----------+
    |Total                               |13821|   0|13821|          0|
    +------------------------------------+-----+----+-----+-----------+



================================================================
== Interface
================================================================
* Summary: 
+----------------------------------+-----+-----+------------+-------------------------+--------------+
|             RTL Ports            | Dir | Bits|  Protocol  |      Source Object      |    C Type    |
+----------------------------------+-----+-----+------------+-------------------------+--------------+
|ap_clk                            |  in |    1| ap_ctrl_hs |         epilogue        | return value |
|ap_rst                            |  in |    1| ap_ctrl_hs |         epilogue        | return value |
|ap_start                          |  in |    1| ap_ctrl_hs |         epilogue        | return value |
|ap_done                           | out |    1| ap_ctrl_hs |         epilogue        | return value |
|ap_continue                       |  in |    1| ap_ctrl_hs |         epilogue        | return value |
|ap_idle                           | out |    1| ap_ctrl_hs |         epilogue        | return value |
|ap_ready                          | out |    1| ap_ctrl_hs |         epilogue        | return value |
|temp_l111_2_i2_array_address0     | out |    7|  ap_memory |   temp_l111_2_i2_array  |     array    |
|temp_l111_2_i2_array_ce0          | out |    1|  ap_memory |   temp_l111_2_i2_array  |     array    |
|temp_l111_2_i2_array_q0           |  in |   32|  ap_memory |   temp_l111_2_i2_array  |     array    |
|temp_l111_2_i2_array_address1     | out |    7|  ap_memory |   temp_l111_2_i2_array  |     array    |
|temp_l111_2_i2_array_ce1          | out |    1|  ap_memory |   temp_l111_2_i2_array  |     array    |
|temp_l111_2_i2_array_q1           |  in |   32|  ap_memory |   temp_l111_2_i2_array  |     array    |
|temp_l111_2_i2_array_23_address0  | out |    7|  ap_memory | temp_l111_2_i2_array_23 |     array    |
|temp_l111_2_i2_array_23_ce0       | out |    1|  ap_memory | temp_l111_2_i2_array_23 |     array    |
|temp_l111_2_i2_array_23_q0        |  in |   32|  ap_memory | temp_l111_2_i2_array_23 |     array    |
|temp_l111_2_i2_array_23_address1  | out |    7|  ap_memory | temp_l111_2_i2_array_23 |     array    |
|temp_l111_2_i2_array_23_ce1       | out |    1|  ap_memory | temp_l111_2_i2_array_23 |     array    |
|temp_l111_2_i2_array_23_q1        |  in |   32|  ap_memory | temp_l111_2_i2_array_23 |     array    |
|temp_l111_2_i2_array_24_address0  | out |    7|  ap_memory | temp_l111_2_i2_array_24 |     array    |
|temp_l111_2_i2_array_24_ce0       | out |    1|  ap_memory | temp_l111_2_i2_array_24 |     array    |
|temp_l111_2_i2_array_24_q0        |  in |   32|  ap_memory | temp_l111_2_i2_array_24 |     array    |
|temp_l111_2_i2_array_24_address1  | out |    7|  ap_memory | temp_l111_2_i2_array_24 |     array    |
|temp_l111_2_i2_array_24_ce1       | out |    1|  ap_memory | temp_l111_2_i2_array_24 |     array    |
|temp_l111_2_i2_array_24_q1        |  in |   32|  ap_memory | temp_l111_2_i2_array_24 |     array    |
|temp_l111_2_i2_array_25_address0  | out |    7|  ap_memory | temp_l111_2_i2_array_25 |     array    |
|temp_l111_2_i2_array_25_ce0       | out |    1|  ap_memory | temp_l111_2_i2_array_25 |     array    |
|temp_l111_2_i2_array_25_q0        |  in |   32|  ap_memory | temp_l111_2_i2_array_25 |     array    |
|temp_l111_2_i2_array_25_address1  | out |    7|  ap_memory | temp_l111_2_i2_array_25 |     array    |
|temp_l111_2_i2_array_25_ce1       | out |    1|  ap_memory | temp_l111_2_i2_array_25 |     array    |
|temp_l111_2_i2_array_25_q1        |  in |   32|  ap_memory | temp_l111_2_i2_array_25 |     array    |
|temp_l111_2_i2_array_26_address0  | out |    7|  ap_memory | temp_l111_2_i2_array_26 |     array    |
|temp_l111_2_i2_array_26_ce0       | out |    1|  ap_memory | temp_l111_2_i2_array_26 |     array    |
|temp_l111_2_i2_array_26_q0        |  in |   32|  ap_memory | temp_l111_2_i2_array_26 |     array    |
|temp_l111_2_i2_array_26_address1  | out |    7|  ap_memory | temp_l111_2_i2_array_26 |     array    |
|temp_l111_2_i2_array_26_ce1       | out |    1|  ap_memory | temp_l111_2_i2_array_26 |     array    |
|temp_l111_2_i2_array_26_q1        |  in |   32|  ap_memory | temp_l111_2_i2_array_26 |     array    |
|temp_l111_2_i2_array_27_address0  | out |    7|  ap_memory | temp_l111_2_i2_array_27 |     array    |
|temp_l111_2_i2_array_27_ce0       | out |    1|  ap_memory | temp_l111_2_i2_array_27 |     array    |
|temp_l111_2_i2_array_27_q0        |  in |   32|  ap_memory | temp_l111_2_i2_array_27 |     array    |
|temp_l111_2_i2_array_27_address1  | out |    7|  ap_memory | temp_l111_2_i2_array_27 |     array    |
|temp_l111_2_i2_array_27_ce1       | out |    1|  ap_memory | temp_l111_2_i2_array_27 |     array    |
|temp_l111_2_i2_array_27_q1        |  in |   32|  ap_memory | temp_l111_2_i2_array_27 |     array    |
|temp_l111_2_i2_array_28_address0  | out |    7|  ap_memory | temp_l111_2_i2_array_28 |     array    |
|temp_l111_2_i2_array_28_ce0       | out |    1|  ap_memory | temp_l111_2_i2_array_28 |     array    |
|temp_l111_2_i2_array_28_q0        |  in |   32|  ap_memory | temp_l111_2_i2_array_28 |     array    |
|temp_l111_2_i2_array_28_address1  | out |    7|  ap_memory | temp_l111_2_i2_array_28 |     array    |
|temp_l111_2_i2_array_28_ce1       | out |    1|  ap_memory | temp_l111_2_i2_array_28 |     array    |
|temp_l111_2_i2_array_28_q1        |  in |   32|  ap_memory | temp_l111_2_i2_array_28 |     array    |
|temp_l111_2_i2_array_29_address0  | out |    7|  ap_memory | temp_l111_2_i2_array_29 |     array    |
|temp_l111_2_i2_array_29_ce0       | out |    1|  ap_memory | temp_l111_2_i2_array_29 |     array    |
|temp_l111_2_i2_array_29_q0        |  in |   32|  ap_memory | temp_l111_2_i2_array_29 |     array    |
|temp_l111_2_i2_array_29_address1  | out |    7|  ap_memory | temp_l111_2_i2_array_29 |     array    |
|temp_l111_2_i2_array_29_ce1       | out |    1|  ap_memory | temp_l111_2_i2_array_29 |     array    |
|temp_l111_2_i2_array_29_q1        |  in |   32|  ap_memory | temp_l111_2_i2_array_29 |     array    |
|y                                 | out |   32|   ap_vld   |            y            |    pointer   |
|y_ap_vld                          | out |    1|   ap_vld   |            y            |    pointer   |
+----------------------------------+-----+-----+------------+-------------------------+--------------+

