

================================================================
== Vivado HLS Report for 'epilogue'
================================================================
* Date:           Mon Jun 22 03:20:53 2020

* Version:        2019.2 (Build 2704478 on Wed Nov 06 22:10:23 MST 2019)
* Project:        SVM
* Solution:       solution1
* Product family: zynq
* Target device:  xc7z020-clg484-1


================================================================
== Performance Estimates
================================================================
+ Timing: 
    * Summary: 
    +--------+----------+----------+------------+
    |  Clock |  Target  | Estimated| Uncertainty|
    +--------+----------+----------+------------+
    |ap_clk  | 10.00 ns | 9.628 ns |   1.25 ns  |
    +--------+----------+----------+------------+

+ Latency: 
    * Summary: 
    +---------+---------+----------+----------+-----+-----+---------+
    |  Latency (cycles) |  Latency (absolute) |  Interval | Pipeline|
    |   min   |   max   |    min   |    max   | min | max |   Type  |
    +---------+---------+----------+----------+-----+-----+---------+
    |      102|      102| 1.020 us | 1.020 us |  102|  102|   none  |
    +---------+---------+----------+----------+-----+-----+---------+

    + Detail: 
        * Instance: 
        N/A

        * Loop: 
        N/A



================================================================
== Utilization Estimates
================================================================
* Summary: 
+-----------------+---------+-------+--------+-------+-----+
|       Name      | BRAM_18K| DSP48E|   FF   |  LUT  | URAM|
+-----------------+---------+-------+--------+-------+-----+
|DSP              |        -|      -|       -|      -|    -|
|Expression       |        -|      -|       0|     37|    -|
|FIFO             |        -|      -|       -|      -|    -|
|Instance         |        -|     72|    7446|  14279|    -|
|Memory           |        -|      -|       -|      -|    -|
|Multiplexer      |        -|      -|       -|  17154|    -|
|Register         |        -|      -|   20394|      -|    -|
+-----------------+---------+-------+--------+-------+-----+
|Total            |        0|     72|   27840|  31470|    0|
+-----------------+---------+-------+--------+-------+-----+
|Available        |      280|    220|  106400|  53200|    0|
+-----------------+---------+-------+--------+-------+-----+
|Utilization (%)  |        0|     32|      26|     59|    0|
+-----------------+---------+-------+--------+-------+-----+

+ Detail: 
    * Instance: 
    +--------------------------+----------------------+---------+-------+-----+-----+-----+
    |         Instance         |        Module        | BRAM_18K| DSP48E|  FF | LUT | URAM|
    +--------------------------+----------------------+---------+-------+-----+-----+-----+
    |svmResult_fadd_32dEe_U51  |svmResult_fadd_32dEe  |        0|      2|  205|  390|    0|
    |svmResult_fadd_32dEe_U52  |svmResult_fadd_32dEe  |        0|      2|  205|  390|    0|
    |svmResult_fadd_32dEe_U53  |svmResult_fadd_32dEe  |        0|      2|  205|  390|    0|
    |svmResult_fadd_32dEe_U54  |svmResult_fadd_32dEe  |        0|      2|  205|  390|    0|
    |svmResult_fadd_32dEe_U55  |svmResult_fadd_32dEe  |        0|      2|  205|  390|    0|
    |svmResult_fadd_32dEe_U56  |svmResult_fadd_32dEe  |        0|      2|  205|  390|    0|
    |svmResult_fadd_32dEe_U57  |svmResult_fadd_32dEe  |        0|      2|  205|  390|    0|
    |svmResult_fadd_32dEe_U58  |svmResult_fadd_32dEe  |        0|      2|  205|  390|    0|
    |svmResult_fadd_32dEe_U59  |svmResult_fadd_32dEe  |        0|      2|  205|  390|    0|
    |svmResult_fadd_32dEe_U60  |svmResult_fadd_32dEe  |        0|      2|  205|  390|    0|
    |svmResult_fadd_32dEe_U61  |svmResult_fadd_32dEe  |        0|      2|  205|  390|    0|
    |svmResult_fadd_32dEe_U62  |svmResult_fadd_32dEe  |        0|      2|  205|  390|    0|
    |svmResult_fadd_32dEe_U63  |svmResult_fadd_32dEe  |        0|      2|  205|  390|    0|
    |svmResult_fadd_32dEe_U64  |svmResult_fadd_32dEe  |        0|      2|  205|  390|    0|
    |svmResult_fadd_32dEe_U65  |svmResult_fadd_32dEe  |        0|      2|  205|  390|    0|
    |svmResult_fadd_32dEe_U66  |svmResult_fadd_32dEe  |        0|      2|  205|  390|    0|
    |svmResult_fadd_32dEe_U67  |svmResult_fadd_32dEe  |        0|      2|  205|  390|    0|
    |svmResult_fadd_32dEe_U68  |svmResult_fadd_32dEe  |        0|      2|  205|  390|    0|
    |svmResult_fadd_32dEe_U69  |svmResult_fadd_32dEe  |        0|      2|  205|  390|    0|
    |svmResult_fadd_32dEe_U70  |svmResult_fadd_32dEe  |        0|      2|  205|  390|    0|
    |svmResult_fadd_32dEe_U71  |svmResult_fadd_32dEe  |        0|      2|  205|  390|    0|
    |svmResult_fadd_32dEe_U72  |svmResult_fadd_32dEe  |        0|      2|  205|  390|    0|
    |svmResult_fadd_32dEe_U73  |svmResult_fadd_32dEe  |        0|      2|  205|  390|    0|
    |svmResult_fadd_32dEe_U74  |svmResult_fadd_32dEe  |        0|      2|  205|  390|    0|
    |svmResult_fadd_32dEe_U75  |svmResult_fadd_32dEe  |        0|      2|  205|  390|    0|
    |svmResult_fadd_32dEe_U76  |svmResult_fadd_32dEe  |        0|      2|  205|  390|    0|
    |svmResult_fadd_32dEe_U77  |svmResult_fadd_32dEe  |        0|      2|  205|  390|    0|
    |svmResult_fadd_32dEe_U78  |svmResult_fadd_32dEe  |        0|      2|  205|  390|    0|
    |svmResult_fadd_32dEe_U79  |svmResult_fadd_32dEe  |        0|      2|  205|  390|    0|
    |svmResult_fadd_32dEe_U80  |svmResult_fadd_32dEe  |        0|      2|  205|  390|    0|
    |svmResult_fadd_32dEe_U81  |svmResult_fadd_32dEe  |        0|      2|  205|  390|    0|
    |svmResult_fadd_32dEe_U82  |svmResult_fadd_32dEe  |        0|      2|  205|  390|    0|
    |svmResult_fadd_32dEe_U83  |svmResult_fadd_32dEe  |        0|      2|  205|  390|    0|
    |svmResult_fadd_32dEe_U84  |svmResult_fadd_32dEe  |        0|      2|  205|  390|    0|
    |svmResult_fadd_32dEe_U85  |svmResult_fadd_32dEe  |        0|      2|  205|  390|    0|
    |svmResult_fadd_32dEe_U86  |svmResult_fadd_32dEe  |        0|      2|  205|  390|    0|
    |svmResult_fcmp_32eOg_U87  |svmResult_fcmp_32eOg  |        0|      0|   66|  239|    0|
    +--------------------------+----------------------+---------+-------+-----+-----+-----+
    |Total                     |                      |        0|     72| 7446|14279|    0|
    +--------------------------+----------------------+---------+-------+-----+-----+-----+

    * DSP48E: 
    N/A

    * Memory: 
    N/A

    * FIFO: 
    N/A

    * Expression: 
    +---------------------------+----------+-------+---+----+------------+------------+
    |       Variable Name       | Operation| DSP48E| FF| LUT| Bitwidth P0| Bitwidth P1|
    +---------------------------+----------+-------+---+----+------------+------------+
    |and_ln2683_fu_15912_p2     |    and   |      0|  0|   2|           1|           1|
    |icmp_ln2683_1_fu_15902_p2  |   icmp   |      0|  0|  18|          23|           1|
    |icmp_ln2683_fu_15896_p2    |   icmp   |      0|  0|  11|           8|           2|
    |ap_block_state1            |    or    |      0|  0|   2|           1|           1|
    |or_ln2683_fu_15908_p2      |    or    |      0|  0|   2|           1|           1|
    |y                          |  select  |      0|  0|   2|           1|           2|
    +---------------------------+----------+-------+---+----+------------+------------+
    |Total                      |          |      0|  0|  37|          35|           8|
    +---------------------------+----------+-------+---+----+------------+------------+

    * Multiplexer: 
    +----------------------------------+-----+-----------+-----+-----------+
    |               Name               | LUT | Input Size| Bits| Total Bits|
    +----------------------------------+-----+-----------+-----+-----------+
    |ap_NS_fsm                         |  457|        104|    1|        104|
    |ap_done                           |    9|          2|    1|          2|
    |grp_fu_11820_p0                   |  209|         48|   32|       1536|
    |grp_fu_11820_p1                   |  225|         52|   32|       1664|
    |grp_fu_11824_p0                   |  213|         49|   32|       1568|
    |grp_fu_11824_p1                   |  209|         48|   32|       1536|
    |grp_fu_11828_p0                   |  201|         46|   32|       1472|
    |grp_fu_11828_p1                   |  197|         45|   32|       1440|
    |grp_fu_11832_p0                   |  233|         54|   32|       1728|
    |grp_fu_11832_p1                   |  237|         55|   32|       1760|
    |grp_fu_11836_p0                   |  241|         56|   32|       1792|
    |grp_fu_11836_p1                   |  241|         56|   32|       1792|
    |grp_fu_11840_p0                   |  217|         50|   32|       1600|
    |grp_fu_11840_p1                   |  233|         54|   32|       1728|
    |grp_fu_11844_p0                   |  241|         56|   32|       1792|
    |grp_fu_11844_p1                   |  241|         56|   32|       1792|
    |grp_fu_11848_p0                   |  229|         53|   32|       1696|
    |grp_fu_11848_p1                   |  225|         52|   32|       1664|
    |grp_fu_11852_p0                   |  241|         56|   32|       1792|
    |grp_fu_11852_p1                   |  241|         56|   32|       1792|
    |grp_fu_11856_p0                   |  245|         57|   32|       1824|
    |grp_fu_11856_p1                   |  241|         56|   32|       1792|
    |grp_fu_11860_p0                   |  209|         48|   32|       1536|
    |grp_fu_11860_p1                   |  205|         47|   32|       1504|
    |grp_fu_11864_p0                   |  213|         49|   32|       1568|
    |grp_fu_11864_p1                   |  209|         48|   32|       1536|
    |grp_fu_11868_p0                   |  197|         45|   32|       1440|
    |grp_fu_11868_p1                   |  185|         42|   32|       1344|
    |grp_fu_11872_p0                   |  185|         42|   32|       1344|
    |grp_fu_11872_p1                   |  189|         43|   32|       1376|
    |grp_fu_11876_p0                   |  173|         39|   32|       1248|
    |grp_fu_11876_p1                   |  169|         38|   32|       1216|
    |grp_fu_11880_p0                   |  145|         32|   32|       1024|
    |grp_fu_11880_p1                   |  145|         32|   32|       1024|
    |grp_fu_11884_p0                   |  165|         37|   32|       1184|
    |grp_fu_11884_p1                   |  161|         36|   32|       1152|
    |grp_fu_11888_p0                   |  157|         35|   32|       1120|
    |grp_fu_11888_p1                   |  161|         36|   32|       1152|
    |grp_fu_11892_p0                   |  145|         32|   32|       1024|
    |grp_fu_11892_p1                   |  141|         31|   32|        992|
    |grp_fu_11896_p0                   |  141|         31|   32|        992|
    |grp_fu_11896_p1                   |  141|         31|   32|        992|
    |grp_fu_11900_p0                   |  125|         27|   32|        864|
    |grp_fu_11900_p1                   |  117|         25|   32|        800|
    |grp_fu_11904_p0                   |  117|         25|   32|        800|
    |grp_fu_11904_p1                   |  121|         26|   32|        832|
    |grp_fu_11908_p0                   |  113|         24|   32|        768|
    |grp_fu_11908_p1                   |  113|         24|   32|        768|
    |grp_fu_11912_p0                   |  105|         22|   32|        704|
    |grp_fu_11912_p1                   |   97|         20|   32|        640|
    |grp_fu_11916_p0                   |  101|         21|   32|        672|
    |grp_fu_11916_p1                   |  101|         21|   32|        672|
    |grp_fu_11920_p0                   |   93|         19|   32|        608|
    |grp_fu_11920_p1                   |   93|         19|   32|        608|
    |grp_fu_11924_p0                   |   59|         14|   32|        448|
    |grp_fu_11924_p1                   |   59|         14|   32|        448|
    |grp_fu_11928_p0                   |   56|         13|   32|        416|
    |grp_fu_11928_p1                   |   56|         13|   32|        416|
    |grp_fu_11932_p0                   |   41|          8|   32|        256|
    |grp_fu_11932_p1                   |   41|          8|   32|        256|
    |grp_fu_11936_p0                   |   41|          8|   32|        256|
    |grp_fu_11936_p1                   |   41|          8|   32|        256|
    |grp_fu_11940_p0                   |   33|          6|   32|        192|
    |grp_fu_11940_p1                   |   38|          7|   32|        224|
    |grp_fu_11944_p0                   |   33|          6|   32|        192|
    |grp_fu_11944_p1                   |   33|          6|   32|        192|
    |grp_fu_11948_p0                   |   27|          5|   32|        160|
    |grp_fu_11948_p1                   |   27|          5|   32|        160|
    |grp_fu_11952_p0                   |   21|          4|   32|        128|
    |grp_fu_11952_p1                   |   21|          4|   32|        128|
    |grp_fu_11956_p0                   |   21|          4|   32|        128|
    |grp_fu_11956_p1                   |   21|          4|   32|        128|
    |reg_12002                         |    9|          2|   32|         64|
    |reg_12022                         |    9|          2|   32|         64|
    |reg_12066                         |    9|          2|   32|         64|
    |reg_12091                         |    9|          2|   32|         64|
    |reg_12104                         |    9|          2|   32|         64|
    |reg_12137                         |    9|          2|   32|         64|
    |reg_12148                         |    9|          2|   32|         64|
    |reg_12170                         |    9|          2|   32|         64|
    |reg_12202                         |    9|          2|   32|         64|
    |reg_12239                         |    9|          2|   32|         64|
    |reg_12251                         |    9|          2|   32|         64|
    |reg_12261                         |    9|          2|   32|         64|
    |reg_12273                         |    9|          2|   32|         64|
    |reg_12285                         |    9|          2|   32|         64|
    |reg_12294                         |    9|          2|   32|         64|
    |reg_12304                         |    9|          2|   32|         64|
    |reg_12316                         |    9|          2|   32|         64|
    |reg_12328                         |    9|          2|   32|         64|
    |reg_12358                         |    9|          2|   32|         64|
    |reg_12369                         |    9|          2|   32|         64|
    |reg_12380                         |    9|          2|   32|         64|
    |reg_12393                         |    9|          2|   32|         64|
    |reg_12403                         |    9|          2|   32|         64|
    |reg_12430                         |    9|          2|   32|         64|
    |reg_12441                         |    9|          2|   32|         64|
    |reg_12452                         |    9|          2|   32|         64|
    |reg_12464                         |    9|          2|   32|         64|
    |reg_12497                         |    9|          2|   32|         64|
    |reg_12507                         |    9|          2|   32|         64|
    |reg_12518                         |    9|          2|   32|         64|
    |reg_12531                         |    9|          2|   32|         64|
    |reg_12561                         |    9|          2|   32|         64|
    |reg_12573                         |    9|          2|   32|         64|
    |reg_12585                         |    9|          2|   32|         64|
    |reg_12596                         |    9|          2|   32|         64|
    |reg_12607                         |    9|          2|   32|         64|
    |reg_12618                         |    9|          2|   32|         64|
    |reg_12648                         |    9|          2|   32|         64|
    |reg_12660                         |    9|          2|   32|         64|
    |reg_12671                         |    9|          2|   32|         64|
    |reg_12682                         |    9|          2|   32|         64|
    |reg_12694                         |    9|          2|   32|         64|
    |reg_12705                         |    9|          2|   32|         64|
    |reg_12716                         |    9|          2|   32|         64|
    |reg_12726                         |    9|          2|   32|         64|
    |reg_12747                         |    9|          2|   32|         64|
    |reg_12758                         |    9|          2|   32|         64|
    |reg_12769                         |    9|          2|   32|         64|
    |reg_12779                         |    9|          2|   32|         64|
    |reg_12791                         |    9|          2|   32|         64|
    |reg_12804                         |    9|          2|   32|         64|
    |reg_12837                         |    9|          2|   32|         64|
    |reg_12868                         |    9|          2|   32|         64|
    |reg_12879                         |    9|          2|   32|         64|
    |reg_12890                         |    9|          2|   32|         64|
    |reg_12901                         |    9|          2|   32|         64|
    |reg_12912                         |    9|          2|   32|         64|
    |reg_12923                         |    9|          2|   32|         64|
    |reg_12935                         |    9|          2|   32|         64|
    |reg_12947                         |    9|          2|   32|         64|
    |reg_12957                         |    9|          2|   32|         64|
    |reg_12969                         |    9|          2|   32|         64|
    |reg_12980                         |    9|          2|   32|         64|
    |reg_12990                         |    9|          2|   32|         64|
    |reg_12999                         |    9|          2|   32|         64|
    |reg_13023                         |    9|          2|   32|         64|
    |reg_13061                         |    9|          2|   32|         64|
    |reg_13081                         |    9|          2|   32|         64|
    |reg_13103                         |    9|          2|   32|         64|
    |reg_13124                         |    9|          2|   32|         64|
    |reg_13143                         |    9|          2|   32|         64|
    |reg_13163                         |    9|          2|   32|         64|
    |reg_13185                         |    9|          2|   32|         64|
    |reg_13206                         |    9|          2|   32|         64|
    |reg_13227                         |    9|          2|   32|         64|
    |reg_13236                         |    9|          2|   32|         64|
    |reg_13387                         |    9|          2|   32|         64|
    |reg_13466                         |    9|          2|   32|         64|
    |reg_13478                         |    9|          2|   32|         64|
    |reg_13611                         |    9|          2|   32|         64|
    |reg_13622                         |    9|          2|   32|         64|
    |reg_13686                         |    9|          2|   32|         64|
    |reg_13776                         |    9|          2|   32|         64|
    |reg_13787                         |    9|          2|   32|         64|
    |reg_13907                         |    9|          2|   32|         64|
    |reg_13916                         |    9|          2|   32|         64|
    |reg_14008                         |    9|          2|   32|         64|
    |reg_14076                         |    9|          2|   32|         64|
    |reg_14088                         |    9|          2|   32|         64|
    |reg_14164                         |    9|          2|   32|         64|
    |reg_14172                         |    9|          2|   32|         64|
    |reg_14280                         |    9|          2|   32|         64|
    |reg_14289                         |    9|          2|   32|         64|
    |reg_14371                         |    9|          2|   32|         64|
    |reg_14380                         |    9|          2|   32|         64|
    |reg_14395                         |    9|          2|   32|         64|
    |reg_14406                         |    9|          2|   32|         64|
    |reg_14509                         |    9|          2|   32|         64|
    |reg_14532                         |    9|          2|   32|         64|
    |reg_14542                         |    9|          2|   32|         64|
    |reg_14642                         |    9|          2|   32|         64|
    |reg_14651                         |    9|          2|   32|         64|
    |reg_14758                         |    9|          2|   32|         64|
    |reg_14767                         |    9|          2|   32|         64|
    |reg_14831                         |    9|          2|   32|         64|
    |reg_14841                         |    9|          2|   32|         64|
    |reg_15681                         |    9|          2|   32|         64|
    |temp_l111_2_i2_array_47_address0  |  181|         41|    7|        287|
    |temp_l111_2_i2_array_47_address1  |  181|         41|    7|        287|
    |temp_l111_2_i2_array_48_address0  |  181|         41|    7|        287|
    |temp_l111_2_i2_array_48_address1  |  181|         41|    7|        287|
    |temp_l111_2_i2_array_49_address0  |  181|         41|    7|        287|
    |temp_l111_2_i2_array_49_address1  |  181|         41|    7|        287|
    |temp_l111_2_i2_array_50_address0  |  181|         41|    7|        287|
    |temp_l111_2_i2_array_50_address1  |  181|         41|    7|        287|
    |temp_l111_2_i2_array_51_address0  |  181|         41|    7|        287|
    |temp_l111_2_i2_array_51_address1  |  177|         40|    7|        280|
    |temp_l111_2_i2_array_52_address0  |  181|         41|    7|        287|
    |temp_l111_2_i2_array_52_address1  |  181|         41|    7|        287|
    |temp_l111_2_i2_array_53_address0  |  181|         41|    7|        287|
    |temp_l111_2_i2_array_53_address1  |  181|         41|    7|        287|
    |temp_l111_2_i2_array_54_address0  |  181|         41|    7|        287|
    |temp_l111_2_i2_array_54_address1  |  181|         41|    7|        287|
    |temp_l111_2_i2_array_55_address0  |  181|         41|    7|        287|
    |temp_l111_2_i2_array_55_address1  |  181|         41|    7|        287|
    |temp_l111_2_i2_array_56_address0  |  181|         41|    7|        287|
    |temp_l111_2_i2_array_56_address1  |  181|         41|    7|        287|
    |temp_l111_2_i2_array_57_address0  |  181|         41|    7|        287|
    |temp_l111_2_i2_array_57_address1  |  181|         41|    7|        287|
    |temp_l111_2_i2_array_58_address0  |  181|         41|    7|        287|
    |temp_l111_2_i2_array_58_address1  |  181|         41|    7|        287|
    |temp_l111_2_i2_array_59_address0  |  181|         41|    7|        287|
    |temp_l111_2_i2_array_59_address1  |  181|         41|    7|        287|
    |temp_l111_2_i2_array_60_address0  |  181|         41|    7|        287|
    |temp_l111_2_i2_array_60_address1  |  181|         41|    7|        287|
    |temp_l111_2_i2_array_61_address0  |  181|         41|    7|        287|
    |temp_l111_2_i2_array_61_address1  |  181|         41|    7|        287|
    |temp_l111_2_i2_array_address0     |  169|         38|    7|        266|
    |temp_l111_2_i2_array_address1     |  169|         38|    7|        266|
    +----------------------------------+-----+-----------+-----+-----------+
    |Total                             |17154|       3864| 5890|      87737|
    +----------------------------------+-----+-----------+-----+-----------+

    * Register: 
    +-------------------------------------+-----+----+-----+-----------+
    |                 Name                |  FF | LUT| Bits| Const Bits|
    +-------------------------------------+-----+----+-----+-----------+
    |ap_CS_fsm                            |  103|   0|  103|          0|
    |ap_done_reg                          |    1|   0|    1|          0|
    |icmp_ln2683_1_reg_23203              |    1|   0|    1|          0|
    |icmp_ln2683_reg_23198                |    1|   0|    1|          0|
    |reg_11970                            |   32|   0|   32|          0|
    |reg_11981                            |   32|   0|   32|          0|
    |reg_11992                            |   32|   0|   32|          0|
    |reg_12002                            |   32|   0|   32|          0|
    |reg_12013                            |   32|   0|   32|          0|
    |reg_12022                            |   32|   0|   32|          0|
    |reg_12034                            |   32|   0|   32|          0|
    |reg_12044                            |   32|   0|   32|          0|
    |reg_12054                            |   32|   0|   32|          0|
    |reg_12066                            |   32|   0|   32|          0|
    |reg_12079                            |   32|   0|   32|          0|
    |reg_12091                            |   32|   0|   32|          0|
    |reg_12104                            |   32|   0|   32|          0|
    |reg_12117                            |   32|   0|   32|          0|
    |reg_12128                            |   32|   0|   32|          0|
    |reg_12137                            |   32|   0|   32|          0|
    |reg_12148                            |   32|   0|   32|          0|
    |reg_12159                            |   32|   0|   32|          0|
    |reg_12170                            |   32|   0|   32|          0|
    |reg_12181                            |   32|   0|   32|          0|
    |reg_12190                            |   32|   0|   32|          0|
    |reg_12202                            |   32|   0|   32|          0|
    |reg_12215                            |   32|   0|   32|          0|
    |reg_12227                            |   32|   0|   32|          0|
    |reg_12239                            |   32|   0|   32|          0|
    |reg_12251                            |   32|   0|   32|          0|
    |reg_12261                            |   32|   0|   32|          0|
    |reg_12273                            |   32|   0|   32|          0|
    |reg_12285                            |   32|   0|   32|          0|
    |reg_12294                            |   32|   0|   32|          0|
    |reg_12304                            |   32|   0|   32|          0|
    |reg_12316                            |   32|   0|   32|          0|
    |reg_12328                            |   32|   0|   32|          0|
    |reg_12340                            |   32|   0|   32|          0|
    |reg_12349                            |   32|   0|   32|          0|
    |reg_12358                            |   32|   0|   32|          0|
    |reg_12369                            |   32|   0|   32|          0|
    |reg_12380                            |   32|   0|   32|          0|
    |reg_12393                            |   32|   0|   32|          0|
    |reg_12403                            |   32|   0|   32|          0|
    |reg_12414                            |   32|   0|   32|          0|
    |reg_12422                            |   32|   0|   32|          0|
    |reg_12430                            |   32|   0|   32|          0|
    |reg_12441                            |   32|   0|   32|          0|
    |reg_12452                            |   32|   0|   32|          0|
    |reg_12464                            |   32|   0|   32|          0|
    |reg_12475                            |   32|   0|   32|          0|
    |reg_12486                            |   32|   0|   32|          0|
    |reg_12497                            |   32|   0|   32|          0|
    |reg_12507                            |   32|   0|   32|          0|
    |reg_12518                            |   32|   0|   32|          0|
    |reg_12531                            |   32|   0|   32|          0|
    |reg_12543                            |   32|   0|   32|          0|
    |reg_12552                            |   32|   0|   32|          0|
    |reg_12561                            |   32|   0|   32|          0|
    |reg_12573                            |   32|   0|   32|          0|
    |reg_12585                            |   32|   0|   32|          0|
    |reg_12596                            |   32|   0|   32|          0|
    |reg_12607                            |   32|   0|   32|          0|
    |reg_12618                            |   32|   0|   32|          0|
    |reg_12630                            |   32|   0|   32|          0|
    |reg_12639                            |   32|   0|   32|          0|
    |reg_12648                            |   32|   0|   32|          0|
    |reg_12660                            |   32|   0|   32|          0|
    |reg_12671                            |   32|   0|   32|          0|
    |reg_12682                            |   32|   0|   32|          0|
    |reg_12694                            |   32|   0|   32|          0|
    |reg_12705                            |   32|   0|   32|          0|
    |reg_12716                            |   32|   0|   32|          0|
    |reg_12726                            |   32|   0|   32|          0|
    |reg_12736                            |   32|   0|   32|          0|
    |reg_12747                            |   32|   0|   32|          0|
    |reg_12758                            |   32|   0|   32|          0|
    |reg_12769                            |   32|   0|   32|          0|
    |reg_12779                            |   32|   0|   32|          0|
    |reg_12791                            |   32|   0|   32|          0|
    |reg_12804                            |   32|   0|   32|          0|
    |reg_12815                            |   32|   0|   32|          0|
    |reg_12826                            |   32|   0|   32|          0|
    |reg_12837                            |   32|   0|   32|          0|
    |reg_12847                            |   32|   0|   32|          0|
    |reg_12857                            |   32|   0|   32|          0|
    |reg_12868                            |   32|   0|   32|          0|
    |reg_12879                            |   32|   0|   32|          0|
    |reg_12890                            |   32|   0|   32|          0|
    |reg_12901                            |   32|   0|   32|          0|
    |reg_12912                            |   32|   0|   32|          0|
    |reg_12923                            |   32|   0|   32|          0|
    |reg_12935                            |   32|   0|   32|          0|
    |reg_12947                            |   32|   0|   32|          0|
    |reg_12957                            |   32|   0|   32|          0|
    |reg_12969                            |   32|   0|   32|          0|
    |reg_12980                            |   32|   0|   32|          0|
    |reg_12990                            |   32|   0|   32|          0|
    |reg_12999                            |   32|   0|   32|          0|
    |reg_13012                            |   32|   0|   32|          0|
    |reg_13023                            |   32|   0|   32|          0|
    |reg_13033                            |   32|   0|   32|          0|
    |reg_13041                            |   32|   0|   32|          0|
    |reg_13051                            |   32|   0|   32|          0|
    |reg_13061                            |   32|   0|   32|          0|
    |reg_13072                            |   32|   0|   32|          0|
    |reg_13081                            |   32|   0|   32|          0|
    |reg_13092                            |   32|   0|   32|          0|
    |reg_13103                            |   32|   0|   32|          0|
    |reg_13115                            |   32|   0|   32|          0|
    |reg_13124                            |   32|   0|   32|          0|
    |reg_13134                            |   32|   0|   32|          0|
    |reg_13143                            |   32|   0|   32|          0|
    |reg_13153                            |   32|   0|   32|          0|
    |reg_13163                            |   32|   0|   32|          0|
    |reg_13175                            |   32|   0|   32|          0|
    |reg_13185                            |   32|   0|   32|          0|
    |reg_13197                            |   32|   0|   32|          0|
    |reg_13206                            |   32|   0|   32|          0|
    |reg_13217                            |   32|   0|   32|          0|
    |reg_13227                            |   32|   0|   32|          0|
    |reg_13236                            |   32|   0|   32|          0|
    |reg_13245                            |   32|   0|   32|          0|
    |reg_13255                            |   32|   0|   32|          0|
    |reg_13267                            |   32|   0|   32|          0|
    |reg_13277                            |   32|   0|   32|          0|
    |reg_13290                            |   32|   0|   32|          0|
    |reg_13302                            |   32|   0|   32|          0|
    |reg_13316                            |   32|   0|   32|          0|
    |reg_13327                            |   32|   0|   32|          0|
    |reg_13342                            |   32|   0|   32|          0|
    |reg_13355                            |   32|   0|   32|          0|
    |reg_13366                            |   32|   0|   32|          0|
    |reg_13379                            |   32|   0|   32|          0|
    |reg_13387                            |   32|   0|   32|          0|
    |reg_13396                            |   32|   0|   32|          0|
    |reg_13408                            |   32|   0|   32|          0|
    |reg_13418                            |   32|   0|   32|          0|
    |reg_13430                            |   32|   0|   32|          0|
    |reg_13438                            |   32|   0|   32|          0|
    |reg_13447                            |   32|   0|   32|          0|
    |reg_13456                            |   32|   0|   32|          0|
    |reg_13466                            |   32|   0|   32|          0|
    |reg_13478                            |   32|   0|   32|          0|
    |reg_13490                            |   32|   0|   32|          0|
    |reg_13498                            |   32|   0|   32|          0|
    |reg_13508                            |   32|   0|   32|          0|
    |reg_13519                            |   32|   0|   32|          0|
    |reg_13530                            |   32|   0|   32|          0|
    |reg_13539                            |   32|   0|   32|          0|
    |reg_13548                            |   32|   0|   32|          0|
    |reg_13559                            |   32|   0|   32|          0|
    |reg_13568                            |   32|   0|   32|          0|
    |reg_13578                            |   32|   0|   32|          0|
    |reg_13587                            |   32|   0|   32|          0|
    |reg_13596                            |   32|   0|   32|          0|
    |reg_13611                            |   32|   0|   32|          0|
    |reg_13622                            |   32|   0|   32|          0|
    |reg_13633                            |   32|   0|   32|          0|
    |reg_13644                            |   32|   0|   32|          0|
    |reg_13654                            |   32|   0|   32|          0|
    |reg_13665                            |   32|   0|   32|          0|
    |reg_13675                            |   32|   0|   32|          0|
    |reg_13686                            |   32|   0|   32|          0|
    |reg_13695                            |   32|   0|   32|          0|
    |reg_13706                            |   32|   0|   32|          0|
    |reg_13715                            |   32|   0|   32|          0|
    |reg_13728                            |   32|   0|   32|          0|
    |reg_13740                            |   32|   0|   32|          0|
    |reg_13749                            |   32|   0|   32|          0|
    |reg_13759                            |   32|   0|   32|          0|
    |reg_13769                            |   32|   0|   32|          0|
    |reg_13776                            |   32|   0|   32|          0|
    |reg_13787                            |   32|   0|   32|          0|
    |reg_13798                            |   32|   0|   32|          0|
    |reg_13808                            |   32|   0|   32|          0|
    |reg_13820                            |   32|   0|   32|          0|
    |reg_13828                            |   32|   0|   32|          0|
    |reg_13837                            |   32|   0|   32|          0|
    |reg_13848                            |   32|   0|   32|          0|
    |reg_13856                            |   32|   0|   32|          0|
    |reg_13864                            |   32|   0|   32|          0|
    |reg_13872                            |   32|   0|   32|          0|
    |reg_13880                            |   32|   0|   32|          0|
    |reg_13887                            |   32|   0|   32|          0|
    |reg_13896                            |   32|   0|   32|          0|
    |reg_13907                            |   32|   0|   32|          0|
    |reg_13916                            |   32|   0|   32|          0|
    |reg_13926                            |   32|   0|   32|          0|
    |reg_13934                            |   32|   0|   32|          0|
    |reg_13946                            |   32|   0|   32|          0|
    |reg_13955                            |   32|   0|   32|          0|
    |reg_13962                            |   32|   0|   32|          0|
    |reg_13971                            |   32|   0|   32|          0|
    |reg_13981                            |   32|   0|   32|          0|
    |reg_13990                            |   32|   0|   32|          0|
    |reg_13999                            |   32|   0|   32|          0|
    |reg_14008                            |   32|   0|   32|          0|
    |reg_14016                            |   32|   0|   32|          0|
    |reg_14025                            |   32|   0|   32|          0|
    |reg_14031                            |   32|   0|   32|          0|
    |reg_14040                            |   32|   0|   32|          0|
    |reg_14051                            |   32|   0|   32|          0|
    |reg_14059                            |   32|   0|   32|          0|
    |reg_14068                            |   32|   0|   32|          0|
    |reg_14076                            |   32|   0|   32|          0|
    |reg_14088                            |   32|   0|   32|          0|
    |reg_14098                            |   32|   0|   32|          0|
    |reg_14105                            |   32|   0|   32|          0|
    |reg_14117                            |   32|   0|   32|          0|
    |reg_14125                            |   32|   0|   32|          0|
    |reg_14135                            |   32|   0|   32|          0|
    |reg_14144                            |   32|   0|   32|          0|
    |reg_14151                            |   32|   0|   32|          0|
    |reg_14158                            |   32|   0|   32|          0|
    |reg_14164                            |   32|   0|   32|          0|
    |reg_14172                            |   32|   0|   32|          0|
    |reg_14180                            |   32|   0|   32|          0|
    |reg_14187                            |   32|   0|   32|          0|
    |reg_14196                            |   32|   0|   32|          0|
    |reg_14204                            |   32|   0|   32|          0|
    |reg_14215                            |   32|   0|   32|          0|
    |reg_14223                            |   32|   0|   32|          0|
    |reg_14230                            |   32|   0|   32|          0|
    |reg_14236                            |   32|   0|   32|          0|
    |reg_14242                            |   32|   0|   32|          0|
    |reg_14249                            |   32|   0|   32|          0|
    |reg_14255                            |   32|   0|   32|          0|
    |reg_14264                            |   32|   0|   32|          0|
    |reg_14274                            |   32|   0|   32|          0|
    |reg_14280                            |   32|   0|   32|          0|
    |reg_14289                            |   32|   0|   32|          0|
    |reg_14298                            |   32|   0|   32|          0|
    |reg_14306                            |   32|   0|   32|          0|
    |reg_14314                            |   32|   0|   32|          0|
    |reg_14320                            |   32|   0|   32|          0|
    |reg_14326                            |   32|   0|   32|          0|
    |reg_14333                            |   32|   0|   32|          0|
    |reg_14339                            |   32|   0|   32|          0|
    |reg_14346                            |   32|   0|   32|          0|
    |reg_14353                            |   32|   0|   32|          0|
    |reg_14361                            |   32|   0|   32|          0|
    |reg_14371                            |   32|   0|   32|          0|
    |reg_14380                            |   32|   0|   32|          0|
    |reg_14389                            |   32|   0|   32|          0|
    |reg_14395                            |   32|   0|   32|          0|
    |reg_14406                            |   32|   0|   32|          0|
    |reg_14416                            |   32|   0|   32|          0|
    |reg_14424                            |   32|   0|   32|          0|
    |reg_14431                            |   32|   0|   32|          0|
    |reg_14438                            |   32|   0|   32|          0|
    |reg_14444                            |   32|   0|   32|          0|
    |reg_14451                            |   32|   0|   32|          0|
    |reg_14458                            |   32|   0|   32|          0|
    |reg_14464                            |   32|   0|   32|          0|
    |reg_14470                            |   32|   0|   32|          0|
    |reg_14479                            |   32|   0|   32|          0|
    |reg_14487                            |   32|   0|   32|          0|
    |reg_14493                            |   32|   0|   32|          0|
    |reg_14499                            |   32|   0|   32|          0|
    |reg_14509                            |   32|   0|   32|          0|
    |reg_14517                            |   32|   0|   32|          0|
    |reg_14525                            |   32|   0|   32|          0|
    |reg_14532                            |   32|   0|   32|          0|
    |reg_14542                            |   32|   0|   32|          0|
    |reg_14552                            |   32|   0|   32|          0|
    |reg_14560                            |   32|   0|   32|          0|
    |reg_14568                            |   32|   0|   32|          0|
    |reg_14574                            |   32|   0|   32|          0|
    |reg_14580                            |   32|   0|   32|          0|
    |reg_14587                            |   32|   0|   32|          0|
    |reg_14594                            |   32|   0|   32|          0|
    |reg_14600                            |   32|   0|   32|          0|
    |reg_14609                            |   32|   0|   32|          0|
    |reg_14618                            |   32|   0|   32|          0|
    |reg_14629                            |   32|   0|   32|          0|
    |reg_14636                            |   32|   0|   32|          0|
    |reg_14642                            |   32|   0|   32|          0|
    |reg_14651                            |   32|   0|   32|          0|
    |reg_14660                            |   32|   0|   32|          0|
    |reg_14666                            |   32|   0|   32|          0|
    |reg_14674                            |   32|   0|   32|          0|
    |reg_14680                            |   32|   0|   32|          0|
    |reg_14687                            |   32|   0|   32|          0|
    |reg_14694                            |   32|   0|   32|          0|
    |reg_14704                            |   32|   0|   32|          0|
    |reg_14715                            |   32|   0|   32|          0|
    |reg_14724                            |   32|   0|   32|          0|
    |reg_14731                            |   32|   0|   32|          0|
    |reg_14738                            |   32|   0|   32|          0|
    |reg_14746                            |   32|   0|   32|          0|
    |reg_14752                            |   32|   0|   32|          0|
    |reg_14758                            |   32|   0|   32|          0|
    |reg_14767                            |   32|   0|   32|          0|
    |reg_14776                            |   32|   0|   32|          0|
    |reg_14783                            |   32|   0|   32|          0|
    |reg_14789                            |   32|   0|   32|          0|
    |reg_14797                            |   32|   0|   32|          0|
    |reg_14805                            |   32|   0|   32|          0|
    |reg_14816                            |   32|   0|   32|          0|
    |reg_14824                            |   32|   0|   32|          0|
    |reg_14831                            |   32|   0|   32|          0|
    |reg_14841                            |   32|   0|   32|          0|
    |reg_14851                            |   32|   0|   32|          0|
    |reg_14857                            |   32|   0|   32|          0|
    |reg_14863                            |   32|   0|   32|          0|
    |reg_14869                            |   32|   0|   32|          0|
    |reg_14875                            |   32|   0|   32|          0|
    |reg_14881                            |   32|   0|   32|          0|
    |reg_14889                            |   32|   0|   32|          0|
    |reg_14898                            |   32|   0|   32|          0|
    |reg_14905                            |   32|   0|   32|          0|
    |reg_14912                            |   32|   0|   32|          0|
    |reg_14918                            |   32|   0|   32|          0|
    |reg_14924                            |   32|   0|   32|          0|
    |reg_14930                            |   32|   0|   32|          0|
    |reg_14938                            |   32|   0|   32|          0|
    |reg_14945                            |   32|   0|   32|          0|
    |reg_14951                            |   32|   0|   32|          0|
    |reg_14958                            |   32|   0|   32|          0|
    |reg_14966                            |   32|   0|   32|          0|
    |reg_14974                            |   32|   0|   32|          0|
    |reg_14980                            |   32|   0|   32|          0|
    |reg_14986                            |   32|   0|   32|          0|
    |reg_14992                            |   32|   0|   32|          0|
    |reg_14999                            |   32|   0|   32|          0|
    |reg_15005                            |   32|   0|   32|          0|
    |reg_15011                            |   32|   0|   32|          0|
    |reg_15018                            |   32|   0|   32|          0|
    |reg_15027                            |   32|   0|   32|          0|
    |reg_15038                            |   32|   0|   32|          0|
    |reg_15044                            |   32|   0|   32|          0|
    |reg_15052                            |   32|   0|   32|          0|
    |reg_15059                            |   32|   0|   32|          0|
    |reg_15068                            |   32|   0|   32|          0|
    |reg_15075                            |   32|   0|   32|          0|
    |reg_15082                            |   32|   0|   32|          0|
    |reg_15089                            |   32|   0|   32|          0|
    |reg_15096                            |   32|   0|   32|          0|
    |reg_15103                            |   32|   0|   32|          0|
    |reg_15112                            |   32|   0|   32|          0|
    |reg_15118                            |   32|   0|   32|          0|
    |reg_15126                            |   32|   0|   32|          0|
    |reg_15134                            |   32|   0|   32|          0|
    |reg_15141                            |   32|   0|   32|          0|
    |reg_15147                            |   32|   0|   32|          0|
    |reg_15154                            |   32|   0|   32|          0|
    |reg_15160                            |   32|   0|   32|          0|
    |reg_15167                            |   32|   0|   32|          0|
    |reg_15174                            |   32|   0|   32|          0|
    |reg_15180                            |   32|   0|   32|          0|
    |reg_15187                            |   32|   0|   32|          0|
    |reg_15193                            |   32|   0|   32|          0|
    |reg_15199                            |   32|   0|   32|          0|
    |reg_15205                            |   32|   0|   32|          0|
    |reg_15211                            |   32|   0|   32|          0|
    |reg_15217                            |   32|   0|   32|          0|
    |reg_15225                            |   32|   0|   32|          0|
    |reg_15232                            |   32|   0|   32|          0|
    |reg_15238                            |   32|   0|   32|          0|
    |reg_15245                            |   32|   0|   32|          0|
    |reg_15252                            |   32|   0|   32|          0|
    |reg_15258                            |   32|   0|   32|          0|
    |reg_15264                            |   32|   0|   32|          0|
    |reg_15270                            |   32|   0|   32|          0|
    |reg_15276                            |   32|   0|   32|          0|
    |reg_15282                            |   32|   0|   32|          0|
    |reg_15288                            |   32|   0|   32|          0|
    |reg_15295                            |   32|   0|   32|          0|
    |reg_15301                            |   32|   0|   32|          0|
    |reg_15308                            |   32|   0|   32|          0|
    |reg_15314                            |   32|   0|   32|          0|
    |reg_15320                            |   32|   0|   32|          0|
    |reg_15326                            |   32|   0|   32|          0|
    |reg_15332                            |   32|   0|   32|          0|
    |reg_15339                            |   32|   0|   32|          0|
    |reg_15346                            |   32|   0|   32|          0|
    |reg_15353                            |   32|   0|   32|          0|
    |reg_15359                            |   32|   0|   32|          0|
    |reg_15366                            |   32|   0|   32|          0|
    |reg_15372                            |   32|   0|   32|          0|
    |reg_15379                            |   32|   0|   32|          0|
    |reg_15385                            |   32|   0|   32|          0|
    |reg_15392                            |   32|   0|   32|          0|
    |reg_15400                            |   32|   0|   32|          0|
    |reg_15406                            |   32|   0|   32|          0|
    |reg_15413                            |   32|   0|   32|          0|
    |reg_15420                            |   32|   0|   32|          0|
    |reg_15428                            |   32|   0|   32|          0|
    |reg_15435                            |   32|   0|   32|          0|
    |reg_15441                            |   32|   0|   32|          0|
    |reg_15449                            |   32|   0|   32|          0|
    |reg_15456                            |   32|   0|   32|          0|
    |reg_15462                            |   32|   0|   32|          0|
    |reg_15469                            |   32|   0|   32|          0|
    |reg_15478                            |   32|   0|   32|          0|
    |reg_15486                            |   32|   0|   32|          0|
    |reg_15492                            |   32|   0|   32|          0|
    |reg_15498                            |   32|   0|   32|          0|
    |reg_15505                            |   32|   0|   32|          0|
    |reg_15513                            |   32|   0|   32|          0|
    |reg_15519                            |   32|   0|   32|          0|
    |reg_15525                            |   32|   0|   32|          0|
    |reg_15532                            |   32|   0|   32|          0|
    |reg_15538                            |   32|   0|   32|          0|
    |reg_15546                            |   32|   0|   32|          0|
    |reg_15553                            |   32|   0|   32|          0|
    |reg_15559                            |   32|   0|   32|          0|
    |reg_15565                            |   32|   0|   32|          0|
    |reg_15572                            |   32|   0|   32|          0|
    |reg_15579                            |   32|   0|   32|          0|
    |reg_15585                            |   32|   0|   32|          0|
    |reg_15592                            |   32|   0|   32|          0|
    |reg_15598                            |   32|   0|   32|          0|
    |reg_15604                            |   32|   0|   32|          0|
    |reg_15611                            |   32|   0|   32|          0|
    |reg_15617                            |   32|   0|   32|          0|
    |reg_15624                            |   32|   0|   32|          0|
    |reg_15631                            |   32|   0|   32|          0|
    |reg_15638                            |   32|   0|   32|          0|
    |reg_15644                            |   32|   0|   32|          0|
    |reg_15651                            |   32|   0|   32|          0|
    |reg_15657                            |   32|   0|   32|          0|
    |reg_15663                            |   32|   0|   32|          0|
    |reg_15669                            |   32|   0|   32|          0|
    |reg_15675                            |   32|   0|   32|          0|
    |reg_15681                            |   32|   0|   32|          0|
    |reg_15687                            |   32|   0|   32|          0|
    |reg_15693                            |   32|   0|   32|          0|
    |reg_15699                            |   32|   0|   32|          0|
    |reg_15706                            |   32|   0|   32|          0|
    |reg_15712                            |   32|   0|   32|          0|
    |reg_15718                            |   32|   0|   32|          0|
    |reg_15724                            |   32|   0|   32|          0|
    |reg_15731                            |   32|   0|   32|          0|
    |reg_15737                            |   32|   0|   32|          0|
    |reg_15743                            |   32|   0|   32|          0|
    |reg_15750                            |   32|   0|   32|          0|
    |reg_15757                            |   32|   0|   32|          0|
    |reg_15764                            |   32|   0|   32|          0|
    |reg_15770                            |   32|   0|   32|          0|
    |reg_15777                            |   32|   0|   32|          0|
    |reg_15783                            |   32|   0|   32|          0|
    |reg_15790                            |   32|   0|   32|          0|
    |reg_15797                            |   32|   0|   32|          0|
    |reg_15803                            |   32|   0|   32|          0|
    |reg_15810                            |   32|   0|   32|          0|
    |reg_15816                            |   32|   0|   32|          0|
    |reg_15822                            |   32|   0|   32|          0|
    |reg_15828                            |   32|   0|   32|          0|
    |reg_15835                            |   32|   0|   32|          0|
    |reg_15841                            |   32|   0|   32|          0|
    |reg_15848                            |   32|   0|   32|          0|
    |reg_15854                            |   32|   0|   32|          0|
    |reg_15860                            |   32|   0|   32|          0|
    |reg_15866                            |   32|   0|   32|          0|
    |reg_15872                            |   32|   0|   32|          0|
    |sum_w1001_reg_22853                  |   32|   0|   32|          0|
    |sum_w1025_reg_21798                  |   32|   0|   32|          0|
    |sum_w1028_reg_22558                  |   32|   0|   32|          0|
    |sum_w1031_reg_21993                  |   32|   0|   32|          0|
    |sum_w1032_reg_23038                  |   32|   0|   32|          0|
    |sum_w1034_reg_22618                  |   32|   0|   32|          0|
    |sum_w1039_reg_20873                  |   32|   0|   32|          0|
    |sum_w1044_reg_22928                  |   32|   0|   32|          0|
    |sum_w1055_reg_22628                  |   32|   0|   32|          0|
    |sum_w105_reg_23183                   |   32|   0|   32|          0|
    |sum_w1063_reg_23023                  |   32|   0|   32|          0|
    |sum_w1066_reg_19763                  |   32|   0|   32|          0|
    |sum_w1088_reg_20328                  |   32|   0|   32|          0|
    |sum_w1098_reg_20698                  |   32|   0|   32|          0|
    |sum_w10_reg_20138                    |   32|   0|   32|          0|
    |sum_w1102_reg_22848                  |   32|   0|   32|          0|
    |sum_w1105_reg_22773                  |   32|   0|   32|          0|
    |sum_w1107_reg_19588                  |   32|   0|   32|          0|
    |sum_w1112_reg_20668                  |   32|   0|   32|          0|
    |sum_w1113_reg_21618                  |   32|   0|   32|          0|
    |sum_w1114_reg_22608                  |   32|   0|   32|          0|
    |sum_w1121_reg_18178                  |   32|   0|   32|          0|
    |sum_w1123_reg_22798                  |   32|   0|   32|          0|
    |sum_w1147_reg_19323                  |   32|   0|   32|          0|
    |sum_w115_reg_19128                   |   32|   0|   32|          0|
    |sum_w1165_reg_19583                  |   32|   0|   32|          0|
    |sum_w1172_reg_19613                  |   32|   0|   32|          0|
    |sum_w1181_reg_17673                  |   32|   0|   32|          0|
    |sum_w1183_reg_19263                  |   32|   0|   32|          0|
    |sum_w1186_reg_23188                  |   32|   0|   32|          0|
    |sum_w118_reg_17683                   |   32|   0|   32|          0|
    |sum_w1198_reg_22788                  |   32|   0|   32|          0|
    |sum_w1202_reg_22373                  |   32|   0|   32|          0|
    |sum_w1205_reg_21628                  |   32|   0|   32|          0|
    |sum_w121_reg_19798                   |   32|   0|   32|          0|
    |sum_w1229_reg_20558                  |   32|   0|   32|          0|
    |sum_w1231_reg_21413                  |   32|   0|   32|          0|
    |sum_w1247_reg_22698                  |   32|   0|   32|          0|
    |sum_w1251_reg_22948                  |   32|   0|   32|          0|
    |sum_w127_reg_20868                   |   32|   0|   32|          0|
    |sum_w131_reg_20683                   |   32|   0|   32|          0|
    |sum_w144_reg_19423                   |   32|   0|   32|          0|
    |sum_w148_reg_22763                   |   32|   0|   32|          0|
    |sum_w158_reg_19793                   |   32|   0|   32|          0|
    |sum_w159_reg_20673                   |   32|   0|   32|          0|
    |sum_w164_reg_22708                   |   32|   0|   32|          0|
    |sum_w166_reg_19063                   |   32|   0|   32|          0|
    |sum_w168_reg_23013                   |   32|   0|   32|          0|
    |sum_w189_reg_19043                   |   32|   0|   32|          0|
    |sum_w192_reg_18663                   |   32|   0|   32|          0|
    |sum_w203_reg_19498                   |   32|   0|   32|          0|
    |sum_w210_reg_22858                   |   32|   0|   32|          0|
    |sum_w221_reg_17998                   |   32|   0|   32|          0|
    |sum_w235_reg_22933                   |   32|   0|   32|          0|
    |sum_w246_reg_21998                   |   32|   0|   32|          0|
    |sum_w247_reg_22178                   |   32|   0|   32|          0|
    |sum_w261_reg_21228                   |   32|   0|   32|          0|
    |sum_w280_reg_22803                   |   32|   0|   32|          0|
    |sum_w28_reg_22938                    |   32|   0|   32|          0|
    |sum_w299_reg_22778                   |   32|   0|   32|          0|
    |sum_w29_reg_21803                    |   32|   0|   32|          0|
    |sum_w303_reg_20478                   |   32|   0|   32|          0|
    |sum_w316_reg_22633                   |   32|   0|   32|          0|
    |sum_w31_reg_20143                    |   32|   0|   32|          0|
    |sum_w321_reg_19678                   |   32|   0|   32|          0|
    |sum_w322_reg_22678                   |   32|   0|   32|          0|
    |sum_w329_reg_20483                   |   32|   0|   32|          0|
    |sum_w336_reg_21048                   |   32|   0|   32|          0|
    |sum_w340_reg_21053                   |   32|   0|   32|          0|
    |sum_w343_reg_21418                   |   32|   0|   32|          0|
    |sum_w346_reg_22693                   |   32|   0|   32|          0|
    |sum_w354_reg_18483                   |   32|   0|   32|          0|
    |sum_w357_reg_21403                   |   32|   0|   32|          0|
    |sum_w360_reg_20308                   |   32|   0|   32|          0|
    |sum_w371_reg_20718                   |   32|   0|   32|          0|
    |sum_w378_reg_18528                   |   32|   0|   32|          0|
    |sum_w37_reg_19208                    |   32|   0|   32|          0|
    |sum_w381_reg_22768                   |   32|   0|   32|          0|
    |sum_w383_reg_20283                   |   32|   0|   32|          0|
    |sum_w390_reg_18853                   |   32|   0|   32|          0|
    |sum_w392_reg_19418                   |   32|   0|   32|          0|
    |sum_w3_reg_22683                     |   32|   0|   32|          0|
    |sum_w401_reg_19393                   |   32|   0|   32|          0|
    |sum_w408_reg_21848                   |   32|   0|   32|          0|
    |sum_w415_reg_22918                   |   32|   0|   32|          0|
    |sum_w416_reg_22753                   |   32|   0|   32|          0|
    |sum_w42_reg_21793                    |   32|   0|   32|          0|
    |sum_w432_reg_18518                   |   32|   0|   32|          0|
    |sum_w43_reg_22703                    |   32|   0|   32|          0|
    |sum_w449_reg_22553                   |   32|   0|   32|          0|
    |sum_w467_reg_22548                   |   32|   0|   32|          0|
    |sum_w476_reg_22368                   |   32|   0|   32|          0|
    |sum_w484_reg_20133                   |   32|   0|   32|          0|
    |sum_w488_reg_22563                   |   32|   0|   32|          0|
    |sum_w495_reg_21813                   |   32|   0|   32|          0|
    |sum_w497_reg_22378                   |   32|   0|   32|          0|
    |sum_w500_reg_20493                   |   32|   0|   32|          0|
    |sum_w503_reg_20498                   |   32|   0|   32|          0|
    |sum_w504_reg_19618                   |   32|   0|   32|          0|
    |sum_w509_reg_19058                   |   32|   0|   32|          0|
    |sum_w513_reg_23008                   |   32|   0|   32|          0|
    |sum_w51_reg_21808                    |   32|   0|   32|          0|
    |sum_w521_reg_18703                   |   32|   0|   32|          0|
    |sum_w525_reg_19578                   |   32|   0|   32|          0|
    |sum_w533_reg_20688                   |   32|   0|   32|          0|
    |sum_w539_reg_17848                   |   32|   0|   32|          0|
    |sum_w546_reg_23028                   |   32|   0|   32|          0|
    |sum_w552_reg_18348                   |   32|   0|   32|          0|
    |sum_w559_reg_21508                   |   32|   0|   32|          0|
    |sum_w561_reg_20393                   |   32|   0|   32|          0|
    |sum_w576_reg_21623                   |   32|   0|   32|          0|
    |sum_w577_reg_22958                   |   32|   0|   32|          0|
    |sum_w587_reg_23018                   |   32|   0|   32|          0|
    |sum_w595_reg_21223                   |   32|   0|   32|          0|
    |sum_w610_reg_19943                   |   32|   0|   32|          0|
    |sum_w615_reg_19233                   |   32|   0|   32|          0|
    |sum_w618_reg_21988                   |   32|   0|   32|          0|
    |sum_w624_reg_18343                   |   32|   0|   32|          0|
    |sum_w628_reg_22943                   |   32|   0|   32|          0|
    |sum_w648_reg_18708                   |   32|   0|   32|          0|
    |sum_w655_reg_21613                   |   32|   0|   32|          0|
    |sum_w666_reg_22173                   |   32|   0|   32|          0|
    |sum_w674_reg_22613                   |   32|   0|   32|          0|
    |sum_w681_reg_22358                   |   32|   0|   32|          0|
    |sum_w690_reg_20878                   |   32|   0|   32|          0|
    |sum_w695_reg_20598                   |   32|   0|   32|          0|
    |sum_w699_reg_22953                   |   32|   0|   32|          0|
    |sum_w704_reg_20863                   |   32|   0|   32|          0|
    |sum_w709_reg_21218                   |   32|   0|   32|          0|
    |sum_w712_reg_22688                   |   32|   0|   32|          0|
    |sum_w718_reg_21428                   |   32|   0|   32|          0|
    |sum_w726_reg_22783                   |   32|   0|   32|          0|
    |sum_w746_reg_23118                   |   32|   0|   32|          0|
    |sum_w752_reg_23003                   |   32|   0|   32|          0|
    |sum_w756_reg_22543                   |   32|   0|   32|          0|
    |sum_w769_reg_18523                   |   32|   0|   32|          0|
    |sum_w770_reg_21983                   |   32|   0|   32|          0|
    |sum_w780_reg_21233                   |   32|   0|   32|          0|
    |sum_w796_reg_22008                   |   32|   0|   32|          0|
    |sum_w7_reg_20293                     |   32|   0|   32|          0|
    |sum_w803_reg_22758                   |   32|   0|   32|          0|
    |sum_w807_reg_21503                   |   32|   0|   32|          0|
    |sum_w816_reg_17678                   |   32|   0|   32|          0|
    |sum_w81_reg_20693                    |   32|   0|   32|          0|
    |sum_w821_reg_20278                   |   32|   0|   32|          0|
    |sum_w824_reg_22188                   |   32|   0|   32|          0|
    |sum_w826_reg_20363                   |   32|   0|   32|          0|
    |sum_w832_reg_20923                   |   32|   0|   32|          0|
    |sum_w836_reg_21423                   |   32|   0|   32|          0|
    |sum_w840_reg_22183                   |   32|   0|   32|          0|
    |sum_w843_reg_22863                   |   32|   0|   32|          0|
    |sum_w84_reg_22363                    |   32|   0|   32|          0|
    |sum_w851_reg_19768                   |   32|   0|   32|          0|
    |sum_w853_reg_22623                   |   32|   0|   32|          0|
    |sum_w862_reg_22868                   |   32|   0|   32|          0|
    |sum_w863_reg_23083                   |   32|   0|   32|          0|
    |sum_w868_reg_18138                   |   32|   0|   32|          0|
    |sum_w877_reg_22353                   |   32|   0|   32|          0|
    |sum_w880_reg_18013                   |   32|   0|   32|          0|
    |sum_w902_reg_22003                   |   32|   0|   32|          0|
    |sum_w910_reg_22878                   |   32|   0|   32|          0|
    |sum_w924_reg_19243                   |   32|   0|   32|          0|
    |sum_w927_reg_21408                   |   32|   0|   32|          0|
    |sum_w930_reg_18698                   |   32|   0|   32|          0|
    |sum_w936_reg_23033                   |   32|   0|   32|          0|
    |sum_w939_reg_22923                   |   32|   0|   32|          0|
    |sum_w949_reg_22793                   |   32|   0|   32|          0|
    |sum_w965_reg_19238                   |   32|   0|   32|          0|
    |sum_w983_reg_18338                   |   32|   0|   32|          0|
    |sum_w985_reg_22873                   |   32|   0|   32|          0|
    |sum_w988_reg_18888                   |   32|   0|   32|          0|
    |sum_w994_reg_20313                   |   32|   0|   32|          0|
    |temp_l111_2_i2_array_1092_reg_18723  |   32|   0|   32|          0|
    |temp_l111_2_i2_array_1094_reg_18728  |   32|   0|   32|          0|
    |temp_l111_2_i2_array_1659_reg_21638  |   32|   0|   32|          0|
    |temp_l111_2_i2_array_1773_reg_21268  |   32|   0|   32|          0|
    |temp_l111_2_i2_array_178_reg_16102   |   32|   0|   32|          0|
    |temp_l111_2_i2_array_1844_reg_21473  |   32|   0|   32|          0|
    |temp_l111_2_i2_array_2265_reg_21568  |   32|   0|   32|          0|
    |temp_l111_2_i2_array_670_reg_16968   |   32|   0|   32|          0|
    |temp_l111_2_i2_array_716_reg_16763   |   32|   0|   32|          0|
    +-------------------------------------+-----+----+-----+-----------+
    |Total                                |20394|   0|20394|          0|
    +-------------------------------------+-----+----+-----+-----------+



================================================================
== Interface
================================================================
* Summary: 
+----------------------------------+-----+-----+------------+-------------------------+--------------+
|             RTL Ports            | Dir | Bits|  Protocol  |      Source Object      |    C Type    |
+----------------------------------+-----+-----+------------+-------------------------+--------------+
|ap_clk                            |  in |    1| ap_ctrl_hs |         epilogue        | return value |
|ap_rst                            |  in |    1| ap_ctrl_hs |         epilogue        | return value |
|ap_start                          |  in |    1| ap_ctrl_hs |         epilogue        | return value |
|ap_done                           | out |    1| ap_ctrl_hs |         epilogue        | return value |
|ap_continue                       |  in |    1| ap_ctrl_hs |         epilogue        | return value |
|ap_idle                           | out |    1| ap_ctrl_hs |         epilogue        | return value |
|ap_ready                          | out |    1| ap_ctrl_hs |         epilogue        | return value |
|temp_l111_2_i2_array_address0     | out |    7|  ap_memory |   temp_l111_2_i2_array  |     array    |
|temp_l111_2_i2_array_ce0          | out |    1|  ap_memory |   temp_l111_2_i2_array  |     array    |
|temp_l111_2_i2_array_q0           |  in |   32|  ap_memory |   temp_l111_2_i2_array  |     array    |
|temp_l111_2_i2_array_address1     | out |    7|  ap_memory |   temp_l111_2_i2_array  |     array    |
|temp_l111_2_i2_array_ce1          | out |    1|  ap_memory |   temp_l111_2_i2_array  |     array    |
|temp_l111_2_i2_array_q1           |  in |   32|  ap_memory |   temp_l111_2_i2_array  |     array    |
|temp_l111_2_i2_array_47_address0  | out |    7|  ap_memory | temp_l111_2_i2_array_47 |     array    |
|temp_l111_2_i2_array_47_ce0       | out |    1|  ap_memory | temp_l111_2_i2_array_47 |     array    |
|temp_l111_2_i2_array_47_q0        |  in |   32|  ap_memory | temp_l111_2_i2_array_47 |     array    |
|temp_l111_2_i2_array_47_address1  | out |    7|  ap_memory | temp_l111_2_i2_array_47 |     array    |
|temp_l111_2_i2_array_47_ce1       | out |    1|  ap_memory | temp_l111_2_i2_array_47 |     array    |
|temp_l111_2_i2_array_47_q1        |  in |   32|  ap_memory | temp_l111_2_i2_array_47 |     array    |
|temp_l111_2_i2_array_48_address0  | out |    7|  ap_memory | temp_l111_2_i2_array_48 |     array    |
|temp_l111_2_i2_array_48_ce0       | out |    1|  ap_memory | temp_l111_2_i2_array_48 |     array    |
|temp_l111_2_i2_array_48_q0        |  in |   32|  ap_memory | temp_l111_2_i2_array_48 |     array    |
|temp_l111_2_i2_array_48_address1  | out |    7|  ap_memory | temp_l111_2_i2_array_48 |     array    |
|temp_l111_2_i2_array_48_ce1       | out |    1|  ap_memory | temp_l111_2_i2_array_48 |     array    |
|temp_l111_2_i2_array_48_q1        |  in |   32|  ap_memory | temp_l111_2_i2_array_48 |     array    |
|temp_l111_2_i2_array_49_address0  | out |    7|  ap_memory | temp_l111_2_i2_array_49 |     array    |
|temp_l111_2_i2_array_49_ce0       | out |    1|  ap_memory | temp_l111_2_i2_array_49 |     array    |
|temp_l111_2_i2_array_49_q0        |  in |   32|  ap_memory | temp_l111_2_i2_array_49 |     array    |
|temp_l111_2_i2_array_49_address1  | out |    7|  ap_memory | temp_l111_2_i2_array_49 |     array    |
|temp_l111_2_i2_array_49_ce1       | out |    1|  ap_memory | temp_l111_2_i2_array_49 |     array    |
|temp_l111_2_i2_array_49_q1        |  in |   32|  ap_memory | temp_l111_2_i2_array_49 |     array    |
|temp_l111_2_i2_array_50_address0  | out |    7|  ap_memory | temp_l111_2_i2_array_50 |     array    |
|temp_l111_2_i2_array_50_ce0       | out |    1|  ap_memory | temp_l111_2_i2_array_50 |     array    |
|temp_l111_2_i2_array_50_q0        |  in |   32|  ap_memory | temp_l111_2_i2_array_50 |     array    |
|temp_l111_2_i2_array_50_address1  | out |    7|  ap_memory | temp_l111_2_i2_array_50 |     array    |
|temp_l111_2_i2_array_50_ce1       | out |    1|  ap_memory | temp_l111_2_i2_array_50 |     array    |
|temp_l111_2_i2_array_50_q1        |  in |   32|  ap_memory | temp_l111_2_i2_array_50 |     array    |
|temp_l111_2_i2_array_51_address0  | out |    7|  ap_memory | temp_l111_2_i2_array_51 |     array    |
|temp_l111_2_i2_array_51_ce0       | out |    1|  ap_memory | temp_l111_2_i2_array_51 |     array    |
|temp_l111_2_i2_array_51_q0        |  in |   32|  ap_memory | temp_l111_2_i2_array_51 |     array    |
|temp_l111_2_i2_array_51_address1  | out |    7|  ap_memory | temp_l111_2_i2_array_51 |     array    |
|temp_l111_2_i2_array_51_ce1       | out |    1|  ap_memory | temp_l111_2_i2_array_51 |     array    |
|temp_l111_2_i2_array_51_q1        |  in |   32|  ap_memory | temp_l111_2_i2_array_51 |     array    |
|temp_l111_2_i2_array_52_address0  | out |    7|  ap_memory | temp_l111_2_i2_array_52 |     array    |
|temp_l111_2_i2_array_52_ce0       | out |    1|  ap_memory | temp_l111_2_i2_array_52 |     array    |
|temp_l111_2_i2_array_52_q0        |  in |   32|  ap_memory | temp_l111_2_i2_array_52 |     array    |
|temp_l111_2_i2_array_52_address1  | out |    7|  ap_memory | temp_l111_2_i2_array_52 |     array    |
|temp_l111_2_i2_array_52_ce1       | out |    1|  ap_memory | temp_l111_2_i2_array_52 |     array    |
|temp_l111_2_i2_array_52_q1        |  in |   32|  ap_memory | temp_l111_2_i2_array_52 |     array    |
|temp_l111_2_i2_array_53_address0  | out |    7|  ap_memory | temp_l111_2_i2_array_53 |     array    |
|temp_l111_2_i2_array_53_ce0       | out |    1|  ap_memory | temp_l111_2_i2_array_53 |     array    |
|temp_l111_2_i2_array_53_q0        |  in |   32|  ap_memory | temp_l111_2_i2_array_53 |     array    |
|temp_l111_2_i2_array_53_address1  | out |    7|  ap_memory | temp_l111_2_i2_array_53 |     array    |
|temp_l111_2_i2_array_53_ce1       | out |    1|  ap_memory | temp_l111_2_i2_array_53 |     array    |
|temp_l111_2_i2_array_53_q1        |  in |   32|  ap_memory | temp_l111_2_i2_array_53 |     array    |
|temp_l111_2_i2_array_54_address0  | out |    7|  ap_memory | temp_l111_2_i2_array_54 |     array    |
|temp_l111_2_i2_array_54_ce0       | out |    1|  ap_memory | temp_l111_2_i2_array_54 |     array    |
|temp_l111_2_i2_array_54_q0        |  in |   32|  ap_memory | temp_l111_2_i2_array_54 |     array    |
|temp_l111_2_i2_array_54_address1  | out |    7|  ap_memory | temp_l111_2_i2_array_54 |     array    |
|temp_l111_2_i2_array_54_ce1       | out |    1|  ap_memory | temp_l111_2_i2_array_54 |     array    |
|temp_l111_2_i2_array_54_q1        |  in |   32|  ap_memory | temp_l111_2_i2_array_54 |     array    |
|temp_l111_2_i2_array_55_address0  | out |    7|  ap_memory | temp_l111_2_i2_array_55 |     array    |
|temp_l111_2_i2_array_55_ce0       | out |    1|  ap_memory | temp_l111_2_i2_array_55 |     array    |
|temp_l111_2_i2_array_55_q0        |  in |   32|  ap_memory | temp_l111_2_i2_array_55 |     array    |
|temp_l111_2_i2_array_55_address1  | out |    7|  ap_memory | temp_l111_2_i2_array_55 |     array    |
|temp_l111_2_i2_array_55_ce1       | out |    1|  ap_memory | temp_l111_2_i2_array_55 |     array    |
|temp_l111_2_i2_array_55_q1        |  in |   32|  ap_memory | temp_l111_2_i2_array_55 |     array    |
|temp_l111_2_i2_array_56_address0  | out |    7|  ap_memory | temp_l111_2_i2_array_56 |     array    |
|temp_l111_2_i2_array_56_ce0       | out |    1|  ap_memory | temp_l111_2_i2_array_56 |     array    |
|temp_l111_2_i2_array_56_q0        |  in |   32|  ap_memory | temp_l111_2_i2_array_56 |     array    |
|temp_l111_2_i2_array_56_address1  | out |    7|  ap_memory | temp_l111_2_i2_array_56 |     array    |
|temp_l111_2_i2_array_56_ce1       | out |    1|  ap_memory | temp_l111_2_i2_array_56 |     array    |
|temp_l111_2_i2_array_56_q1        |  in |   32|  ap_memory | temp_l111_2_i2_array_56 |     array    |
|temp_l111_2_i2_array_57_address0  | out |    7|  ap_memory | temp_l111_2_i2_array_57 |     array    |
|temp_l111_2_i2_array_57_ce0       | out |    1|  ap_memory | temp_l111_2_i2_array_57 |     array    |
|temp_l111_2_i2_array_57_q0        |  in |   32|  ap_memory | temp_l111_2_i2_array_57 |     array    |
|temp_l111_2_i2_array_57_address1  | out |    7|  ap_memory | temp_l111_2_i2_array_57 |     array    |
|temp_l111_2_i2_array_57_ce1       | out |    1|  ap_memory | temp_l111_2_i2_array_57 |     array    |
|temp_l111_2_i2_array_57_q1        |  in |   32|  ap_memory | temp_l111_2_i2_array_57 |     array    |
|temp_l111_2_i2_array_58_address0  | out |    7|  ap_memory | temp_l111_2_i2_array_58 |     array    |
|temp_l111_2_i2_array_58_ce0       | out |    1|  ap_memory | temp_l111_2_i2_array_58 |     array    |
|temp_l111_2_i2_array_58_q0        |  in |   32|  ap_memory | temp_l111_2_i2_array_58 |     array    |
|temp_l111_2_i2_array_58_address1  | out |    7|  ap_memory | temp_l111_2_i2_array_58 |     array    |
|temp_l111_2_i2_array_58_ce1       | out |    1|  ap_memory | temp_l111_2_i2_array_58 |     array    |
|temp_l111_2_i2_array_58_q1        |  in |   32|  ap_memory | temp_l111_2_i2_array_58 |     array    |
|temp_l111_2_i2_array_59_address0  | out |    7|  ap_memory | temp_l111_2_i2_array_59 |     array    |
|temp_l111_2_i2_array_59_ce0       | out |    1|  ap_memory | temp_l111_2_i2_array_59 |     array    |
|temp_l111_2_i2_array_59_q0        |  in |   32|  ap_memory | temp_l111_2_i2_array_59 |     array    |
|temp_l111_2_i2_array_59_address1  | out |    7|  ap_memory | temp_l111_2_i2_array_59 |     array    |
|temp_l111_2_i2_array_59_ce1       | out |    1|  ap_memory | temp_l111_2_i2_array_59 |     array    |
|temp_l111_2_i2_array_59_q1        |  in |   32|  ap_memory | temp_l111_2_i2_array_59 |     array    |
|temp_l111_2_i2_array_60_address0  | out |    7|  ap_memory | temp_l111_2_i2_array_60 |     array    |
|temp_l111_2_i2_array_60_ce0       | out |    1|  ap_memory | temp_l111_2_i2_array_60 |     array    |
|temp_l111_2_i2_array_60_q0        |  in |   32|  ap_memory | temp_l111_2_i2_array_60 |     array    |
|temp_l111_2_i2_array_60_address1  | out |    7|  ap_memory | temp_l111_2_i2_array_60 |     array    |
|temp_l111_2_i2_array_60_ce1       | out |    1|  ap_memory | temp_l111_2_i2_array_60 |     array    |
|temp_l111_2_i2_array_60_q1        |  in |   32|  ap_memory | temp_l111_2_i2_array_60 |     array    |
|temp_l111_2_i2_array_61_address0  | out |    7|  ap_memory | temp_l111_2_i2_array_61 |     array    |
|temp_l111_2_i2_array_61_ce0       | out |    1|  ap_memory | temp_l111_2_i2_array_61 |     array    |
|temp_l111_2_i2_array_61_q0        |  in |   32|  ap_memory | temp_l111_2_i2_array_61 |     array    |
|temp_l111_2_i2_array_61_address1  | out |    7|  ap_memory | temp_l111_2_i2_array_61 |     array    |
|temp_l111_2_i2_array_61_ce1       | out |    1|  ap_memory | temp_l111_2_i2_array_61 |     array    |
|temp_l111_2_i2_array_61_q1        |  in |   32|  ap_memory | temp_l111_2_i2_array_61 |     array    |
|y                                 | out |   32|   ap_vld   |            y            |    pointer   |
|y_ap_vld                          | out |    1|   ap_vld   |            y            |    pointer   |
+----------------------------------+-----+-----+------------+-------------------------+--------------+

