

================================================================
== Vivado HLS Report for 'parallel_022'
================================================================
* Date:           Sat Aug 22 15:33:54 2020

* Version:        2019.2 (Build 2704478 on Wed Nov 06 22:10:23 MST 2019)
* Project:        knn
* Solution:       solution1
* Product family: zynq
* Target device:  xc7z020-clg484-1


================================================================
== Performance Estimates
================================================================
+ Timing: 
    * Summary: 
    +--------+----------+----------+------------+
    |  Clock |  Target  | Estimated| Uncertainty|
    +--------+----------+----------+------------+
    |ap_clk  | 10.00 ns | 9.433 ns |   1.25 ns  |
    +--------+----------+----------+------------+

+ Latency: 
    * Summary: 
    +---------+---------+----------+----------+-----+-----+---------+
    |  Latency (cycles) |  Latency (absolute) |  Interval | Pipeline|
    |   min   |   max   |    min   |    max   | min | max |   Type  |
    +---------+---------+----------+----------+-----+-----+---------+
    |      643|      643| 6.430 us | 6.430 us |  643|  643|   none  |
    +---------+---------+----------+----------+-----+-----+---------+

    + Detail: 
        * Instance: 
        N/A

        * Loop: 
        +----------+---------+---------+----------+-----------+-----------+------+----------+
        |          |  Latency (cycles) | Iteration|  Initiation Interval  | Trip |          |
        | Loop Name|   min   |   max   |  Latency |  achieved |   target  | Count| Pipelined|
        +----------+---------+---------+----------+-----------+-----------+------+----------+
        |- Loop 1  |      641|      641|       578|         64|          1|     2|    yes   |
        +----------+---------+---------+----------+-----------+-----------+------+----------+



================================================================
== Utilization Estimates
================================================================
* Summary: 
+-----------------+---------+-------+--------+-------+-----+
|       Name      | BRAM_18K| DSP48E|   FF   |  LUT  | URAM|
+-----------------+---------+-------+--------+-------+-----+
|DSP              |        -|      -|       -|      -|    -|
|Expression       |        -|      -|       0|   1166|    -|
|FIFO             |        -|      -|       -|      -|    -|
|Instance         |        -|     16|    2347|   5027|    -|
|Memory           |        -|      -|       -|      -|    -|
|Multiplexer      |        -|      -|       -|   3642|    -|
|Register         |        0|      -|   17876|   1792|    -|
+-----------------+---------+-------+--------+-------+-----+
|Total            |        0|     16|   20223|  11627|    0|
+-----------------+---------+-------+--------+-------+-----+
|Available        |      280|    220|  106400|  53200|    0|
+-----------------+---------+-------+--------+-------+-----+
|Utilization (%)  |        0|      7|      19|     21|    0|
+-----------------+---------+-------+--------+-------+-----+

+ Detail: 
    * Instance: 
    +---------------------------+----------------------+---------+-------+-----+------+-----+
    |          Instance         |        Module        | BRAM_18K| DSP48E|  FF |  LUT | URAM|
    +---------------------------+----------------------+---------+-------+-----+------+-----+
    |knn_8p128f_4paralbkb_U787  |knn_8p128f_4paralbkb  |        0|      2|  205|   390|    0|
    |knn_8p128f_4paralbkb_U788  |knn_8p128f_4paralbkb  |        0|      2|  205|   390|    0|
    |knn_8p128f_4paralcud_U789  |knn_8p128f_4paralcud  |        0|      3|  143|   321|    0|
    |knn_8p128f_4paralcud_U790  |knn_8p128f_4paralcud  |        0|      3|  143|   321|    0|
    |knn_8p128f_4paraldEe_U791  |knn_8p128f_4paraldEe  |        0|      0|  128|   277|    0|
    |knn_8p128f_4paraldEe_U792  |knn_8p128f_4paraldEe  |        0|      0|  128|   277|    0|
    |knn_8p128f_4paraleOg_U793  |knn_8p128f_4paraleOg  |        0|      0|  100|   138|    0|
    |knn_8p128f_4paralfYi_U794  |knn_8p128f_4paralfYi  |        0|      0|  405|   615|    0|
    |knn_8p128f_4paralg8j_U795  |knn_8p128f_4paralg8j  |        0|      3|  445|  1149|    0|
    |knn_8p128f_4paralg8j_U796  |knn_8p128f_4paralg8j  |        0|      3|  445|  1149|    0|
    +---------------------------+----------------------+---------+-------+-----+------+-----+
    |Total                      |                      |        0|     16| 2347|  5027|    0|
    +---------------------------+----------------------+---------+-------+-----+------+-----+

    * DSP48E: 
    N/A

    * Memory: 
    N/A

    * FIFO: 
    N/A

    * Expression: 
    +-----------------------+----------+-------+---+----+------------+------------+
    |     Variable Name     | Operation| DSP48E| FF| LUT| Bitwidth P0| Bitwidth P1|
    +-----------------------+----------+-------+---+----+------------+------------+
    |i_fu_4063_p2           |     +    |      0|  0|  10|           2|           1|
    |icmp_ln271_fu_4057_p2  |   icmp   |      0|  0|   9|           2|           3|
    |ap_block_state1        |    or    |      0|  0|   2|           1|           1|
    |or_ln276_fu_4082_p2    |    or    |      0|  0|   9|           9|           1|
    |or_ln277_fu_4097_p2    |    or    |      0|  0|   9|           9|           2|
    |or_ln278_fu_4111_p2    |    or    |      0|  0|   9|           9|           2|
    |or_ln279_fu_4125_p2    |    or    |      0|  0|   9|           9|           3|
    |or_ln280_fu_4139_p2    |    or    |      0|  0|   9|           9|           3|
    |or_ln281_fu_4153_p2    |    or    |      0|  0|   9|           9|           3|
    |or_ln282_fu_4167_p2    |    or    |      0|  0|   9|           9|           3|
    |or_ln283_fu_4181_p2    |    or    |      0|  0|   9|           9|           4|
    |or_ln284_fu_4195_p2    |    or    |      0|  0|   9|           9|           4|
    |or_ln285_fu_4209_p2    |    or    |      0|  0|   9|           9|           4|
    |or_ln286_fu_4223_p2    |    or    |      0|  0|   9|           9|           4|
    |or_ln287_fu_4237_p2    |    or    |      0|  0|   9|           9|           4|
    |or_ln288_fu_4251_p2    |    or    |      0|  0|   9|           9|           4|
    |or_ln289_fu_4265_p2    |    or    |      0|  0|   9|           9|           4|
    |or_ln290_fu_4279_p2    |    or    |      0|  0|   9|           9|           4|
    |or_ln291_fu_4293_p2    |    or    |      0|  0|   9|           9|           5|
    |or_ln292_fu_4307_p2    |    or    |      0|  0|   9|           9|           5|
    |or_ln293_fu_4321_p2    |    or    |      0|  0|   9|           9|           5|
    |or_ln294_fu_4335_p2    |    or    |      0|  0|   9|           9|           5|
    |or_ln295_fu_4349_p2    |    or    |      0|  0|   9|           9|           5|
    |or_ln296_fu_4363_p2    |    or    |      0|  0|   9|           9|           5|
    |or_ln297_fu_4377_p2    |    or    |      0|  0|   9|           9|           5|
    |or_ln298_fu_4391_p2    |    or    |      0|  0|   9|           9|           5|
    |or_ln299_fu_4405_p2    |    or    |      0|  0|   9|           9|           5|
    |or_ln300_fu_4419_p2    |    or    |      0|  0|   9|           9|           5|
    |or_ln301_fu_4433_p2    |    or    |      0|  0|   9|           9|           5|
    |or_ln302_fu_4447_p2    |    or    |      0|  0|   9|           9|           5|
    |or_ln303_fu_4461_p2    |    or    |      0|  0|   9|           9|           5|
    |or_ln304_fu_4475_p2    |    or    |      0|  0|   9|           9|           5|
    |or_ln305_fu_4489_p2    |    or    |      0|  0|   9|           9|           5|
    |or_ln306_fu_4503_p2    |    or    |      0|  0|   9|           9|           5|
    |or_ln307_fu_4517_p2    |    or    |      0|  0|   9|           9|           6|
    |or_ln308_fu_4531_p2    |    or    |      0|  0|   9|           9|           6|
    |or_ln309_fu_4545_p2    |    or    |      0|  0|   9|           9|           6|
    |or_ln310_fu_4559_p2    |    or    |      0|  0|   9|           9|           6|
    |or_ln311_fu_4573_p2    |    or    |      0|  0|   9|           9|           6|
    |or_ln312_fu_4587_p2    |    or    |      0|  0|   9|           9|           6|
    |or_ln313_fu_4601_p2    |    or    |      0|  0|   9|           9|           6|
    |or_ln314_fu_4615_p2    |    or    |      0|  0|   9|           9|           6|
    |or_ln315_fu_4629_p2    |    or    |      0|  0|   9|           9|           6|
    |or_ln316_fu_4643_p2    |    or    |      0|  0|   9|           9|           6|
    |or_ln317_fu_4657_p2    |    or    |      0|  0|   9|           9|           6|
    |or_ln318_fu_4671_p2    |    or    |      0|  0|   9|           9|           6|
    |or_ln319_fu_4685_p2    |    or    |      0|  0|   9|           9|           6|
    |or_ln320_fu_4699_p2    |    or    |      0|  0|   9|           9|           6|
    |or_ln321_fu_4713_p2    |    or    |      0|  0|   9|           9|           6|
    |or_ln322_fu_4727_p2    |    or    |      0|  0|   9|           9|           6|
    |or_ln323_fu_4741_p2    |    or    |      0|  0|   9|           9|           6|
    |or_ln324_fu_4755_p2    |    or    |      0|  0|   9|           9|           6|
    |or_ln325_fu_4769_p2    |    or    |      0|  0|   9|           9|           6|
    |or_ln326_fu_4783_p2    |    or    |      0|  0|   9|           9|           6|
    |or_ln327_fu_4797_p2    |    or    |      0|  0|   9|           9|           6|
    |or_ln328_fu_4811_p2    |    or    |      0|  0|   9|           9|           6|
    |or_ln329_fu_4825_p2    |    or    |      0|  0|   9|           9|           6|
    |or_ln330_fu_4839_p2    |    or    |      0|  0|   9|           9|           6|
    |or_ln331_fu_4853_p2    |    or    |      0|  0|   9|           9|           6|
    |or_ln332_fu_4867_p2    |    or    |      0|  0|   9|           9|           6|
    |or_ln333_fu_4881_p2    |    or    |      0|  0|   9|           9|           6|
    |or_ln334_fu_4895_p2    |    or    |      0|  0|   9|           9|           6|
    |or_ln335_fu_4909_p2    |    or    |      0|  0|   9|           9|           6|
    |or_ln336_fu_4923_p2    |    or    |      0|  0|   9|           9|           6|
    |or_ln337_fu_4937_p2    |    or    |      0|  0|   9|           9|           6|
    |or_ln338_fu_4951_p2    |    or    |      0|  0|   9|           9|           6|
    |or_ln339_fu_4965_p2    |    or    |      0|  0|   9|           9|           7|
    |or_ln340_fu_4979_p2    |    or    |      0|  0|   9|           9|           7|
    |or_ln341_fu_4993_p2    |    or    |      0|  0|   9|           9|           7|
    |or_ln342_fu_5007_p2    |    or    |      0|  0|   9|           9|           7|
    |or_ln343_fu_5021_p2    |    or    |      0|  0|   9|           9|           7|
    |or_ln344_fu_5035_p2    |    or    |      0|  0|   9|           9|           7|
    |or_ln345_fu_5049_p2    |    or    |      0|  0|   9|           9|           7|
    |or_ln346_fu_5063_p2    |    or    |      0|  0|   9|           9|           7|
    |or_ln347_fu_5077_p2    |    or    |      0|  0|   9|           9|           7|
    |or_ln348_fu_5091_p2    |    or    |      0|  0|   9|           9|           7|
    |or_ln349_fu_5105_p2    |    or    |      0|  0|   9|           9|           7|
    |or_ln350_fu_5553_p2    |    or    |      0|  0|   9|           9|           7|
    |or_ln351_fu_5777_p2    |    or    |      0|  0|   9|           9|           7|
    |or_ln352_fu_5805_p2    |    or    |      0|  0|   9|           9|           7|
    |or_ln353_fu_5819_p2    |    or    |      0|  0|   9|           9|           7|
    |or_ln354_fu_5833_p2    |    or    |      0|  0|   9|           9|           7|
    |or_ln355_fu_5119_p2    |    or    |      0|  0|   9|           9|           7|
    |or_ln356_fu_5133_p2    |    or    |      0|  0|   9|           9|           7|
    |or_ln357_fu_5147_p2    |    or    |      0|  0|   9|           9|           7|
    |or_ln358_fu_5161_p2    |    or    |      0|  0|   9|           9|           7|
    |or_ln359_fu_5175_p2    |    or    |      0|  0|   9|           9|           7|
    |or_ln360_fu_5189_p2    |    or    |      0|  0|   9|           9|           7|
    |or_ln361_fu_5203_p2    |    or    |      0|  0|   9|           9|           7|
    |or_ln362_fu_5217_p2    |    or    |      0|  0|   9|           9|           7|
    |or_ln363_fu_5231_p2    |    or    |      0|  0|   9|           9|           7|
    |or_ln364_fu_5245_p2    |    or    |      0|  0|   9|           9|           7|
    |or_ln365_fu_5259_p2    |    or    |      0|  0|   9|           9|           7|
    |or_ln366_fu_5273_p2    |    or    |      0|  0|   9|           9|           7|
    |or_ln367_fu_5287_p2    |    or    |      0|  0|   9|           9|           7|
    |or_ln368_fu_5301_p2    |    or    |      0|  0|   9|           9|           7|
    |or_ln369_fu_5315_p2    |    or    |      0|  0|   9|           9|           7|
    |or_ln370_fu_5329_p2    |    or    |      0|  0|   9|           9|           7|
    |or_ln371_fu_5343_p2    |    or    |      0|  0|   9|           9|           7|
    |or_ln372_fu_5357_p2    |    or    |      0|  0|   9|           9|           7|
    |or_ln373_fu_5371_p2    |    or    |      0|  0|   9|           9|           7|
    |or_ln374_fu_5385_p2    |    or    |      0|  0|   9|           9|           7|
    |or_ln375_fu_5399_p2    |    or    |      0|  0|   9|           9|           7|
    |or_ln376_fu_5413_p2    |    or    |      0|  0|   9|           9|           7|
    |or_ln377_fu_5427_p2    |    or    |      0|  0|   9|           9|           7|
    |or_ln378_fu_5441_p2    |    or    |      0|  0|   9|           9|           7|
    |or_ln379_fu_5455_p2    |    or    |      0|  0|   9|           9|           7|
    |or_ln380_fu_5469_p2    |    or    |      0|  0|   9|           9|           7|
    |or_ln381_fu_5483_p2    |    or    |      0|  0|   9|           9|           7|
    |or_ln382_fu_5497_p2    |    or    |      0|  0|   9|           9|           7|
    |or_ln383_fu_5511_p2    |    or    |      0|  0|   9|           9|           7|
    |or_ln384_fu_5525_p2    |    or    |      0|  0|   9|           9|           7|
    |or_ln385_fu_5539_p2    |    or    |      0|  0|   9|           9|           7|
    |or_ln386_fu_5567_p2    |    or    |      0|  0|   9|           9|           7|
    |or_ln387_fu_5581_p2    |    or    |      0|  0|   9|           9|           7|
    |or_ln388_fu_5595_p2    |    or    |      0|  0|   9|           9|           7|
    |or_ln389_fu_5609_p2    |    or    |      0|  0|   9|           9|           7|
    |or_ln390_fu_5623_p2    |    or    |      0|  0|   9|           9|           7|
    |or_ln391_fu_5637_p2    |    or    |      0|  0|   9|           9|           7|
    |or_ln392_fu_5651_p2    |    or    |      0|  0|   9|           9|           7|
    |or_ln393_fu_5665_p2    |    or    |      0|  0|   9|           9|           7|
    |or_ln394_fu_5679_p2    |    or    |      0|  0|   9|           9|           7|
    |or_ln395_fu_5693_p2    |    or    |      0|  0|   9|           9|           7|
    |or_ln396_fu_5707_p2    |    or    |      0|  0|   9|           9|           7|
    |or_ln397_fu_5721_p2    |    or    |      0|  0|   9|           9|           7|
    |or_ln398_fu_5735_p2    |    or    |      0|  0|   9|           9|           7|
    |or_ln399_fu_5749_p2    |    or    |      0|  0|   9|           9|           7|
    |or_ln400_fu_5763_p2    |    or    |      0|  0|   9|           9|           7|
    |or_ln401_fu_5791_p2    |    or    |      0|  0|   9|           9|           7|
    |or_ln402_fu_5847_p2    |    or    |      0|  0|   9|           9|           7|
    |ap_enable_pp0          |    xor   |      0|  0|   2|           1|           2|
    +-----------------------+----------+-------+---+----+------------+------------+
    |Total                  |          |      0|  0|1166|        1149|         776|
    +-----------------------+----------+-------+---+----+------------+------------+

    * Multiplexer: 
    +---------------------------------+-----+-----------+-----+-----------+
    |               Name              | LUT | Input Size| Bits| Total Bits|
    +---------------------------------+-----+-----------+-----+-----------+
    |ap_NS_fsm                        |  301|         67|    1|         67|
    |ap_done                          |    9|          2|    1|          2|
    |ap_enable_reg_pp0_iter9          |    9|          2|    1|          2|
    |ap_phi_mux_i_0_i_phi_fu_3664_p4  |    9|          2|    2|          4|
    |grp_fu_3672_p0                   |  165|         37|   32|       1184|
    |grp_fu_3672_p1                   |  173|         39|   32|       1248|
    |grp_fu_3677_p0                   |   62|         15|   32|        480|
    |grp_fu_3677_p1                   |  293|         65|   32|       2080|
    |grp_fu_3681_p0                   |   41|          8|   32|        256|
    |grp_fu_3681_p1                   |   41|          8|   32|        256|
    |grp_fu_3685_p0                   |   41|          8|   32|        256|
    |grp_fu_3685_p1                   |   41|          8|   32|        256|
    |grp_fu_3689_p0                   |   15|          3|   64|        192|
    |grp_fu_3692_p0                   |   15|          3|   64|        192|
    |grp_fu_3704_p0                   |  293|         65|   64|       4160|
    |grp_fu_3704_p1                   |   47|         10|   64|        640|
    |grp_fu_3708_p0                   |  293|         65|   64|       4160|
    |grp_fu_3708_p1                   |   47|         10|   64|        640|
    |i_0_i_reg_3660                   |    9|          2|    2|          4|
    |knownFeatures_address0           |  293|         65|    8|        520|
    |knownFeatures_address1           |  293|         65|    8|        520|
    |xFeatures100_blk_n               |    9|          2|    1|          2|
    |xFeatures101_blk_n               |    9|          2|    1|          2|
    |xFeatures102_blk_n               |    9|          2|    1|          2|
    |xFeatures103_blk_n               |    9|          2|    1|          2|
    |xFeatures104_blk_n               |    9|          2|    1|          2|
    |xFeatures105_blk_n               |    9|          2|    1|          2|
    |xFeatures106_blk_n               |    9|          2|    1|          2|
    |xFeatures107_blk_n               |    9|          2|    1|          2|
    |xFeatures108_blk_n               |    9|          2|    1|          2|
    |xFeatures109_blk_n               |    9|          2|    1|          2|
    |xFeatures10_blk_n                |    9|          2|    1|          2|
    |xFeatures110_blk_n               |    9|          2|    1|          2|
    |xFeatures111_blk_n               |    9|          2|    1|          2|
    |xFeatures112_blk_n               |    9|          2|    1|          2|
    |xFeatures113_blk_n               |    9|          2|    1|          2|
    |xFeatures114_blk_n               |    9|          2|    1|          2|
    |xFeatures115_blk_n               |    9|          2|    1|          2|
    |xFeatures116_blk_n               |    9|          2|    1|          2|
    |xFeatures117_blk_n               |    9|          2|    1|          2|
    |xFeatures118_blk_n               |    9|          2|    1|          2|
    |xFeatures119_blk_n               |    9|          2|    1|          2|
    |xFeatures11_blk_n                |    9|          2|    1|          2|
    |xFeatures120_blk_n               |    9|          2|    1|          2|
    |xFeatures121_blk_n               |    9|          2|    1|          2|
    |xFeatures122_blk_n               |    9|          2|    1|          2|
    |xFeatures123_blk_n               |    9|          2|    1|          2|
    |xFeatures124_blk_n               |    9|          2|    1|          2|
    |xFeatures125_blk_n               |    9|          2|    1|          2|
    |xFeatures126_blk_n               |    9|          2|    1|          2|
    |xFeatures127_blk_n               |    9|          2|    1|          2|
    |xFeatures12_blk_n                |    9|          2|    1|          2|
    |xFeatures13_blk_n                |    9|          2|    1|          2|
    |xFeatures14_blk_n                |    9|          2|    1|          2|
    |xFeatures15_blk_n                |    9|          2|    1|          2|
    |xFeatures16_blk_n                |    9|          2|    1|          2|
    |xFeatures17_blk_n                |    9|          2|    1|          2|
    |xFeatures18_blk_n                |    9|          2|    1|          2|
    |xFeatures19_blk_n                |    9|          2|    1|          2|
    |xFeatures1_blk_n                 |    9|          2|    1|          2|
    |xFeatures20_blk_n                |    9|          2|    1|          2|
    |xFeatures21_blk_n                |    9|          2|    1|          2|
    |xFeatures22_blk_n                |    9|          2|    1|          2|
    |xFeatures23_blk_n                |    9|          2|    1|          2|
    |xFeatures24_blk_n                |    9|          2|    1|          2|
    |xFeatures25_blk_n                |    9|          2|    1|          2|
    |xFeatures26_blk_n                |    9|          2|    1|          2|
    |xFeatures27_blk_n                |    9|          2|    1|          2|
    |xFeatures28_blk_n                |    9|          2|    1|          2|
    |xFeatures29_blk_n                |    9|          2|    1|          2|
    |xFeatures2_blk_n                 |    9|          2|    1|          2|
    |xFeatures30_blk_n                |    9|          2|    1|          2|
    |xFeatures31_blk_n                |    9|          2|    1|          2|
    |xFeatures32_blk_n                |    9|          2|    1|          2|
    |xFeatures33_blk_n                |    9|          2|    1|          2|
    |xFeatures34_blk_n                |    9|          2|    1|          2|
    |xFeatures35_blk_n                |    9|          2|    1|          2|
    |xFeatures36_blk_n                |    9|          2|    1|          2|
    |xFeatures37_blk_n                |    9|          2|    1|          2|
    |xFeatures38_blk_n                |    9|          2|    1|          2|
    |xFeatures39_blk_n                |    9|          2|    1|          2|
    |xFeatures3_blk_n                 |    9|          2|    1|          2|
    |xFeatures40_blk_n                |    9|          2|    1|          2|
    |xFeatures41_blk_n                |    9|          2|    1|          2|
    |xFeatures42_blk_n                |    9|          2|    1|          2|
    |xFeatures43_blk_n                |    9|          2|    1|          2|
    |xFeatures44_blk_n                |    9|          2|    1|          2|
    |xFeatures45_blk_n                |    9|          2|    1|          2|
    |xFeatures46_blk_n                |    9|          2|    1|          2|
    |xFeatures47_blk_n                |    9|          2|    1|          2|
    |xFeatures48_blk_n                |    9|          2|    1|          2|
    |xFeatures49_blk_n                |    9|          2|    1|          2|
    |xFeatures4_blk_n                 |    9|          2|    1|          2|
    |xFeatures50_blk_n                |    9|          2|    1|          2|
    |xFeatures51_blk_n                |    9|          2|    1|          2|
    |xFeatures52_blk_n                |    9|          2|    1|          2|
    |xFeatures53_blk_n                |    9|          2|    1|          2|
    |xFeatures54_blk_n                |    9|          2|    1|          2|
    |xFeatures55_blk_n                |    9|          2|    1|          2|
    |xFeatures56_blk_n                |    9|          2|    1|          2|
    |xFeatures57_blk_n                |    9|          2|    1|          2|
    |xFeatures58_blk_n                |    9|          2|    1|          2|
    |xFeatures59_blk_n                |    9|          2|    1|          2|
    |xFeatures5_blk_n                 |    9|          2|    1|          2|
    |xFeatures60_blk_n                |    9|          2|    1|          2|
    |xFeatures61_blk_n                |    9|          2|    1|          2|
    |xFeatures62_blk_n                |    9|          2|    1|          2|
    |xFeatures63_blk_n                |    9|          2|    1|          2|
    |xFeatures64_blk_n                |    9|          2|    1|          2|
    |xFeatures65_blk_n                |    9|          2|    1|          2|
    |xFeatures66_blk_n                |    9|          2|    1|          2|
    |xFeatures67_blk_n                |    9|          2|    1|          2|
    |xFeatures68_blk_n                |    9|          2|    1|          2|
    |xFeatures69_blk_n                |    9|          2|    1|          2|
    |xFeatures6_blk_n                 |    9|          2|    1|          2|
    |xFeatures70_blk_n                |    9|          2|    1|          2|
    |xFeatures71_blk_n                |    9|          2|    1|          2|
    |xFeatures72_blk_n                |    9|          2|    1|          2|
    |xFeatures73_blk_n                |    9|          2|    1|          2|
    |xFeatures74_blk_n                |    9|          2|    1|          2|
    |xFeatures75_blk_n                |    9|          2|    1|          2|
    |xFeatures76_blk_n                |    9|          2|    1|          2|
    |xFeatures77_blk_n                |    9|          2|    1|          2|
    |xFeatures78_blk_n                |    9|          2|    1|          2|
    |xFeatures79_blk_n                |    9|          2|    1|          2|
    |xFeatures7_blk_n                 |    9|          2|    1|          2|
    |xFeatures80_blk_n                |    9|          2|    1|          2|
    |xFeatures81_blk_n                |    9|          2|    1|          2|
    |xFeatures82_blk_n                |    9|          2|    1|          2|
    |xFeatures83_blk_n                |    9|          2|    1|          2|
    |xFeatures84_blk_n                |    9|          2|    1|          2|
    |xFeatures85_blk_n                |    9|          2|    1|          2|
    |xFeatures86_blk_n                |    9|          2|    1|          2|
    |xFeatures87_blk_n                |    9|          2|    1|          2|
    |xFeatures88_blk_n                |    9|          2|    1|          2|
    |xFeatures89_blk_n                |    9|          2|    1|          2|
    |xFeatures8_blk_n                 |    9|          2|    1|          2|
    |xFeatures90_blk_n                |    9|          2|    1|          2|
    |xFeatures91_blk_n                |    9|          2|    1|          2|
    |xFeatures92_blk_n                |    9|          2|    1|          2|
    |xFeatures93_blk_n                |    9|          2|    1|          2|
    |xFeatures94_blk_n                |    9|          2|    1|          2|
    |xFeatures95_blk_n                |    9|          2|    1|          2|
    |xFeatures96_blk_n                |    9|          2|    1|          2|
    |xFeatures97_blk_n                |    9|          2|    1|          2|
    |xFeatures98_blk_n                |    9|          2|    1|          2|
    |xFeatures99_blk_n                |    9|          2|    1|          2|
    |xFeatures9_blk_n                 |    9|          2|    1|          2|
    |xFeatures_blk_n                  |    9|          2|    1|          2|
    +---------------------------------+-----+-----------+-----+-----------+
    |Total                            | 3642|        805|  791|      17375|
    +---------------------------------+-----+-----------+-----+-----------+

    * Register: 
    +----------------------------------+-----+----+-----+-----------+
    |               Name               |  FF | LUT| Bits| Const Bits|
    +----------------------------------+-----+----+-----+-----------+
    |ap_CS_fsm                         |   66|   0|   66|          0|
    |ap_done_reg                       |    1|   0|    1|          0|
    |ap_enable_reg_pp0_iter0           |    1|   0|    1|          0|
    |ap_enable_reg_pp0_iter1           |    1|   0|    1|          0|
    |ap_enable_reg_pp0_iter2           |    1|   0|    1|          0|
    |ap_enable_reg_pp0_iter3           |    1|   0|    1|          0|
    |ap_enable_reg_pp0_iter4           |    1|   0|    1|          0|
    |ap_enable_reg_pp0_iter5           |    1|   0|    1|          0|
    |ap_enable_reg_pp0_iter6           |    1|   0|    1|          0|
    |ap_enable_reg_pp0_iter7           |    1|   0|    1|          0|
    |ap_enable_reg_pp0_iter8           |    1|   0|    1|          0|
    |ap_enable_reg_pp0_iter9           |    1|   0|    1|          0|
    |distance_w103_reg_7660            |   32|   0|   32|          0|
    |distance_w125_reg_7730            |   32|   0|   32|          0|
    |distance_w126_reg_7705            |   32|   0|   32|          0|
    |distance_w17_reg_7735             |   32|   0|   32|          0|
    |distance_w20_reg_7740             |   32|   0|   32|          0|
    |distance_w30_reg_7690             |   32|   0|   32|          0|
    |distance_w32_reg_7725             |   32|   0|   32|          0|
    |distance_w49_reg_7675             |   32|   0|   32|          0|
    |distance_w53_reg_7710             |   32|   0|   32|          0|
    |distance_w57_reg_7745             |   32|   0|   32|          0|
    |distance_w66_reg_7720             |   32|   0|   32|          0|
    |distance_w67_reg_7665             |   32|   0|   32|          0|
    |distance_w68_reg_7715             |   32|   0|   32|          0|
    |distance_w89_reg_7650             |   32|   0|   32|          0|
    |distance_w98_reg_7655             |   32|   0|   32|          0|
    |i_0_i_reg_3660                    |    2|   0|    2|          0|
    |i_reg_6510                        |    2|   0|    2|          0|
    |icmp_ln271_reg_6506               |    1|   0|    1|          0|
    |knownFeatures_load_203_reg_7605   |   64|   0|   64|          0|
    |knownFeatures_load_204_reg_7625   |   64|   0|   64|          0|
    |knownFeatures_load_205_reg_7630   |   64|   0|   64|          0|
    |knownFeatures_load_206_reg_7635   |   64|   0|   64|          0|
    |knownFeatures_load_251_reg_7585   |   64|   0|   64|          0|
    |knownFeatures_load_252_reg_7590   |   64|   0|   64|          0|
    |knownFeatures_load_253_reg_7610   |   64|   0|   64|          0|
    |knownFeatures_load_254_reg_7640   |   64|   0|   64|          0|
    |reg_3712                          |   64|   0|   64|          0|
    |reg_3717                          |   64|   0|   64|          0|
    |reg_3722                          |   64|   0|   64|          0|
    |reg_3727                          |   64|   0|   64|          0|
    |reg_3732                          |   64|   0|   64|          0|
    |reg_3737                          |   64|   0|   64|          0|
    |reg_3742                          |   64|   0|   64|          0|
    |reg_3747                          |   64|   0|   64|          0|
    |reg_3752                          |   64|   0|   64|          0|
    |reg_3757                          |   64|   0|   64|          0|
    |reg_3762                          |   64|   0|   64|          0|
    |reg_3767                          |   64|   0|   64|          0|
    |reg_3772                          |   64|   0|   64|          0|
    |reg_3777                          |   64|   0|   64|          0|
    |reg_3782                          |   32|   0|   32|          0|
    |reg_3790                          |   32|   0|   32|          0|
    |reg_3798                          |   32|   0|   32|          0|
    |reg_3806                          |   32|   0|   32|          0|
    |reg_3814                          |   32|   0|   32|          0|
    |reg_3822                          |   32|   0|   32|          0|
    |reg_3830                          |   32|   0|   32|          0|
    |reg_3836                          |   32|   0|   32|          0|
    |reg_3842                          |   32|   0|   32|          0|
    |reg_3848                          |   32|   0|   32|          0|
    |reg_3854                          |   32|   0|   32|          0|
    |reg_3860                          |   32|   0|   32|          0|
    |reg_3866                          |   32|   0|   32|          0|
    |reg_3872                          |   32|   0|   32|          0|
    |reg_3877                          |   32|   0|   32|          0|
    |reg_3883                          |   32|   0|   32|          0|
    |reg_3889                          |   32|   0|   32|          0|
    |reg_3895                          |   32|   0|   32|          0|
    |reg_3900                          |   32|   0|   32|          0|
    |reg_3906                          |   32|   0|   32|          0|
    |reg_3912                          |   32|   0|   32|          0|
    |reg_3917                          |   32|   0|   32|          0|
    |reg_3923                          |   32|   0|   32|          0|
    |reg_3929                          |   32|   0|   32|          0|
    |reg_3934                          |   32|   0|   32|          0|
    |reg_3939                          |   32|   0|   32|          0|
    |reg_3946                          |   32|   0|   32|          0|
    |reg_3951                          |   32|   0|   32|          0|
    |reg_3957                          |   32|   0|   32|          0|
    |reg_3964                          |   32|   0|   32|          0|
    |reg_3971                          |   32|   0|   32|          0|
    |reg_3977                          |   32|   0|   32|          0|
    |reg_3983                          |   32|   0|   32|          0|
    |reg_3989                          |   32|   0|   32|          0|
    |reg_3995                          |   32|   0|   32|          0|
    |reg_4000                          |   32|   0|   32|          0|
    |reg_4007                          |   32|   0|   32|          0|
    |reg_4013                          |   32|   0|   32|          0|
    |reg_4019                          |   32|   0|   32|          0|
    |reg_4025                          |   32|   0|   32|          0|
    |reg_4030                          |   32|   0|   32|          0|
    |reg_4036                          |   32|   0|   32|          0|
    |reg_4042                          |   32|   0|   32|          0|
    |reg_4047                          |   32|   0|   32|          0|
    |reg_4052                          |   32|   0|   32|          0|
    |tmp_185_i_reg_6825                |   32|   0|   32|          0|
    |tmp_186_i_reg_6840                |   32|   0|   32|          0|
    |tmp_187_i_reg_6845                |   32|   0|   32|          0|
    |tmp_188_i_reg_6860                |   32|   0|   32|          0|
    |tmp_189_i_reg_6865                |   32|   0|   32|          0|
    |tmp_189_i_reg_6865_pp0_iter1_reg  |   32|   0|   32|          0|
    |tmp_190_i_reg_6880                |   32|   0|   32|          0|
    |tmp_190_i_reg_6880_pp0_iter1_reg  |   32|   0|   32|          0|
    |tmp_191_i_reg_6885                |   32|   0|   32|          0|
    |tmp_191_i_reg_6885_pp0_iter1_reg  |   32|   0|   32|          0|
    |tmp_192_i_reg_6900                |   32|   0|   32|          0|
    |tmp_192_i_reg_6900_pp0_iter1_reg  |   32|   0|   32|          0|
    |tmp_193_i_reg_6905                |   32|   0|   32|          0|
    |tmp_193_i_reg_6905_pp0_iter1_reg  |   32|   0|   32|          0|
    |tmp_194_i_reg_6920                |   32|   0|   32|          0|
    |tmp_194_i_reg_6920_pp0_iter1_reg  |   32|   0|   32|          0|
    |tmp_195_i_reg_6925                |   32|   0|   32|          0|
    |tmp_195_i_reg_6925_pp0_iter1_reg  |   32|   0|   32|          0|
    |tmp_196_i_reg_6940                |   32|   0|   32|          0|
    |tmp_196_i_reg_6940_pp0_iter1_reg  |   32|   0|   32|          0|
    |tmp_197_i_reg_6945                |   32|   0|   32|          0|
    |tmp_197_i_reg_6945_pp0_iter1_reg  |   32|   0|   32|          0|
    |tmp_198_i_reg_6960                |   32|   0|   32|          0|
    |tmp_198_i_reg_6960_pp0_iter1_reg  |   32|   0|   32|          0|
    |tmp_199_i_reg_6965                |   32|   0|   32|          0|
    |tmp_199_i_reg_6965_pp0_iter1_reg  |   32|   0|   32|          0|
    |tmp_200_i_reg_6980                |   32|   0|   32|          0|
    |tmp_200_i_reg_6980_pp0_iter1_reg  |   32|   0|   32|          0|
    |tmp_201_i_reg_6985                |   32|   0|   32|          0|
    |tmp_201_i_reg_6985_pp0_iter1_reg  |   32|   0|   32|          0|
    |tmp_202_i_reg_7000                |   32|   0|   32|          0|
    |tmp_203_i_reg_7005                |   32|   0|   32|          0|
    |tmp_204_i_reg_7020                |   32|   0|   32|          0|
    |tmp_205_i_reg_7025                |   32|   0|   32|          0|
    |tmp_206_i_reg_7040                |   32|   0|   32|          0|
    |tmp_207_i_reg_7045                |   32|   0|   32|          0|
    |tmp_208_i_reg_7060                |   32|   0|   32|          0|
    |tmp_209_i_reg_7065                |   32|   0|   32|          0|
    |tmp_210_i_reg_7080                |   32|   0|   32|          0|
    |tmp_211_i_reg_7085                |   32|   0|   32|          0|
    |tmp_212_i_reg_7100                |   32|   0|   32|          0|
    |tmp_213_i_reg_7105                |   32|   0|   32|          0|
    |tmp_214_i_reg_7120                |   32|   0|   32|          0|
    |tmp_215_i_reg_7125                |   32|   0|   32|          0|
    |tmp_216_i_reg_7140                |   32|   0|   32|          0|
    |tmp_217_i_reg_7145                |   32|   0|   32|          0|
    |tmp_218_i_reg_7160                |   32|   0|   32|          0|
    |tmp_219_i_reg_7165                |   32|   0|   32|          0|
    |tmp_220_i_reg_7180                |   32|   0|   32|          0|
    |tmp_221_i_reg_7185                |   32|   0|   32|          0|
    |tmp_222_i_reg_7200                |   32|   0|   32|          0|
    |tmp_223_i_reg_7205                |   32|   0|   32|          0|
    |tmp_224_i_reg_7220                |   32|   0|   32|          0|
    |tmp_225_i_reg_7225                |   32|   0|   32|          0|
    |tmp_226_i_reg_7240                |   32|   0|   32|          0|
    |tmp_227_i_reg_7245                |   32|   0|   32|          0|
    |tmp_228_i_reg_7260                |   32|   0|   32|          0|
    |tmp_229_i_reg_7265                |   32|   0|   32|          0|
    |tmp_230_i_reg_7280                |   32|   0|   32|          0|
    |tmp_231_i_reg_7285                |   32|   0|   32|          0|
    |tmp_232_i_reg_7300                |   32|   0|   32|          0|
    |tmp_233_i_reg_7305                |   32|   0|   32|          0|
    |tmp_234_i_reg_7320                |   32|   0|   32|          0|
    |tmp_235_i_reg_7325                |   32|   0|   32|          0|
    |tmp_236_i_reg_7340                |   32|   0|   32|          0|
    |tmp_237_i_reg_7345                |   32|   0|   32|          0|
    |tmp_238_i_reg_7360                |   32|   0|   32|          0|
    |tmp_239_i_reg_7365                |   32|   0|   32|          0|
    |tmp_240_i_reg_7380                |   32|   0|   32|          0|
    |tmp_241_i_reg_7385                |   32|   0|   32|          0|
    |tmp_242_i_reg_7400                |   32|   0|   32|          0|
    |tmp_243_i_reg_7405                |   32|   0|   32|          0|
    |tmp_244_i_reg_7420                |   32|   0|   32|          0|
    |tmp_245_i_reg_7425                |   32|   0|   32|          0|
    |tmp_246_i_reg_7440                |   32|   0|   32|          0|
    |tmp_247_i_reg_7445                |   32|   0|   32|          0|
    |tmp_248_i_reg_7460                |   32|   0|   32|          0|
    |tmp_249_i_reg_7645                |   32|   0|   32|          0|
    |tmp_250_i_reg_7670                |   32|   0|   32|          0|
    |tmp_251_i_reg_7680                |   32|   0|   32|          0|
    |tmp_252_i_reg_7685                |   32|   0|   32|          0|
    |tmp_253_i_reg_7695                |   32|   0|   32|          0|
    |tmp_254_i_reg_7700                |   32|   0|   32|          0|
    |tmp_255_i_reg_7750                |   32|   0|   32|          0|
    |tmp_reg_6515                      |    2|   0|    9|          7|
    |xFeatures100_read_reg_6366        |   64|   0|   64|          0|
    |xFeatures101_read_reg_6371        |   64|   0|   64|          0|
    |xFeatures102_read_reg_6376        |   64|   0|   64|          0|
    |xFeatures103_read_reg_6381        |   64|   0|   64|          0|
    |xFeatures104_read_reg_6386        |   64|   0|   64|          0|
    |xFeatures105_read_reg_6391        |   64|   0|   64|          0|
    |xFeatures106_read_reg_6396        |   64|   0|   64|          0|
    |xFeatures107_read_reg_6401        |   64|   0|   64|          0|
    |xFeatures108_read_reg_6406        |   64|   0|   64|          0|
    |xFeatures109_read_reg_6411        |   64|   0|   64|          0|
    |xFeatures10_read_reg_5916         |   64|   0|   64|          0|
    |xFeatures110_read_reg_6416        |   64|   0|   64|          0|
    |xFeatures111_read_reg_6421        |   64|   0|   64|          0|
    |xFeatures112_read_reg_6426        |   64|   0|   64|          0|
    |xFeatures113_read_reg_6431        |   64|   0|   64|          0|
    |xFeatures114_read_reg_6436        |   64|   0|   64|          0|
    |xFeatures115_read_reg_6441        |   64|   0|   64|          0|
    |xFeatures116_read_reg_6446        |   64|   0|   64|          0|
    |xFeatures117_read_reg_6451        |   64|   0|   64|          0|
    |xFeatures118_read_reg_6456        |   64|   0|   64|          0|
    |xFeatures119_read_reg_6461        |   64|   0|   64|          0|
    |xFeatures11_read_reg_5921         |   64|   0|   64|          0|
    |xFeatures120_read_reg_6466        |   64|   0|   64|          0|
    |xFeatures121_read_reg_6471        |   64|   0|   64|          0|
    |xFeatures122_read_reg_6476        |   64|   0|   64|          0|
    |xFeatures123_read_reg_6481        |   64|   0|   64|          0|
    |xFeatures124_read_reg_6486        |   64|   0|   64|          0|
    |xFeatures125_read_reg_6491        |   64|   0|   64|          0|
    |xFeatures126_read_reg_6496        |   64|   0|   64|          0|
    |xFeatures127_read_reg_6501        |   64|   0|   64|          0|
    |xFeatures12_read_reg_5926         |   64|   0|   64|          0|
    |xFeatures13_read_reg_5931         |   64|   0|   64|          0|
    |xFeatures14_read_reg_5936         |   64|   0|   64|          0|
    |xFeatures15_read_reg_5941         |   64|   0|   64|          0|
    |xFeatures16_read_reg_5946         |   64|   0|   64|          0|
    |xFeatures17_read_reg_5951         |   64|   0|   64|          0|
    |xFeatures18_read_reg_5956         |   64|   0|   64|          0|
    |xFeatures19_read_reg_5961         |   64|   0|   64|          0|
    |xFeatures1_read_reg_5871          |   64|   0|   64|          0|
    |xFeatures20_read_reg_5966         |   64|   0|   64|          0|
    |xFeatures21_read_reg_5971         |   64|   0|   64|          0|
    |xFeatures22_read_reg_5976         |   64|   0|   64|          0|
    |xFeatures23_read_reg_5981         |   64|   0|   64|          0|
    |xFeatures24_read_reg_5986         |   64|   0|   64|          0|
    |xFeatures25_read_reg_5991         |   64|   0|   64|          0|
    |xFeatures26_read_reg_5996         |   64|   0|   64|          0|
    |xFeatures27_read_reg_6001         |   64|   0|   64|          0|
    |xFeatures28_read_reg_6006         |   64|   0|   64|          0|
    |xFeatures29_read_reg_6011         |   64|   0|   64|          0|
    |xFeatures2_read_reg_5876          |   64|   0|   64|          0|
    |xFeatures30_read_reg_6016         |   64|   0|   64|          0|
    |xFeatures31_read_reg_6021         |   64|   0|   64|          0|
    |xFeatures32_read_reg_6026         |   64|   0|   64|          0|
    |xFeatures33_read_reg_6031         |   64|   0|   64|          0|
    |xFeatures34_read_reg_6036         |   64|   0|   64|          0|
    |xFeatures35_read_reg_6041         |   64|   0|   64|          0|
    |xFeatures36_read_reg_6046         |   64|   0|   64|          0|
    |xFeatures37_read_reg_6051         |   64|   0|   64|          0|
    |xFeatures38_read_reg_6056         |   64|   0|   64|          0|
    |xFeatures39_read_reg_6061         |   64|   0|   64|          0|
    |xFeatures3_read_reg_5881          |   64|   0|   64|          0|
    |xFeatures40_read_reg_6066         |   64|   0|   64|          0|
    |xFeatures41_read_reg_6071         |   64|   0|   64|          0|
    |xFeatures42_read_reg_6076         |   64|   0|   64|          0|
    |xFeatures43_read_reg_6081         |   64|   0|   64|          0|
    |xFeatures44_read_reg_6086         |   64|   0|   64|          0|
    |xFeatures45_read_reg_6091         |   64|   0|   64|          0|
    |xFeatures46_read_reg_6096         |   64|   0|   64|          0|
    |xFeatures47_read_reg_6101         |   64|   0|   64|          0|
    |xFeatures48_read_reg_6106         |   64|   0|   64|          0|
    |xFeatures49_read_reg_6111         |   64|   0|   64|          0|
    |xFeatures4_read_reg_5886          |   64|   0|   64|          0|
    |xFeatures50_read_reg_6116         |   64|   0|   64|          0|
    |xFeatures51_read_reg_6121         |   64|   0|   64|          0|
    |xFeatures52_read_reg_6126         |   64|   0|   64|          0|
    |xFeatures53_read_reg_6131         |   64|   0|   64|          0|
    |xFeatures54_read_reg_6136         |   64|   0|   64|          0|
    |xFeatures55_read_reg_6141         |   64|   0|   64|          0|
    |xFeatures56_read_reg_6146         |   64|   0|   64|          0|
    |xFeatures57_read_reg_6151         |   64|   0|   64|          0|
    |xFeatures58_read_reg_6156         |   64|   0|   64|          0|
    |xFeatures59_read_reg_6161         |   64|   0|   64|          0|
    |xFeatures5_read_reg_5891          |   64|   0|   64|          0|
    |xFeatures60_read_reg_6166         |   64|   0|   64|          0|
    |xFeatures61_read_reg_6171         |   64|   0|   64|          0|
    |xFeatures62_read_reg_6176         |   64|   0|   64|          0|
    |xFeatures63_read_reg_6181         |   64|   0|   64|          0|
    |xFeatures64_read_reg_6186         |   64|   0|   64|          0|
    |xFeatures65_read_reg_6191         |   64|   0|   64|          0|
    |xFeatures66_read_reg_6196         |   64|   0|   64|          0|
    |xFeatures67_read_reg_6201         |   64|   0|   64|          0|
    |xFeatures68_read_reg_6206         |   64|   0|   64|          0|
    |xFeatures69_read_reg_6211         |   64|   0|   64|          0|
    |xFeatures6_read_reg_5896          |   64|   0|   64|          0|
    |xFeatures70_read_reg_6216         |   64|   0|   64|          0|
    |xFeatures71_read_reg_6221         |   64|   0|   64|          0|
    |xFeatures72_read_reg_6226         |   64|   0|   64|          0|
    |xFeatures73_read_reg_6231         |   64|   0|   64|          0|
    |xFeatures74_read_reg_6236         |   64|   0|   64|          0|
    |xFeatures75_read_reg_6241         |   64|   0|   64|          0|
    |xFeatures76_read_reg_6246         |   64|   0|   64|          0|
    |xFeatures77_read_reg_6251         |   64|   0|   64|          0|
    |xFeatures78_read_reg_6256         |   64|   0|   64|          0|
    |xFeatures79_read_reg_6261         |   64|   0|   64|          0|
    |xFeatures7_read_reg_5901          |   64|   0|   64|          0|
    |xFeatures80_read_reg_6266         |   64|   0|   64|          0|
    |xFeatures81_read_reg_6271         |   64|   0|   64|          0|
    |xFeatures82_read_reg_6276         |   64|   0|   64|          0|
    |xFeatures83_read_reg_6281         |   64|   0|   64|          0|
    |xFeatures84_read_reg_6286         |   64|   0|   64|          0|
    |xFeatures85_read_reg_6291         |   64|   0|   64|          0|
    |xFeatures86_read_reg_6296         |   64|   0|   64|          0|
    |xFeatures87_read_reg_6301         |   64|   0|   64|          0|
    |xFeatures88_read_reg_6306         |   64|   0|   64|          0|
    |xFeatures89_read_reg_6311         |   64|   0|   64|          0|
    |xFeatures8_read_reg_5906          |   64|   0|   64|          0|
    |xFeatures90_read_reg_6316         |   64|   0|   64|          0|
    |xFeatures91_read_reg_6321         |   64|   0|   64|          0|
    |xFeatures92_read_reg_6326         |   64|   0|   64|          0|
    |xFeatures93_read_reg_6331         |   64|   0|   64|          0|
    |xFeatures94_read_reg_6336         |   64|   0|   64|          0|
    |xFeatures95_read_reg_6341         |   64|   0|   64|          0|
    |xFeatures96_read_reg_6346         |   64|   0|   64|          0|
    |xFeatures97_read_reg_6351         |   64|   0|   64|          0|
    |xFeatures98_read_reg_6356         |   64|   0|   64|          0|
    |xFeatures99_read_reg_6361         |   64|   0|   64|          0|
    |xFeatures9_read_reg_5911          |   64|   0|   64|          0|
    |xFeatures_read_reg_5866           |   64|   0|   64|          0|
    |distance_w125_reg_7730            |   64|  32|   32|          0|
    |i_0_i_reg_3660                    |   64|  32|    2|          0|
    |icmp_ln271_reg_6506               |   64|  32|    1|          0|
    |tmp_202_i_reg_7000                |   64|  32|   32|          0|
    |tmp_203_i_reg_7005                |   64|  32|   32|          0|
    |tmp_204_i_reg_7020                |   64|  32|   32|          0|
    |tmp_205_i_reg_7025                |   64|  32|   32|          0|
    |tmp_206_i_reg_7040                |   64|  32|   32|          0|
    |tmp_207_i_reg_7045                |   64|  32|   32|          0|
    |tmp_208_i_reg_7060                |   64|  32|   32|          0|
    |tmp_209_i_reg_7065                |   64|  32|   32|          0|
    |tmp_210_i_reg_7080                |   64|  32|   32|          0|
    |tmp_211_i_reg_7085                |   64|  32|   32|          0|
    |tmp_212_i_reg_7100                |   64|  32|   32|          0|
    |tmp_213_i_reg_7105                |   64|  32|   32|          0|
    |tmp_214_i_reg_7120                |   64|  32|   32|          0|
    |tmp_215_i_reg_7125                |   64|  32|   32|          0|
    |tmp_216_i_reg_7140                |   64|  32|   32|          0|
    |tmp_217_i_reg_7145                |   64|  32|   32|          0|
    |tmp_218_i_reg_7160                |   64|  32|   32|          0|
    |tmp_219_i_reg_7165                |   64|  32|   32|          0|
    |tmp_220_i_reg_7180                |   64|  32|   32|          0|
    |tmp_221_i_reg_7185                |   64|  32|   32|          0|
    |tmp_222_i_reg_7200                |   64|  32|   32|          0|
    |tmp_223_i_reg_7205                |   64|  32|   32|          0|
    |tmp_224_i_reg_7220                |   64|  32|   32|          0|
    |tmp_225_i_reg_7225                |   64|  32|   32|          0|
    |tmp_226_i_reg_7240                |   64|  32|   32|          0|
    |tmp_227_i_reg_7245                |   64|  32|   32|          0|
    |tmp_228_i_reg_7260                |   64|  32|   32|          0|
    |tmp_229_i_reg_7265                |   64|  32|   32|          0|
    |tmp_230_i_reg_7280                |   64|  32|   32|          0|
    |tmp_231_i_reg_7285                |   64|  32|   32|          0|
    |tmp_232_i_reg_7300                |   64|  32|   32|          0|
    |tmp_233_i_reg_7305                |   64|  32|   32|          0|
    |tmp_234_i_reg_7320                |   64|  32|   32|          0|
    |tmp_235_i_reg_7325                |   64|  32|   32|          0|
    |tmp_236_i_reg_7340                |   64|  32|   32|          0|
    |tmp_237_i_reg_7345                |   64|  32|   32|          0|
    |tmp_238_i_reg_7360                |   64|  32|   32|          0|
    |tmp_239_i_reg_7365                |   64|  32|   32|          0|
    |tmp_240_i_reg_7380                |   64|  32|   32|          0|
    |tmp_241_i_reg_7385                |   64|  32|   32|          0|
    |tmp_242_i_reg_7400                |   64|  32|   32|          0|
    |tmp_243_i_reg_7405                |   64|  32|   32|          0|
    |tmp_244_i_reg_7420                |   64|  32|   32|          0|
    |tmp_245_i_reg_7425                |   64|  32|   32|          0|
    |tmp_246_i_reg_7440                |   64|  32|   32|          0|
    |tmp_247_i_reg_7445                |   64|  32|   32|          0|
    |tmp_248_i_reg_7460                |   64|  32|   32|          0|
    |tmp_249_i_reg_7645                |   64|  32|   32|          0|
    |tmp_250_i_reg_7670                |   64|  32|   32|          0|
    |tmp_251_i_reg_7680                |   64|  32|   32|          0|
    |tmp_252_i_reg_7685                |   64|  32|   32|          0|
    |tmp_253_i_reg_7695                |   64|  32|   32|          0|
    |tmp_254_i_reg_7700                |   64|  32|   32|          0|
    +----------------------------------+-----+----+-----+-----------+
    |Total                             |17876|1792|16030|          7|
    +----------------------------------+-----+----+-----+-----------+



================================================================
== Interface
================================================================
* Summary: 
+-------------------------+-----+-----+------------+----------------+--------------+
|        RTL Ports        | Dir | Bits|  Protocol  |  Source Object |    C Type    |
+-------------------------+-----+-----+------------+----------------+--------------+
|ap_clk                   |  in |    1| ap_ctrl_hs |  parallel_022  | return value |
|ap_rst                   |  in |    1| ap_ctrl_hs |  parallel_022  | return value |
|ap_start                 |  in |    1| ap_ctrl_hs |  parallel_022  | return value |
|ap_done                  | out |    1| ap_ctrl_hs |  parallel_022  | return value |
|ap_continue              |  in |    1| ap_ctrl_hs |  parallel_022  | return value |
|ap_idle                  | out |    1| ap_ctrl_hs |  parallel_022  | return value |
|ap_ready                 | out |    1| ap_ctrl_hs |  parallel_022  | return value |
|knownFeatures_address0   | out |    8|  ap_memory |  knownFeatures |     array    |
|knownFeatures_ce0        | out |    1|  ap_memory |  knownFeatures |     array    |
|knownFeatures_q0         |  in |   64|  ap_memory |  knownFeatures |     array    |
|knownFeatures_address1   | out |    8|  ap_memory |  knownFeatures |     array    |
|knownFeatures_ce1        | out |    1|  ap_memory |  knownFeatures |     array    |
|knownFeatures_q1         |  in |   64|  ap_memory |  knownFeatures |     array    |
|xFeatures_dout           |  in |   64|   ap_fifo  |    xFeatures   |    pointer   |
|xFeatures_empty_n        |  in |    1|   ap_fifo  |    xFeatures   |    pointer   |
|xFeatures_read           | out |    1|   ap_fifo  |    xFeatures   |    pointer   |
|xFeatures1_dout          |  in |   64|   ap_fifo  |   xFeatures1   |    pointer   |
|xFeatures1_empty_n       |  in |    1|   ap_fifo  |   xFeatures1   |    pointer   |
|xFeatures1_read          | out |    1|   ap_fifo  |   xFeatures1   |    pointer   |
|xFeatures2_dout          |  in |   64|   ap_fifo  |   xFeatures2   |    pointer   |
|xFeatures2_empty_n       |  in |    1|   ap_fifo  |   xFeatures2   |    pointer   |
|xFeatures2_read          | out |    1|   ap_fifo  |   xFeatures2   |    pointer   |
|xFeatures3_dout          |  in |   64|   ap_fifo  |   xFeatures3   |    pointer   |
|xFeatures3_empty_n       |  in |    1|   ap_fifo  |   xFeatures3   |    pointer   |
|xFeatures3_read          | out |    1|   ap_fifo  |   xFeatures3   |    pointer   |
|xFeatures4_dout          |  in |   64|   ap_fifo  |   xFeatures4   |    pointer   |
|xFeatures4_empty_n       |  in |    1|   ap_fifo  |   xFeatures4   |    pointer   |
|xFeatures4_read          | out |    1|   ap_fifo  |   xFeatures4   |    pointer   |
|xFeatures5_dout          |  in |   64|   ap_fifo  |   xFeatures5   |    pointer   |
|xFeatures5_empty_n       |  in |    1|   ap_fifo  |   xFeatures5   |    pointer   |
|xFeatures5_read          | out |    1|   ap_fifo  |   xFeatures5   |    pointer   |
|xFeatures6_dout          |  in |   64|   ap_fifo  |   xFeatures6   |    pointer   |
|xFeatures6_empty_n       |  in |    1|   ap_fifo  |   xFeatures6   |    pointer   |
|xFeatures6_read          | out |    1|   ap_fifo  |   xFeatures6   |    pointer   |
|xFeatures7_dout          |  in |   64|   ap_fifo  |   xFeatures7   |    pointer   |
|xFeatures7_empty_n       |  in |    1|   ap_fifo  |   xFeatures7   |    pointer   |
|xFeatures7_read          | out |    1|   ap_fifo  |   xFeatures7   |    pointer   |
|xFeatures8_dout          |  in |   64|   ap_fifo  |   xFeatures8   |    pointer   |
|xFeatures8_empty_n       |  in |    1|   ap_fifo  |   xFeatures8   |    pointer   |
|xFeatures8_read          | out |    1|   ap_fifo  |   xFeatures8   |    pointer   |
|xFeatures9_dout          |  in |   64|   ap_fifo  |   xFeatures9   |    pointer   |
|xFeatures9_empty_n       |  in |    1|   ap_fifo  |   xFeatures9   |    pointer   |
|xFeatures9_read          | out |    1|   ap_fifo  |   xFeatures9   |    pointer   |
|xFeatures10_dout         |  in |   64|   ap_fifo  |   xFeatures10  |    pointer   |
|xFeatures10_empty_n      |  in |    1|   ap_fifo  |   xFeatures10  |    pointer   |
|xFeatures10_read         | out |    1|   ap_fifo  |   xFeatures10  |    pointer   |
|xFeatures11_dout         |  in |   64|   ap_fifo  |   xFeatures11  |    pointer   |
|xFeatures11_empty_n      |  in |    1|   ap_fifo  |   xFeatures11  |    pointer   |
|xFeatures11_read         | out |    1|   ap_fifo  |   xFeatures11  |    pointer   |
|xFeatures12_dout         |  in |   64|   ap_fifo  |   xFeatures12  |    pointer   |
|xFeatures12_empty_n      |  in |    1|   ap_fifo  |   xFeatures12  |    pointer   |
|xFeatures12_read         | out |    1|   ap_fifo  |   xFeatures12  |    pointer   |
|xFeatures13_dout         |  in |   64|   ap_fifo  |   xFeatures13  |    pointer   |
|xFeatures13_empty_n      |  in |    1|   ap_fifo  |   xFeatures13  |    pointer   |
|xFeatures13_read         | out |    1|   ap_fifo  |   xFeatures13  |    pointer   |
|xFeatures14_dout         |  in |   64|   ap_fifo  |   xFeatures14  |    pointer   |
|xFeatures14_empty_n      |  in |    1|   ap_fifo  |   xFeatures14  |    pointer   |
|xFeatures14_read         | out |    1|   ap_fifo  |   xFeatures14  |    pointer   |
|xFeatures15_dout         |  in |   64|   ap_fifo  |   xFeatures15  |    pointer   |
|xFeatures15_empty_n      |  in |    1|   ap_fifo  |   xFeatures15  |    pointer   |
|xFeatures15_read         | out |    1|   ap_fifo  |   xFeatures15  |    pointer   |
|xFeatures16_dout         |  in |   64|   ap_fifo  |   xFeatures16  |    pointer   |
|xFeatures16_empty_n      |  in |    1|   ap_fifo  |   xFeatures16  |    pointer   |
|xFeatures16_read         | out |    1|   ap_fifo  |   xFeatures16  |    pointer   |
|xFeatures17_dout         |  in |   64|   ap_fifo  |   xFeatures17  |    pointer   |
|xFeatures17_empty_n      |  in |    1|   ap_fifo  |   xFeatures17  |    pointer   |
|xFeatures17_read         | out |    1|   ap_fifo  |   xFeatures17  |    pointer   |
|xFeatures18_dout         |  in |   64|   ap_fifo  |   xFeatures18  |    pointer   |
|xFeatures18_empty_n      |  in |    1|   ap_fifo  |   xFeatures18  |    pointer   |
|xFeatures18_read         | out |    1|   ap_fifo  |   xFeatures18  |    pointer   |
|xFeatures19_dout         |  in |   64|   ap_fifo  |   xFeatures19  |    pointer   |
|xFeatures19_empty_n      |  in |    1|   ap_fifo  |   xFeatures19  |    pointer   |
|xFeatures19_read         | out |    1|   ap_fifo  |   xFeatures19  |    pointer   |
|xFeatures20_dout         |  in |   64|   ap_fifo  |   xFeatures20  |    pointer   |
|xFeatures20_empty_n      |  in |    1|   ap_fifo  |   xFeatures20  |    pointer   |
|xFeatures20_read         | out |    1|   ap_fifo  |   xFeatures20  |    pointer   |
|xFeatures21_dout         |  in |   64|   ap_fifo  |   xFeatures21  |    pointer   |
|xFeatures21_empty_n      |  in |    1|   ap_fifo  |   xFeatures21  |    pointer   |
|xFeatures21_read         | out |    1|   ap_fifo  |   xFeatures21  |    pointer   |
|xFeatures22_dout         |  in |   64|   ap_fifo  |   xFeatures22  |    pointer   |
|xFeatures22_empty_n      |  in |    1|   ap_fifo  |   xFeatures22  |    pointer   |
|xFeatures22_read         | out |    1|   ap_fifo  |   xFeatures22  |    pointer   |
|xFeatures23_dout         |  in |   64|   ap_fifo  |   xFeatures23  |    pointer   |
|xFeatures23_empty_n      |  in |    1|   ap_fifo  |   xFeatures23  |    pointer   |
|xFeatures23_read         | out |    1|   ap_fifo  |   xFeatures23  |    pointer   |
|xFeatures24_dout         |  in |   64|   ap_fifo  |   xFeatures24  |    pointer   |
|xFeatures24_empty_n      |  in |    1|   ap_fifo  |   xFeatures24  |    pointer   |
|xFeatures24_read         | out |    1|   ap_fifo  |   xFeatures24  |    pointer   |
|xFeatures25_dout         |  in |   64|   ap_fifo  |   xFeatures25  |    pointer   |
|xFeatures25_empty_n      |  in |    1|   ap_fifo  |   xFeatures25  |    pointer   |
|xFeatures25_read         | out |    1|   ap_fifo  |   xFeatures25  |    pointer   |
|xFeatures26_dout         |  in |   64|   ap_fifo  |   xFeatures26  |    pointer   |
|xFeatures26_empty_n      |  in |    1|   ap_fifo  |   xFeatures26  |    pointer   |
|xFeatures26_read         | out |    1|   ap_fifo  |   xFeatures26  |    pointer   |
|xFeatures27_dout         |  in |   64|   ap_fifo  |   xFeatures27  |    pointer   |
|xFeatures27_empty_n      |  in |    1|   ap_fifo  |   xFeatures27  |    pointer   |
|xFeatures27_read         | out |    1|   ap_fifo  |   xFeatures27  |    pointer   |
|xFeatures28_dout         |  in |   64|   ap_fifo  |   xFeatures28  |    pointer   |
|xFeatures28_empty_n      |  in |    1|   ap_fifo  |   xFeatures28  |    pointer   |
|xFeatures28_read         | out |    1|   ap_fifo  |   xFeatures28  |    pointer   |
|xFeatures29_dout         |  in |   64|   ap_fifo  |   xFeatures29  |    pointer   |
|xFeatures29_empty_n      |  in |    1|   ap_fifo  |   xFeatures29  |    pointer   |
|xFeatures29_read         | out |    1|   ap_fifo  |   xFeatures29  |    pointer   |
|xFeatures30_dout         |  in |   64|   ap_fifo  |   xFeatures30  |    pointer   |
|xFeatures30_empty_n      |  in |    1|   ap_fifo  |   xFeatures30  |    pointer   |
|xFeatures30_read         | out |    1|   ap_fifo  |   xFeatures30  |    pointer   |
|xFeatures31_dout         |  in |   64|   ap_fifo  |   xFeatures31  |    pointer   |
|xFeatures31_empty_n      |  in |    1|   ap_fifo  |   xFeatures31  |    pointer   |
|xFeatures31_read         | out |    1|   ap_fifo  |   xFeatures31  |    pointer   |
|xFeatures32_dout         |  in |   64|   ap_fifo  |   xFeatures32  |    pointer   |
|xFeatures32_empty_n      |  in |    1|   ap_fifo  |   xFeatures32  |    pointer   |
|xFeatures32_read         | out |    1|   ap_fifo  |   xFeatures32  |    pointer   |
|xFeatures33_dout         |  in |   64|   ap_fifo  |   xFeatures33  |    pointer   |
|xFeatures33_empty_n      |  in |    1|   ap_fifo  |   xFeatures33  |    pointer   |
|xFeatures33_read         | out |    1|   ap_fifo  |   xFeatures33  |    pointer   |
|xFeatures34_dout         |  in |   64|   ap_fifo  |   xFeatures34  |    pointer   |
|xFeatures34_empty_n      |  in |    1|   ap_fifo  |   xFeatures34  |    pointer   |
|xFeatures34_read         | out |    1|   ap_fifo  |   xFeatures34  |    pointer   |
|xFeatures35_dout         |  in |   64|   ap_fifo  |   xFeatures35  |    pointer   |
|xFeatures35_empty_n      |  in |    1|   ap_fifo  |   xFeatures35  |    pointer   |
|xFeatures35_read         | out |    1|   ap_fifo  |   xFeatures35  |    pointer   |
|xFeatures36_dout         |  in |   64|   ap_fifo  |   xFeatures36  |    pointer   |
|xFeatures36_empty_n      |  in |    1|   ap_fifo  |   xFeatures36  |    pointer   |
|xFeatures36_read         | out |    1|   ap_fifo  |   xFeatures36  |    pointer   |
|xFeatures37_dout         |  in |   64|   ap_fifo  |   xFeatures37  |    pointer   |
|xFeatures37_empty_n      |  in |    1|   ap_fifo  |   xFeatures37  |    pointer   |
|xFeatures37_read         | out |    1|   ap_fifo  |   xFeatures37  |    pointer   |
|xFeatures38_dout         |  in |   64|   ap_fifo  |   xFeatures38  |    pointer   |
|xFeatures38_empty_n      |  in |    1|   ap_fifo  |   xFeatures38  |    pointer   |
|xFeatures38_read         | out |    1|   ap_fifo  |   xFeatures38  |    pointer   |
|xFeatures39_dout         |  in |   64|   ap_fifo  |   xFeatures39  |    pointer   |
|xFeatures39_empty_n      |  in |    1|   ap_fifo  |   xFeatures39  |    pointer   |
|xFeatures39_read         | out |    1|   ap_fifo  |   xFeatures39  |    pointer   |
|xFeatures40_dout         |  in |   64|   ap_fifo  |   xFeatures40  |    pointer   |
|xFeatures40_empty_n      |  in |    1|   ap_fifo  |   xFeatures40  |    pointer   |
|xFeatures40_read         | out |    1|   ap_fifo  |   xFeatures40  |    pointer   |
|xFeatures41_dout         |  in |   64|   ap_fifo  |   xFeatures41  |    pointer   |
|xFeatures41_empty_n      |  in |    1|   ap_fifo  |   xFeatures41  |    pointer   |
|xFeatures41_read         | out |    1|   ap_fifo  |   xFeatures41  |    pointer   |
|xFeatures42_dout         |  in |   64|   ap_fifo  |   xFeatures42  |    pointer   |
|xFeatures42_empty_n      |  in |    1|   ap_fifo  |   xFeatures42  |    pointer   |
|xFeatures42_read         | out |    1|   ap_fifo  |   xFeatures42  |    pointer   |
|xFeatures43_dout         |  in |   64|   ap_fifo  |   xFeatures43  |    pointer   |
|xFeatures43_empty_n      |  in |    1|   ap_fifo  |   xFeatures43  |    pointer   |
|xFeatures43_read         | out |    1|   ap_fifo  |   xFeatures43  |    pointer   |
|xFeatures44_dout         |  in |   64|   ap_fifo  |   xFeatures44  |    pointer   |
|xFeatures44_empty_n      |  in |    1|   ap_fifo  |   xFeatures44  |    pointer   |
|xFeatures44_read         | out |    1|   ap_fifo  |   xFeatures44  |    pointer   |
|xFeatures45_dout         |  in |   64|   ap_fifo  |   xFeatures45  |    pointer   |
|xFeatures45_empty_n      |  in |    1|   ap_fifo  |   xFeatures45  |    pointer   |
|xFeatures45_read         | out |    1|   ap_fifo  |   xFeatures45  |    pointer   |
|xFeatures46_dout         |  in |   64|   ap_fifo  |   xFeatures46  |    pointer   |
|xFeatures46_empty_n      |  in |    1|   ap_fifo  |   xFeatures46  |    pointer   |
|xFeatures46_read         | out |    1|   ap_fifo  |   xFeatures46  |    pointer   |
|xFeatures47_dout         |  in |   64|   ap_fifo  |   xFeatures47  |    pointer   |
|xFeatures47_empty_n      |  in |    1|   ap_fifo  |   xFeatures47  |    pointer   |
|xFeatures47_read         | out |    1|   ap_fifo  |   xFeatures47  |    pointer   |
|xFeatures48_dout         |  in |   64|   ap_fifo  |   xFeatures48  |    pointer   |
|xFeatures48_empty_n      |  in |    1|   ap_fifo  |   xFeatures48  |    pointer   |
|xFeatures48_read         | out |    1|   ap_fifo  |   xFeatures48  |    pointer   |
|xFeatures49_dout         |  in |   64|   ap_fifo  |   xFeatures49  |    pointer   |
|xFeatures49_empty_n      |  in |    1|   ap_fifo  |   xFeatures49  |    pointer   |
|xFeatures49_read         | out |    1|   ap_fifo  |   xFeatures49  |    pointer   |
|xFeatures50_dout         |  in |   64|   ap_fifo  |   xFeatures50  |    pointer   |
|xFeatures50_empty_n      |  in |    1|   ap_fifo  |   xFeatures50  |    pointer   |
|xFeatures50_read         | out |    1|   ap_fifo  |   xFeatures50  |    pointer   |
|xFeatures51_dout         |  in |   64|   ap_fifo  |   xFeatures51  |    pointer   |
|xFeatures51_empty_n      |  in |    1|   ap_fifo  |   xFeatures51  |    pointer   |
|xFeatures51_read         | out |    1|   ap_fifo  |   xFeatures51  |    pointer   |
|xFeatures52_dout         |  in |   64|   ap_fifo  |   xFeatures52  |    pointer   |
|xFeatures52_empty_n      |  in |    1|   ap_fifo  |   xFeatures52  |    pointer   |
|xFeatures52_read         | out |    1|   ap_fifo  |   xFeatures52  |    pointer   |
|xFeatures53_dout         |  in |   64|   ap_fifo  |   xFeatures53  |    pointer   |
|xFeatures53_empty_n      |  in |    1|   ap_fifo  |   xFeatures53  |    pointer   |
|xFeatures53_read         | out |    1|   ap_fifo  |   xFeatures53  |    pointer   |
|xFeatures54_dout         |  in |   64|   ap_fifo  |   xFeatures54  |    pointer   |
|xFeatures54_empty_n      |  in |    1|   ap_fifo  |   xFeatures54  |    pointer   |
|xFeatures54_read         | out |    1|   ap_fifo  |   xFeatures54  |    pointer   |
|xFeatures55_dout         |  in |   64|   ap_fifo  |   xFeatures55  |    pointer   |
|xFeatures55_empty_n      |  in |    1|   ap_fifo  |   xFeatures55  |    pointer   |
|xFeatures55_read         | out |    1|   ap_fifo  |   xFeatures55  |    pointer   |
|xFeatures56_dout         |  in |   64|   ap_fifo  |   xFeatures56  |    pointer   |
|xFeatures56_empty_n      |  in |    1|   ap_fifo  |   xFeatures56  |    pointer   |
|xFeatures56_read         | out |    1|   ap_fifo  |   xFeatures56  |    pointer   |
|xFeatures57_dout         |  in |   64|   ap_fifo  |   xFeatures57  |    pointer   |
|xFeatures57_empty_n      |  in |    1|   ap_fifo  |   xFeatures57  |    pointer   |
|xFeatures57_read         | out |    1|   ap_fifo  |   xFeatures57  |    pointer   |
|xFeatures58_dout         |  in |   64|   ap_fifo  |   xFeatures58  |    pointer   |
|xFeatures58_empty_n      |  in |    1|   ap_fifo  |   xFeatures58  |    pointer   |
|xFeatures58_read         | out |    1|   ap_fifo  |   xFeatures58  |    pointer   |
|xFeatures59_dout         |  in |   64|   ap_fifo  |   xFeatures59  |    pointer   |
|xFeatures59_empty_n      |  in |    1|   ap_fifo  |   xFeatures59  |    pointer   |
|xFeatures59_read         | out |    1|   ap_fifo  |   xFeatures59  |    pointer   |
|xFeatures60_dout         |  in |   64|   ap_fifo  |   xFeatures60  |    pointer   |
|xFeatures60_empty_n      |  in |    1|   ap_fifo  |   xFeatures60  |    pointer   |
|xFeatures60_read         | out |    1|   ap_fifo  |   xFeatures60  |    pointer   |
|xFeatures61_dout         |  in |   64|   ap_fifo  |   xFeatures61  |    pointer   |
|xFeatures61_empty_n      |  in |    1|   ap_fifo  |   xFeatures61  |    pointer   |
|xFeatures61_read         | out |    1|   ap_fifo  |   xFeatures61  |    pointer   |
|xFeatures62_dout         |  in |   64|   ap_fifo  |   xFeatures62  |    pointer   |
|xFeatures62_empty_n      |  in |    1|   ap_fifo  |   xFeatures62  |    pointer   |
|xFeatures62_read         | out |    1|   ap_fifo  |   xFeatures62  |    pointer   |
|xFeatures63_dout         |  in |   64|   ap_fifo  |   xFeatures63  |    pointer   |
|xFeatures63_empty_n      |  in |    1|   ap_fifo  |   xFeatures63  |    pointer   |
|xFeatures63_read         | out |    1|   ap_fifo  |   xFeatures63  |    pointer   |
|xFeatures64_dout         |  in |   64|   ap_fifo  |   xFeatures64  |    pointer   |
|xFeatures64_empty_n      |  in |    1|   ap_fifo  |   xFeatures64  |    pointer   |
|xFeatures64_read         | out |    1|   ap_fifo  |   xFeatures64  |    pointer   |
|xFeatures65_dout         |  in |   64|   ap_fifo  |   xFeatures65  |    pointer   |
|xFeatures65_empty_n      |  in |    1|   ap_fifo  |   xFeatures65  |    pointer   |
|xFeatures65_read         | out |    1|   ap_fifo  |   xFeatures65  |    pointer   |
|xFeatures66_dout         |  in |   64|   ap_fifo  |   xFeatures66  |    pointer   |
|xFeatures66_empty_n      |  in |    1|   ap_fifo  |   xFeatures66  |    pointer   |
|xFeatures66_read         | out |    1|   ap_fifo  |   xFeatures66  |    pointer   |
|xFeatures67_dout         |  in |   64|   ap_fifo  |   xFeatures67  |    pointer   |
|xFeatures67_empty_n      |  in |    1|   ap_fifo  |   xFeatures67  |    pointer   |
|xFeatures67_read         | out |    1|   ap_fifo  |   xFeatures67  |    pointer   |
|xFeatures68_dout         |  in |   64|   ap_fifo  |   xFeatures68  |    pointer   |
|xFeatures68_empty_n      |  in |    1|   ap_fifo  |   xFeatures68  |    pointer   |
|xFeatures68_read         | out |    1|   ap_fifo  |   xFeatures68  |    pointer   |
|xFeatures69_dout         |  in |   64|   ap_fifo  |   xFeatures69  |    pointer   |
|xFeatures69_empty_n      |  in |    1|   ap_fifo  |   xFeatures69  |    pointer   |
|xFeatures69_read         | out |    1|   ap_fifo  |   xFeatures69  |    pointer   |
|xFeatures70_dout         |  in |   64|   ap_fifo  |   xFeatures70  |    pointer   |
|xFeatures70_empty_n      |  in |    1|   ap_fifo  |   xFeatures70  |    pointer   |
|xFeatures70_read         | out |    1|   ap_fifo  |   xFeatures70  |    pointer   |
|xFeatures71_dout         |  in |   64|   ap_fifo  |   xFeatures71  |    pointer   |
|xFeatures71_empty_n      |  in |    1|   ap_fifo  |   xFeatures71  |    pointer   |
|xFeatures71_read         | out |    1|   ap_fifo  |   xFeatures71  |    pointer   |
|xFeatures72_dout         |  in |   64|   ap_fifo  |   xFeatures72  |    pointer   |
|xFeatures72_empty_n      |  in |    1|   ap_fifo  |   xFeatures72  |    pointer   |
|xFeatures72_read         | out |    1|   ap_fifo  |   xFeatures72  |    pointer   |
|xFeatures73_dout         |  in |   64|   ap_fifo  |   xFeatures73  |    pointer   |
|xFeatures73_empty_n      |  in |    1|   ap_fifo  |   xFeatures73  |    pointer   |
|xFeatures73_read         | out |    1|   ap_fifo  |   xFeatures73  |    pointer   |
|xFeatures74_dout         |  in |   64|   ap_fifo  |   xFeatures74  |    pointer   |
|xFeatures74_empty_n      |  in |    1|   ap_fifo  |   xFeatures74  |    pointer   |
|xFeatures74_read         | out |    1|   ap_fifo  |   xFeatures74  |    pointer   |
|xFeatures75_dout         |  in |   64|   ap_fifo  |   xFeatures75  |    pointer   |
|xFeatures75_empty_n      |  in |    1|   ap_fifo  |   xFeatures75  |    pointer   |
|xFeatures75_read         | out |    1|   ap_fifo  |   xFeatures75  |    pointer   |
|xFeatures76_dout         |  in |   64|   ap_fifo  |   xFeatures76  |    pointer   |
|xFeatures76_empty_n      |  in |    1|   ap_fifo  |   xFeatures76  |    pointer   |
|xFeatures76_read         | out |    1|   ap_fifo  |   xFeatures76  |    pointer   |
|xFeatures77_dout         |  in |   64|   ap_fifo  |   xFeatures77  |    pointer   |
|xFeatures77_empty_n      |  in |    1|   ap_fifo  |   xFeatures77  |    pointer   |
|xFeatures77_read         | out |    1|   ap_fifo  |   xFeatures77  |    pointer   |
|xFeatures78_dout         |  in |   64|   ap_fifo  |   xFeatures78  |    pointer   |
|xFeatures78_empty_n      |  in |    1|   ap_fifo  |   xFeatures78  |    pointer   |
|xFeatures78_read         | out |    1|   ap_fifo  |   xFeatures78  |    pointer   |
|xFeatures79_dout         |  in |   64|   ap_fifo  |   xFeatures79  |    pointer   |
|xFeatures79_empty_n      |  in |    1|   ap_fifo  |   xFeatures79  |    pointer   |
|xFeatures79_read         | out |    1|   ap_fifo  |   xFeatures79  |    pointer   |
|xFeatures80_dout         |  in |   64|   ap_fifo  |   xFeatures80  |    pointer   |
|xFeatures80_empty_n      |  in |    1|   ap_fifo  |   xFeatures80  |    pointer   |
|xFeatures80_read         | out |    1|   ap_fifo  |   xFeatures80  |    pointer   |
|xFeatures81_dout         |  in |   64|   ap_fifo  |   xFeatures81  |    pointer   |
|xFeatures81_empty_n      |  in |    1|   ap_fifo  |   xFeatures81  |    pointer   |
|xFeatures81_read         | out |    1|   ap_fifo  |   xFeatures81  |    pointer   |
|xFeatures82_dout         |  in |   64|   ap_fifo  |   xFeatures82  |    pointer   |
|xFeatures82_empty_n      |  in |    1|   ap_fifo  |   xFeatures82  |    pointer   |
|xFeatures82_read         | out |    1|   ap_fifo  |   xFeatures82  |    pointer   |
|xFeatures83_dout         |  in |   64|   ap_fifo  |   xFeatures83  |    pointer   |
|xFeatures83_empty_n      |  in |    1|   ap_fifo  |   xFeatures83  |    pointer   |
|xFeatures83_read         | out |    1|   ap_fifo  |   xFeatures83  |    pointer   |
|xFeatures84_dout         |  in |   64|   ap_fifo  |   xFeatures84  |    pointer   |
|xFeatures84_empty_n      |  in |    1|   ap_fifo  |   xFeatures84  |    pointer   |
|xFeatures84_read         | out |    1|   ap_fifo  |   xFeatures84  |    pointer   |
|xFeatures85_dout         |  in |   64|   ap_fifo  |   xFeatures85  |    pointer   |
|xFeatures85_empty_n      |  in |    1|   ap_fifo  |   xFeatures85  |    pointer   |
|xFeatures85_read         | out |    1|   ap_fifo  |   xFeatures85  |    pointer   |
|xFeatures86_dout         |  in |   64|   ap_fifo  |   xFeatures86  |    pointer   |
|xFeatures86_empty_n      |  in |    1|   ap_fifo  |   xFeatures86  |    pointer   |
|xFeatures86_read         | out |    1|   ap_fifo  |   xFeatures86  |    pointer   |
|xFeatures87_dout         |  in |   64|   ap_fifo  |   xFeatures87  |    pointer   |
|xFeatures87_empty_n      |  in |    1|   ap_fifo  |   xFeatures87  |    pointer   |
|xFeatures87_read         | out |    1|   ap_fifo  |   xFeatures87  |    pointer   |
|xFeatures88_dout         |  in |   64|   ap_fifo  |   xFeatures88  |    pointer   |
|xFeatures88_empty_n      |  in |    1|   ap_fifo  |   xFeatures88  |    pointer   |
|xFeatures88_read         | out |    1|   ap_fifo  |   xFeatures88  |    pointer   |
|xFeatures89_dout         |  in |   64|   ap_fifo  |   xFeatures89  |    pointer   |
|xFeatures89_empty_n      |  in |    1|   ap_fifo  |   xFeatures89  |    pointer   |
|xFeatures89_read         | out |    1|   ap_fifo  |   xFeatures89  |    pointer   |
|xFeatures90_dout         |  in |   64|   ap_fifo  |   xFeatures90  |    pointer   |
|xFeatures90_empty_n      |  in |    1|   ap_fifo  |   xFeatures90  |    pointer   |
|xFeatures90_read         | out |    1|   ap_fifo  |   xFeatures90  |    pointer   |
|xFeatures91_dout         |  in |   64|   ap_fifo  |   xFeatures91  |    pointer   |
|xFeatures91_empty_n      |  in |    1|   ap_fifo  |   xFeatures91  |    pointer   |
|xFeatures91_read         | out |    1|   ap_fifo  |   xFeatures91  |    pointer   |
|xFeatures92_dout         |  in |   64|   ap_fifo  |   xFeatures92  |    pointer   |
|xFeatures92_empty_n      |  in |    1|   ap_fifo  |   xFeatures92  |    pointer   |
|xFeatures92_read         | out |    1|   ap_fifo  |   xFeatures92  |    pointer   |
|xFeatures93_dout         |  in |   64|   ap_fifo  |   xFeatures93  |    pointer   |
|xFeatures93_empty_n      |  in |    1|   ap_fifo  |   xFeatures93  |    pointer   |
|xFeatures93_read         | out |    1|   ap_fifo  |   xFeatures93  |    pointer   |
|xFeatures94_dout         |  in |   64|   ap_fifo  |   xFeatures94  |    pointer   |
|xFeatures94_empty_n      |  in |    1|   ap_fifo  |   xFeatures94  |    pointer   |
|xFeatures94_read         | out |    1|   ap_fifo  |   xFeatures94  |    pointer   |
|xFeatures95_dout         |  in |   64|   ap_fifo  |   xFeatures95  |    pointer   |
|xFeatures95_empty_n      |  in |    1|   ap_fifo  |   xFeatures95  |    pointer   |
|xFeatures95_read         | out |    1|   ap_fifo  |   xFeatures95  |    pointer   |
|xFeatures96_dout         |  in |   64|   ap_fifo  |   xFeatures96  |    pointer   |
|xFeatures96_empty_n      |  in |    1|   ap_fifo  |   xFeatures96  |    pointer   |
|xFeatures96_read         | out |    1|   ap_fifo  |   xFeatures96  |    pointer   |
|xFeatures97_dout         |  in |   64|   ap_fifo  |   xFeatures97  |    pointer   |
|xFeatures97_empty_n      |  in |    1|   ap_fifo  |   xFeatures97  |    pointer   |
|xFeatures97_read         | out |    1|   ap_fifo  |   xFeatures97  |    pointer   |
|xFeatures98_dout         |  in |   64|   ap_fifo  |   xFeatures98  |    pointer   |
|xFeatures98_empty_n      |  in |    1|   ap_fifo  |   xFeatures98  |    pointer   |
|xFeatures98_read         | out |    1|   ap_fifo  |   xFeatures98  |    pointer   |
|xFeatures99_dout         |  in |   64|   ap_fifo  |   xFeatures99  |    pointer   |
|xFeatures99_empty_n      |  in |    1|   ap_fifo  |   xFeatures99  |    pointer   |
|xFeatures99_read         | out |    1|   ap_fifo  |   xFeatures99  |    pointer   |
|xFeatures100_dout        |  in |   64|   ap_fifo  |  xFeatures100  |    pointer   |
|xFeatures100_empty_n     |  in |    1|   ap_fifo  |  xFeatures100  |    pointer   |
|xFeatures100_read        | out |    1|   ap_fifo  |  xFeatures100  |    pointer   |
|xFeatures101_dout        |  in |   64|   ap_fifo  |  xFeatures101  |    pointer   |
|xFeatures101_empty_n     |  in |    1|   ap_fifo  |  xFeatures101  |    pointer   |
|xFeatures101_read        | out |    1|   ap_fifo  |  xFeatures101  |    pointer   |
|xFeatures102_dout        |  in |   64|   ap_fifo  |  xFeatures102  |    pointer   |
|xFeatures102_empty_n     |  in |    1|   ap_fifo  |  xFeatures102  |    pointer   |
|xFeatures102_read        | out |    1|   ap_fifo  |  xFeatures102  |    pointer   |
|xFeatures103_dout        |  in |   64|   ap_fifo  |  xFeatures103  |    pointer   |
|xFeatures103_empty_n     |  in |    1|   ap_fifo  |  xFeatures103  |    pointer   |
|xFeatures103_read        | out |    1|   ap_fifo  |  xFeatures103  |    pointer   |
|xFeatures104_dout        |  in |   64|   ap_fifo  |  xFeatures104  |    pointer   |
|xFeatures104_empty_n     |  in |    1|   ap_fifo  |  xFeatures104  |    pointer   |
|xFeatures104_read        | out |    1|   ap_fifo  |  xFeatures104  |    pointer   |
|xFeatures105_dout        |  in |   64|   ap_fifo  |  xFeatures105  |    pointer   |
|xFeatures105_empty_n     |  in |    1|   ap_fifo  |  xFeatures105  |    pointer   |
|xFeatures105_read        | out |    1|   ap_fifo  |  xFeatures105  |    pointer   |
|xFeatures106_dout        |  in |   64|   ap_fifo  |  xFeatures106  |    pointer   |
|xFeatures106_empty_n     |  in |    1|   ap_fifo  |  xFeatures106  |    pointer   |
|xFeatures106_read        | out |    1|   ap_fifo  |  xFeatures106  |    pointer   |
|xFeatures107_dout        |  in |   64|   ap_fifo  |  xFeatures107  |    pointer   |
|xFeatures107_empty_n     |  in |    1|   ap_fifo  |  xFeatures107  |    pointer   |
|xFeatures107_read        | out |    1|   ap_fifo  |  xFeatures107  |    pointer   |
|xFeatures108_dout        |  in |   64|   ap_fifo  |  xFeatures108  |    pointer   |
|xFeatures108_empty_n     |  in |    1|   ap_fifo  |  xFeatures108  |    pointer   |
|xFeatures108_read        | out |    1|   ap_fifo  |  xFeatures108  |    pointer   |
|xFeatures109_dout        |  in |   64|   ap_fifo  |  xFeatures109  |    pointer   |
|xFeatures109_empty_n     |  in |    1|   ap_fifo  |  xFeatures109  |    pointer   |
|xFeatures109_read        | out |    1|   ap_fifo  |  xFeatures109  |    pointer   |
|xFeatures110_dout        |  in |   64|   ap_fifo  |  xFeatures110  |    pointer   |
|xFeatures110_empty_n     |  in |    1|   ap_fifo  |  xFeatures110  |    pointer   |
|xFeatures110_read        | out |    1|   ap_fifo  |  xFeatures110  |    pointer   |
|xFeatures111_dout        |  in |   64|   ap_fifo  |  xFeatures111  |    pointer   |
|xFeatures111_empty_n     |  in |    1|   ap_fifo  |  xFeatures111  |    pointer   |
|xFeatures111_read        | out |    1|   ap_fifo  |  xFeatures111  |    pointer   |
|xFeatures112_dout        |  in |   64|   ap_fifo  |  xFeatures112  |    pointer   |
|xFeatures112_empty_n     |  in |    1|   ap_fifo  |  xFeatures112  |    pointer   |
|xFeatures112_read        | out |    1|   ap_fifo  |  xFeatures112  |    pointer   |
|xFeatures113_dout        |  in |   64|   ap_fifo  |  xFeatures113  |    pointer   |
|xFeatures113_empty_n     |  in |    1|   ap_fifo  |  xFeatures113  |    pointer   |
|xFeatures113_read        | out |    1|   ap_fifo  |  xFeatures113  |    pointer   |
|xFeatures114_dout        |  in |   64|   ap_fifo  |  xFeatures114  |    pointer   |
|xFeatures114_empty_n     |  in |    1|   ap_fifo  |  xFeatures114  |    pointer   |
|xFeatures114_read        | out |    1|   ap_fifo  |  xFeatures114  |    pointer   |
|xFeatures115_dout        |  in |   64|   ap_fifo  |  xFeatures115  |    pointer   |
|xFeatures115_empty_n     |  in |    1|   ap_fifo  |  xFeatures115  |    pointer   |
|xFeatures115_read        | out |    1|   ap_fifo  |  xFeatures115  |    pointer   |
|xFeatures116_dout        |  in |   64|   ap_fifo  |  xFeatures116  |    pointer   |
|xFeatures116_empty_n     |  in |    1|   ap_fifo  |  xFeatures116  |    pointer   |
|xFeatures116_read        | out |    1|   ap_fifo  |  xFeatures116  |    pointer   |
|xFeatures117_dout        |  in |   64|   ap_fifo  |  xFeatures117  |    pointer   |
|xFeatures117_empty_n     |  in |    1|   ap_fifo  |  xFeatures117  |    pointer   |
|xFeatures117_read        | out |    1|   ap_fifo  |  xFeatures117  |    pointer   |
|xFeatures118_dout        |  in |   64|   ap_fifo  |  xFeatures118  |    pointer   |
|xFeatures118_empty_n     |  in |    1|   ap_fifo  |  xFeatures118  |    pointer   |
|xFeatures118_read        | out |    1|   ap_fifo  |  xFeatures118  |    pointer   |
|xFeatures119_dout        |  in |   64|   ap_fifo  |  xFeatures119  |    pointer   |
|xFeatures119_empty_n     |  in |    1|   ap_fifo  |  xFeatures119  |    pointer   |
|xFeatures119_read        | out |    1|   ap_fifo  |  xFeatures119  |    pointer   |
|xFeatures120_dout        |  in |   64|   ap_fifo  |  xFeatures120  |    pointer   |
|xFeatures120_empty_n     |  in |    1|   ap_fifo  |  xFeatures120  |    pointer   |
|xFeatures120_read        | out |    1|   ap_fifo  |  xFeatures120  |    pointer   |
|xFeatures121_dout        |  in |   64|   ap_fifo  |  xFeatures121  |    pointer   |
|xFeatures121_empty_n     |  in |    1|   ap_fifo  |  xFeatures121  |    pointer   |
|xFeatures121_read        | out |    1|   ap_fifo  |  xFeatures121  |    pointer   |
|xFeatures122_dout        |  in |   64|   ap_fifo  |  xFeatures122  |    pointer   |
|xFeatures122_empty_n     |  in |    1|   ap_fifo  |  xFeatures122  |    pointer   |
|xFeatures122_read        | out |    1|   ap_fifo  |  xFeatures122  |    pointer   |
|xFeatures123_dout        |  in |   64|   ap_fifo  |  xFeatures123  |    pointer   |
|xFeatures123_empty_n     |  in |    1|   ap_fifo  |  xFeatures123  |    pointer   |
|xFeatures123_read        | out |    1|   ap_fifo  |  xFeatures123  |    pointer   |
|xFeatures124_dout        |  in |   64|   ap_fifo  |  xFeatures124  |    pointer   |
|xFeatures124_empty_n     |  in |    1|   ap_fifo  |  xFeatures124  |    pointer   |
|xFeatures124_read        | out |    1|   ap_fifo  |  xFeatures124  |    pointer   |
|xFeatures125_dout        |  in |   64|   ap_fifo  |  xFeatures125  |    pointer   |
|xFeatures125_empty_n     |  in |    1|   ap_fifo  |  xFeatures125  |    pointer   |
|xFeatures125_read        | out |    1|   ap_fifo  |  xFeatures125  |    pointer   |
|xFeatures126_dout        |  in |   64|   ap_fifo  |  xFeatures126  |    pointer   |
|xFeatures126_empty_n     |  in |    1|   ap_fifo  |  xFeatures126  |    pointer   |
|xFeatures126_read        | out |    1|   ap_fifo  |  xFeatures126  |    pointer   |
|xFeatures127_dout        |  in |   64|   ap_fifo  |  xFeatures127  |    pointer   |
|xFeatures127_empty_n     |  in |    1|   ap_fifo  |  xFeatures127  |    pointer   |
|xFeatures127_read        | out |    1|   ap_fifo  |  xFeatures127  |    pointer   |
|distance_array_address0  | out |    1|  ap_memory | distance_array |     array    |
|distance_array_ce0       | out |    1|  ap_memory | distance_array |     array    |
|distance_array_we0       | out |    1|  ap_memory | distance_array |     array    |
|distance_array_d0        | out |   64|  ap_memory | distance_array |     array    |
+-------------------------+-----+-----+------------+----------------+--------------+

