

================================================================
== Vivado HLS Report for 'epilogue'
================================================================
* Date:           Sat Aug 22 15:17:57 2020

* Version:        2019.2 (Build 2704478 on Wed Nov 06 22:10:23 MST 2019)
* Project:        knn
* Solution:       solution1
* Product family: zynq
* Target device:  xc7z020-clg484-1


================================================================
== Performance Estimates
================================================================
+ Timing: 
    * Summary: 
    +--------+----------+----------+------------+
    |  Clock |  Target  | Estimated| Uncertainty|
    +--------+----------+----------+------------+
    |ap_clk  | 10.00 ns | 8.750 ns |   1.25 ns  |
    +--------+----------+----------+------------+

+ Latency: 
    * Summary: 
    +---------+---------+----------+----------+-----+-----+---------+
    |  Latency (cycles) |  Latency (absolute) |  Interval | Pipeline|
    |   min   |   max   |    min   |    max   | min | max |   Type  |
    +---------+---------+----------+----------+-----+-----+---------+
    |      115|      115| 1.150 us | 1.150 us |  115|  115|   none  |
    +---------+---------+----------+----------+-----+-----+---------+

    + Detail: 
        * Instance: 
        +----------------------------------+-----------------------+---------+---------+-----------+-----------+-----+-----+---------+
        |                                  |                       |  Latency (cycles) |   Latency (absolute)  |  Interval | Pipeline|
        |             Instance             |         Module        |   min   |   max   |    min    |    max    | min | max |   Type  |
        +----------------------------------+-----------------------+---------+---------+-----------+-----------+-----+-----+---------+
        |grp_p_hls_fptosi_double_s_fu_413  |p_hls_fptosi_double_s  |        1|        1| 10.000 ns | 10.000 ns |    1|    1|   none  |
        +----------------------------------+-----------------------+---------+---------+-----------+-----------+-----+-----+---------+

        * Loop: 
        N/A



================================================================
== Utilization Estimates
================================================================
* Summary: 
+-----------------+---------+-------+--------+-------+-----+
|       Name      | BRAM_18K| DSP48E|   FF   |  LUT  | URAM|
+-----------------+---------+-------+--------+-------+-----+
|DSP              |        -|      -|       -|      -|    -|
|Expression       |        -|      -|       0|   3381|    -|
|FIFO             |        -|      -|       -|      -|    -|
|Instance         |        -|      0|     847|   2391|    -|
|Memory           |        1|      -|     128|      3|    0|
|Multiplexer      |        -|      -|       -|   1164|    -|
|Register         |        -|      -|    1647|      -|    -|
+-----------------+---------+-------+--------+-------+-----+
|Total            |        1|      0|    2622|   6939|    0|
+-----------------+---------+-------+--------+-------+-----+
|Available        |      280|    220|  106400|  53200|    0|
+-----------------+---------+-------+--------+-------+-----+
|Utilization (%)  |    ~0   |      0|       2|     13|    0|
+-----------------+---------+-------+--------+-------+-----+

+ Detail: 
    * Instance: 
    +----------------------------------+-----------------------+---------+-------+-----+-----+-----+
    |             Instance             |         Module        | BRAM_18K| DSP48E|  FF | LUT | URAM|
    +----------------------------------+-----------------------+---------+-------+-----+-----+-----+
    |knn_8p64f_4paralldEe_U632         |knn_8p64f_4paralldEe   |        0|      0|  128|  277|    0|
    |knn_8p64f_4paralleOg_U633         |knn_8p64f_4paralleOg   |        0|      0|  100|  138|    0|
    |knn_8p64f_4paralljbC_U634         |knn_8p64f_4paralljbC   |        0|      0|   66|  239|    0|
    |knn_8p64f_4parallkbM_U635         |knn_8p64f_4parallkbM   |        0|      0|  130|  469|    0|
    |knn_8p64f_4paralllbW_U636         |knn_8p64f_4paralllbW   |        0|      0|  412|  645|    0|
    |grp_p_hls_fptosi_double_s_fu_413  |p_hls_fptosi_double_s  |        0|      0|   11|  623|    0|
    +----------------------------------+-----------------------+---------+-------+-----+-----+-----+
    |Total                             |                       |        0|      0|  847| 2391|    0|
    +----------------------------------+-----------------------+---------+-------+-----+-----+-----+

    * DSP48E: 
    N/A

    * Memory: 
    +-----------------------+----------------------+---------+-----+----+-----+------+-----+------+-------------+
    |         Memory        |        Module        | BRAM_18K|  FF | LUT| URAM| Words| Bits| Banks| W*Bits*Banks|
    +-----------------------+----------------------+---------+-----+----+-----+------+-----+------+-------------+
    |BestPointsClasses_U    |epilogue_BestPoinhbi  |        1|    0|   0|    0|     3|    8|     1|           24|
    |BestPointsDistances_U  |epilogue_BestPoinibs  |        0|  128|   3|    0|     3|   64|     1|          192|
    +-----------------------+----------------------+---------+-----+----+-----+------+-----+------+-------------+
    |Total                  |                      |        1|  128|   3|    0|     6|   72|     2|          216|
    +-----------------------+----------------------+---------+-----+----+-----+------+-----+------+-------------+

    * FIFO: 
    N/A

    * Expression: 
    +---------------------------+----------+-------+---+----+------------+------------+
    |       Variable Name       | Operation| DSP48E| FF| LUT| Bitwidth P0| Bitwidth P1|
    +---------------------------+----------+-------+---+----+------------+------------+
    |and_ln531_fu_526_p2        |    and   |      0|  0|   2|           1|           1|
    |and_ln547_fu_577_p2        |    and   |      0|  0|   2|           1|           1|
    |and_ln554_fu_626_p2        |    and   |      0|  0|   2|           1|           1|
    |and_ln566_1_fu_714_p2      |    and   |      0|  0|   2|           1|           1|
    |and_ln566_fu_708_p2        |    and   |      0|  0|   2|           1|           1|
    |and_ln582_fu_774_p2        |    and   |      0|  0|   2|           1|           1|
    |and_ln589_1_fu_865_p2      |    and   |      0|  0|   2|           1|           1|
    |and_ln589_fu_859_p2        |    and   |      0|  0|   2|           1|           1|
    |and_ln596_1_fu_962_p2      |    and   |      0|  0|   2|           1|           1|
    |and_ln596_fu_956_p2        |    and   |      0|  0|   2|           1|           1|
    |and_ln601_1_fu_1072_p2     |    and   |      0|  0|   2|           1|           1|
    |and_ln601_fu_1066_p2       |    and   |      0|  0|   2|           1|           1|
    |and_ln617_fu_1128_p2       |    and   |      0|  0|   2|           1|           1|
    |and_ln624_1_fu_1219_p2     |    and   |      0|  0|   2|           1|           1|
    |and_ln624_fu_1213_p2       |    and   |      0|  0|   2|           1|           1|
    |and_ln631_1_fu_1320_p2     |    and   |      0|  0|   2|           1|           1|
    |and_ln631_fu_1314_p2       |    and   |      0|  0|   2|           1|           1|
    |and_ln636_1_fu_1419_p2     |    and   |      0|  0|   2|           1|           1|
    |and_ln636_fu_1413_p2       |    and   |      0|  0|   2|           1|           1|
    |and_ln652_fu_1486_p2       |    and   |      0|  0|   2|           1|           1|
    |and_ln659_1_fu_1577_p2     |    and   |      0|  0|   2|           1|           1|
    |and_ln659_fu_1571_p2       |    and   |      0|  0|   2|           1|           1|
    |and_ln666_1_fu_1667_p2     |    and   |      0|  0|   2|           1|           1|
    |and_ln666_fu_1661_p2       |    and   |      0|  0|   2|           1|           1|
    |and_ln671_1_fu_1766_p2     |    and   |      0|  0|   2|           1|           1|
    |and_ln671_fu_1760_p2       |    and   |      0|  0|   2|           1|           1|
    |and_ln687_fu_1833_p2       |    and   |      0|  0|   2|           1|           1|
    |and_ln694_1_fu_1924_p2     |    and   |      0|  0|   2|           1|           1|
    |and_ln694_fu_1918_p2       |    and   |      0|  0|   2|           1|           1|
    |and_ln701_1_fu_2014_p2     |    and   |      0|  0|   2|           1|           1|
    |and_ln701_fu_2008_p2       |    and   |      0|  0|   2|           1|           1|
    |and_ln706_1_fu_2113_p2     |    and   |      0|  0|   2|           1|           1|
    |and_ln706_fu_2107_p2       |    and   |      0|  0|   2|           1|           1|
    |and_ln722_fu_2180_p2       |    and   |      0|  0|   2|           1|           1|
    |and_ln729_1_fu_2271_p2     |    and   |      0|  0|   2|           1|           1|
    |and_ln729_fu_2265_p2       |    and   |      0|  0|   2|           1|           1|
    |and_ln736_1_fu_2361_p2     |    and   |      0|  0|   2|           1|           1|
    |and_ln736_fu_2355_p2       |    and   |      0|  0|   2|           1|           1|
    |and_ln741_1_fu_2460_p2     |    and   |      0|  0|   2|           1|           1|
    |and_ln741_fu_2454_p2       |    and   |      0|  0|   2|           1|           1|
    |and_ln757_fu_2527_p2       |    and   |      0|  0|   2|           1|           1|
    |and_ln764_1_fu_2618_p2     |    and   |      0|  0|   2|           1|           1|
    |and_ln764_fu_2612_p2       |    and   |      0|  0|   2|           1|           1|
    |and_ln771_1_fu_2708_p2     |    and   |      0|  0|   2|           1|           1|
    |and_ln771_fu_2702_p2       |    and   |      0|  0|   2|           1|           1|
    |and_ln776_1_fu_2813_p2     |    and   |      0|  0|   2|           1|           1|
    |and_ln776_fu_2807_p2       |    and   |      0|  0|   2|           1|           1|
    |and_ln800_1_fu_2916_p2     |    and   |      0|  0|   2|           1|           1|
    |and_ln800_fu_2910_p2       |    and   |      0|  0|   2|           1|           1|
    |and_ln806_1_fu_3018_p2     |    and   |      0|  0|   2|           1|           1|
    |and_ln806_fu_3012_p2       |    and   |      0|  0|   2|           1|           1|
    |icmp_ln531_1_fu_514_p2     |   icmp   |      0|  0|  29|          52|           1|
    |icmp_ln531_fu_508_p2       |   icmp   |      0|  0|  13|          11|           2|
    |icmp_ln547_1_fu_565_p2     |   icmp   |      0|  0|  18|          23|           1|
    |icmp_ln547_fu_559_p2       |   icmp   |      0|  0|  11|           8|           2|
    |icmp_ln554_1_fu_614_p2     |   icmp   |      0|  0|  18|          23|           1|
    |icmp_ln554_fu_608_p2       |   icmp   |      0|  0|  11|           8|           2|
    |icmp_ln566_1_fu_692_p2     |   icmp   |      0|  0|  29|          52|           1|
    |icmp_ln566_2_fu_656_p2     |   icmp   |      0|  0|  13|          11|           2|
    |icmp_ln566_3_fu_662_p2     |   icmp   |      0|  0|  29|          52|           1|
    |icmp_ln566_fu_686_p2       |   icmp   |      0|  0|  13|          11|           2|
    |icmp_ln582_1_fu_762_p2     |   icmp   |      0|  0|  18|          23|           1|
    |icmp_ln582_fu_756_p2       |   icmp   |      0|  0|  11|           8|           2|
    |icmp_ln589_1_fu_829_p2     |   icmp   |      0|  0|  18|          23|           1|
    |icmp_ln589_2_fu_841_p2     |   icmp   |      0|  0|  11|           8|           2|
    |icmp_ln589_3_fu_847_p2     |   icmp   |      0|  0|  18|          23|           1|
    |icmp_ln589_fu_823_p2       |   icmp   |      0|  0|  11|           8|           2|
    |icmp_ln596_1_fu_926_p2     |   icmp   |      0|  0|  18|          23|           1|
    |icmp_ln596_2_fu_938_p2     |   icmp   |      0|  0|  11|           8|           2|
    |icmp_ln596_3_fu_944_p2     |   icmp   |      0|  0|  18|          23|           1|
    |icmp_ln596_fu_920_p2       |   icmp   |      0|  0|  11|           8|           2|
    |icmp_ln601_1_fu_1050_p2    |   icmp   |      0|  0|  29|          52|           1|
    |icmp_ln601_2_fu_1000_p2    |   icmp   |      0|  0|  13|          11|           2|
    |icmp_ln601_3_fu_1006_p2    |   icmp   |      0|  0|  29|          52|           1|
    |icmp_ln601_fu_1044_p2      |   icmp   |      0|  0|  13|          11|           2|
    |icmp_ln617_1_fu_1116_p2    |   icmp   |      0|  0|  18|          23|           1|
    |icmp_ln617_fu_1110_p2      |   icmp   |      0|  0|  11|           8|           2|
    |icmp_ln624_1_fu_1183_p2    |   icmp   |      0|  0|  18|          23|           1|
    |icmp_ln624_2_fu_1195_p2    |   icmp   |      0|  0|  11|           8|           2|
    |icmp_ln624_3_fu_1201_p2    |   icmp   |      0|  0|  18|          23|           1|
    |icmp_ln624_fu_1177_p2      |   icmp   |      0|  0|  11|           8|           2|
    |icmp_ln631_1_fu_1284_p2    |   icmp   |      0|  0|  18|          23|           1|
    |icmp_ln631_2_fu_1296_p2    |   icmp   |      0|  0|  11|           8|           2|
    |icmp_ln631_3_fu_1302_p2    |   icmp   |      0|  0|  18|          23|           1|
    |icmp_ln631_fu_1278_p2      |   icmp   |      0|  0|  11|           8|           2|
    |icmp_ln636_1_fu_1397_p2    |   icmp   |      0|  0|  29|          52|           1|
    |icmp_ln636_2_fu_1351_p2    |   icmp   |      0|  0|  13|          11|           2|
    |icmp_ln636_3_fu_1357_p2    |   icmp   |      0|  0|  29|          52|           1|
    |icmp_ln636_fu_1391_p2      |   icmp   |      0|  0|  13|          11|           2|
    |icmp_ln652_1_fu_1474_p2    |   icmp   |      0|  0|  18|          23|           1|
    |icmp_ln652_fu_1468_p2      |   icmp   |      0|  0|  11|           8|           2|
    |icmp_ln659_1_fu_1541_p2    |   icmp   |      0|  0|  18|          23|           1|
    |icmp_ln659_2_fu_1553_p2    |   icmp   |      0|  0|  11|           8|           2|
    |icmp_ln659_3_fu_1559_p2    |   icmp   |      0|  0|  18|          23|           1|
    |icmp_ln659_fu_1535_p2      |   icmp   |      0|  0|  11|           8|           2|
    |icmp_ln666_1_fu_1631_p2    |   icmp   |      0|  0|  18|          23|           1|
    |icmp_ln666_2_fu_1643_p2    |   icmp   |      0|  0|  11|           8|           2|
    |icmp_ln666_3_fu_1649_p2    |   icmp   |      0|  0|  18|          23|           1|
    |icmp_ln666_fu_1625_p2      |   icmp   |      0|  0|  11|           8|           2|
    |icmp_ln671_1_fu_1744_p2    |   icmp   |      0|  0|  29|          52|           1|
    |icmp_ln671_2_fu_1698_p2    |   icmp   |      0|  0|  13|          11|           2|
    |icmp_ln671_3_fu_1704_p2    |   icmp   |      0|  0|  29|          52|           1|
    |icmp_ln671_fu_1738_p2      |   icmp   |      0|  0|  13|          11|           2|
    |icmp_ln687_1_fu_1821_p2    |   icmp   |      0|  0|  18|          23|           1|
    |icmp_ln687_fu_1815_p2      |   icmp   |      0|  0|  11|           8|           2|
    |icmp_ln694_1_fu_1888_p2    |   icmp   |      0|  0|  18|          23|           1|
    |icmp_ln694_2_fu_1900_p2    |   icmp   |      0|  0|  11|           8|           2|
    |icmp_ln694_3_fu_1906_p2    |   icmp   |      0|  0|  18|          23|           1|
    |icmp_ln694_fu_1882_p2      |   icmp   |      0|  0|  11|           8|           2|
    |icmp_ln701_1_fu_1978_p2    |   icmp   |      0|  0|  18|          23|           1|
    |icmp_ln701_2_fu_1990_p2    |   icmp   |      0|  0|  11|           8|           2|
    |icmp_ln701_3_fu_1996_p2    |   icmp   |      0|  0|  18|          23|           1|
    |icmp_ln701_fu_1972_p2      |   icmp   |      0|  0|  11|           8|           2|
    |icmp_ln706_1_fu_2091_p2    |   icmp   |      0|  0|  29|          52|           1|
    |icmp_ln706_2_fu_2045_p2    |   icmp   |      0|  0|  13|          11|           2|
    |icmp_ln706_3_fu_2051_p2    |   icmp   |      0|  0|  29|          52|           1|
    |icmp_ln706_fu_2085_p2      |   icmp   |      0|  0|  13|          11|           2|
    |icmp_ln722_1_fu_2168_p2    |   icmp   |      0|  0|  18|          23|           1|
    |icmp_ln722_fu_2162_p2      |   icmp   |      0|  0|  11|           8|           2|
    |icmp_ln729_1_fu_2235_p2    |   icmp   |      0|  0|  18|          23|           1|
    |icmp_ln729_2_fu_2247_p2    |   icmp   |      0|  0|  11|           8|           2|
    |icmp_ln729_3_fu_2253_p2    |   icmp   |      0|  0|  18|          23|           1|
    |icmp_ln729_fu_2229_p2      |   icmp   |      0|  0|  11|           8|           2|
    |icmp_ln736_1_fu_2325_p2    |   icmp   |      0|  0|  18|          23|           1|
    |icmp_ln736_2_fu_2337_p2    |   icmp   |      0|  0|  11|           8|           2|
    |icmp_ln736_3_fu_2343_p2    |   icmp   |      0|  0|  18|          23|           1|
    |icmp_ln736_fu_2319_p2      |   icmp   |      0|  0|  11|           8|           2|
    |icmp_ln741_1_fu_2438_p2    |   icmp   |      0|  0|  29|          52|           1|
    |icmp_ln741_2_fu_2392_p2    |   icmp   |      0|  0|  13|          11|           2|
    |icmp_ln741_3_fu_2398_p2    |   icmp   |      0|  0|  29|          52|           1|
    |icmp_ln741_fu_2432_p2      |   icmp   |      0|  0|  13|          11|           2|
    |icmp_ln757_1_fu_2515_p2    |   icmp   |      0|  0|  18|          23|           1|
    |icmp_ln757_fu_2509_p2      |   icmp   |      0|  0|  11|           8|           2|
    |icmp_ln764_1_fu_2582_p2    |   icmp   |      0|  0|  18|          23|           1|
    |icmp_ln764_2_fu_2594_p2    |   icmp   |      0|  0|  11|           8|           2|
    |icmp_ln764_3_fu_2600_p2    |   icmp   |      0|  0|  18|          23|           1|
    |icmp_ln764_fu_2576_p2      |   icmp   |      0|  0|  11|           8|           2|
    |icmp_ln771_1_fu_2672_p2    |   icmp   |      0|  0|  18|          23|           1|
    |icmp_ln771_2_fu_2684_p2    |   icmp   |      0|  0|  11|           8|           2|
    |icmp_ln771_3_fu_2690_p2    |   icmp   |      0|  0|  18|          23|           1|
    |icmp_ln771_fu_2666_p2      |   icmp   |      0|  0|  11|           8|           2|
    |icmp_ln776_1_fu_2791_p2    |   icmp   |      0|  0|  29|          52|           1|
    |icmp_ln776_2_fu_2749_p2    |   icmp   |      0|  0|  13|          11|           2|
    |icmp_ln776_3_fu_2755_p2    |   icmp   |      0|  0|  29|          52|           1|
    |icmp_ln776_fu_2785_p2      |   icmp   |      0|  0|  13|          11|           2|
    |icmp_ln795_fu_2988_p2      |   icmp   |      0|  0|  11|           8|           8|
    |icmp_ln796_fu_2993_p2      |   icmp   |      0|  0|  11|           8|           8|
    |icmp_ln797_fu_2998_p2      |   icmp   |      0|  0|  11|           8|           8|
    |icmp_ln800_1_fu_2880_p2    |   icmp   |      0|  0|  29|          52|           1|
    |icmp_ln800_2_fu_2892_p2    |   icmp   |      0|  0|  13|          11|           2|
    |icmp_ln800_3_fu_2898_p2    |   icmp   |      0|  0|  29|          52|           1|
    |icmp_ln800_fu_2874_p2      |   icmp   |      0|  0|  13|          11|           2|
    |icmp_ln806_1_fu_2970_p2    |   icmp   |      0|  0|  29|          52|           1|
    |icmp_ln806_2_fu_2976_p2    |   icmp   |      0|  0|  13|          11|           2|
    |icmp_ln806_3_fu_2982_p2    |   icmp   |      0|  0|  29|          52|           1|
    |icmp_ln806_fu_2964_p2      |   icmp   |      0|  0|  13|          11|           2|
    |ap_block_state1            |    or    |      0|  0|   2|           1|           1|
    |or_ln531_fu_520_p2         |    or    |      0|  0|   2|           1|           1|
    |or_ln547_fu_571_p2         |    or    |      0|  0|   2|           1|           1|
    |or_ln554_fu_620_p2         |    or    |      0|  0|   2|           1|           1|
    |or_ln566_1_fu_704_p2       |    or    |      0|  0|   2|           1|           1|
    |or_ln566_fu_698_p2         |    or    |      0|  0|   2|           1|           1|
    |or_ln582_fu_768_p2         |    or    |      0|  0|   2|           1|           1|
    |or_ln589_1_fu_853_p2       |    or    |      0|  0|   2|           1|           1|
    |or_ln589_fu_835_p2         |    or    |      0|  0|   2|           1|           1|
    |or_ln596_1_fu_950_p2       |    or    |      0|  0|   2|           1|           1|
    |or_ln596_fu_932_p2         |    or    |      0|  0|   2|           1|           1|
    |or_ln601_1_fu_1062_p2      |    or    |      0|  0|   2|           1|           1|
    |or_ln601_fu_1056_p2        |    or    |      0|  0|   2|           1|           1|
    |or_ln617_fu_1122_p2        |    or    |      0|  0|   2|           1|           1|
    |or_ln624_1_fu_1207_p2      |    or    |      0|  0|   2|           1|           1|
    |or_ln624_fu_1189_p2        |    or    |      0|  0|   2|           1|           1|
    |or_ln631_1_fu_1308_p2      |    or    |      0|  0|   2|           1|           1|
    |or_ln631_fu_1290_p2        |    or    |      0|  0|   2|           1|           1|
    |or_ln636_1_fu_1409_p2      |    or    |      0|  0|   2|           1|           1|
    |or_ln636_fu_1403_p2        |    or    |      0|  0|   2|           1|           1|
    |or_ln652_fu_1480_p2        |    or    |      0|  0|   2|           1|           1|
    |or_ln659_1_fu_1565_p2      |    or    |      0|  0|   2|           1|           1|
    |or_ln659_fu_1547_p2        |    or    |      0|  0|   2|           1|           1|
    |or_ln666_1_fu_1655_p2      |    or    |      0|  0|   2|           1|           1|
    |or_ln666_fu_1637_p2        |    or    |      0|  0|   2|           1|           1|
    |or_ln671_1_fu_1756_p2      |    or    |      0|  0|   2|           1|           1|
    |or_ln671_fu_1750_p2        |    or    |      0|  0|   2|           1|           1|
    |or_ln687_fu_1827_p2        |    or    |      0|  0|   2|           1|           1|
    |or_ln694_1_fu_1912_p2      |    or    |      0|  0|   2|           1|           1|
    |or_ln694_fu_1894_p2        |    or    |      0|  0|   2|           1|           1|
    |or_ln701_1_fu_2002_p2      |    or    |      0|  0|   2|           1|           1|
    |or_ln701_fu_1984_p2        |    or    |      0|  0|   2|           1|           1|
    |or_ln706_1_fu_2103_p2      |    or    |      0|  0|   2|           1|           1|
    |or_ln706_fu_2097_p2        |    or    |      0|  0|   2|           1|           1|
    |or_ln722_fu_2174_p2        |    or    |      0|  0|   2|           1|           1|
    |or_ln729_1_fu_2259_p2      |    or    |      0|  0|   2|           1|           1|
    |or_ln729_fu_2241_p2        |    or    |      0|  0|   2|           1|           1|
    |or_ln736_1_fu_2349_p2      |    or    |      0|  0|   2|           1|           1|
    |or_ln736_fu_2331_p2        |    or    |      0|  0|   2|           1|           1|
    |or_ln741_1_fu_2450_p2      |    or    |      0|  0|   2|           1|           1|
    |or_ln741_fu_2444_p2        |    or    |      0|  0|   2|           1|           1|
    |or_ln757_fu_2521_p2        |    or    |      0|  0|   2|           1|           1|
    |or_ln764_1_fu_2606_p2      |    or    |      0|  0|   2|           1|           1|
    |or_ln764_fu_2588_p2        |    or    |      0|  0|   2|           1|           1|
    |or_ln771_1_fu_2696_p2      |    or    |      0|  0|   2|           1|           1|
    |or_ln771_fu_2678_p2        |    or    |      0|  0|   2|           1|           1|
    |or_ln776_1_fu_2803_p2      |    or    |      0|  0|   2|           1|           1|
    |or_ln776_fu_2797_p2        |    or    |      0|  0|   2|           1|           1|
    |or_ln800_1_fu_2904_p2      |    or    |      0|  0|   2|           1|           1|
    |or_ln800_fu_2886_p2        |    or    |      0|  0|   2|           1|           1|
    |or_ln806_1_fu_3008_p2      |    or    |      0|  0|   2|           1|           1|
    |or_ln806_fu_3004_p2        |    or    |      0|  0|   2|           1|           1|
    |or_ln814_1_fu_3030_p2      |    or    |      0|  0|   2|           1|           1|
    |or_ln814_2_fu_3049_p2      |    or    |      0|  0|   2|           1|           1|
    |or_ln814_fu_3024_p2        |    or    |      0|  0|   2|           1|           1|
    |d2_w1_2_fu_2922_p3         |  select  |      0|  0|  64|           1|          64|
    |dbest_w10_2_fu_2125_p3     |  select  |      0|  0|  64|           1|          64|
    |dbest_w11_2_fu_1492_p3     |  select  |      0|  0|  32|           1|          32|
    |dbest_w12_2_fu_2819_p3     |  select  |      0|  0|  64|           1|          64|
    |dbest_w13_2_fu_2624_p3     |  select  |      0|  0|  32|           1|          32|
    |dbest_w15_2_fu_2714_p3     |  select  |      0|  0|  32|           1|          32|
    |dbest_w18_2_fu_1839_p3     |  select  |      0|  0|  32|           1|          32|
    |dbest_w19_2_fu_583_p3      |  select  |      0|  0|  32|           1|          32|
    |dbest_w1_2_fu_2020_p3      |  select  |      0|  0|  32|           1|          32|
    |dbest_w20_2_fu_968_p3      |  select  |      0|  0|  32|           1|          32|
    |dbest_w21_2_fu_780_p3      |  select  |      0|  0|  32|           1|          32|
    |dbest_w22_2_fu_725_p3      |  select  |      0|  0|  64|           1|          64|
    |dbest_w23_2_fu_1785_p3     |  select  |      0|  0|  64|           1|          64|
    |dbest_w24_2_fu_2367_p3     |  select  |      0|  0|  32|           1|          32|
    |dbest_w25_2_fu_2277_p3     |  select  |      0|  0|  32|           1|          32|
    |dbest_w26_2_fu_1930_p3     |  select  |      0|  0|  32|           1|          32|
    |dbest_w28_2_fu_2533_p3     |  select  |      0|  0|  32|           1|          32|
    |dbest_w2_2_fu_1583_p3      |  select  |      0|  0|  32|           1|          32|
    |dbest_w31_2_fu_2472_p3     |  select  |      0|  0|  64|           1|          64|
    |dbest_w32_2_fu_1431_p3     |  select  |      0|  0|  64|           1|          64|
    |dbest_w3_2_fu_1673_p3      |  select  |      0|  0|  32|           1|          32|
    |dbest_w4_2_fu_1084_p3      |  select  |      0|  0|  64|           1|          64|
    |dbest_w5_2_fu_1225_p3      |  select  |      0|  0|  32|           1|          32|
    |dbest_w6_2_fu_2186_p3      |  select  |      0|  0|  32|           1|          32|
    |dbest_w7_2_fu_1134_p3      |  select  |      0|  0|  32|           1|          32|
    |dbest_w8_2_fu_871_p3       |  select  |      0|  0|  32|           1|          32|
    |dbest_w9_2_fu_1326_p3      |  select  |      0|  0|  32|           1|          32|
    |index_w15_fu_1019_p3       |  select  |      0|  0|   3|           1|           3|
    |index_w18_fu_2407_p3       |  select  |      0|  0|   3|           1|           3|
    |index_w19_fu_1713_p3       |  select  |      0|  0|   3|           1|           3|
    |index_w20_fu_2724_p3       |  select  |      0|  0|   3|           1|           3|
    |index_w22_fu_1366_p3       |  select  |      0|  0|   3|           1|           3|
    |index_w3_fu_2060_p3        |  select  |      0|  0|   3|           1|           3|
    |muxOutput_w10_fu_878_p3    |  select  |      0|  0|  64|           1|          64|
    |muxOutput_w2_fu_532_p3     |  select  |      0|  0|  64|           1|          64|
    |out_r                      |  select  |      0|  0|   8|           1|           8|
    |select_ln566_1_fu_975_p3   |  select  |      0|  0|   8|           1|           8|
    |select_ln566_fu_632_p3     |  select  |      0|  0|  64|           1|          63|
    |select_ln601_fu_1232_p3    |  select  |      0|  0|   8|           1|           8|
    |select_ln636_fu_1439_p3    |  select  |      0|  0|   8|           1|           8|
    |select_ln671_fu_1778_p3    |  select  |      0|  0|   8|           1|           8|
    |select_ln706_fu_2133_p3    |  select  |      0|  0|   8|           1|           8|
    |select_ln741_fu_2480_p3    |  select  |      0|  0|   8|           1|           8|
    |select_ln776_fu_2827_p3    |  select  |      0|  0|   8|           1|           8|
    |select_ln814_1_fu_3042_p3  |  select  |      0|  0|   8|           1|           8|
    |select_ln814_fu_3036_p3    |  select  |      0|  0|   8|           1|           8|
    +---------------------------+----------+-------+---+----+------------+------------+
    |Total                      |          |      0|  0|3381|        2365|        1692|
    +---------------------------+----------+-------+---+----+------------+------------+

    * Multiplexer: 
    +------------------------------------+-----+-----------+-----+-----------+
    |                Name                | LUT | Input Size| Bits| Total Bits|
    +------------------------------------+-----+-----------+-----+-----------+
    |BestPointsClasses_address0          |   50|         11|    2|         22|
    |BestPointsClasses_address1          |   50|         11|    2|         22|
    |BestPointsClasses_d0                |   15|          3|    8|         24|
    |BestPointsDistances_address0        |  101|         21|    2|         42|
    |BestPointsDistances_address1        |   15|          3|    2|          6|
    |BestPointsDistances_d0              |   47|         10|   64|        640|
    |ap_NS_fsm                           |  477|        109|    1|        109|
    |ap_done                             |    9|          2|    1|          2|
    |distance_array_0_address0           |   15|          3|    1|          3|
    |distance_array_1_address0           |   15|          3|    1|          3|
    |distance_array_2_address0           |   15|          3|    1|          3|
    |distance_array_3_address0           |   15|          3|    1|          3|
    |grp_fu_420_p0                       |   15|          3|   64|        192|
    |grp_fu_424_p0                       |   41|          8|   32|        256|
    |grp_fu_427_opcode                   |   15|          3|    5|         15|
    |grp_fu_427_p0                       |   15|          3|   32|         96|
    |grp_fu_427_p1                       |   62|         15|   32|        480|
    |grp_fu_433_opcode                   |   15|          3|    5|         15|
    |grp_fu_433_p0                       |   38|          7|   64|        448|
    |grp_fu_433_p1                       |   27|          5|   64|        320|
    |grp_fu_444_p0                       |   44|          9|   32|        288|
    |grp_p_hls_fptosi_double_s_fu_413_x  |   15|          3|   64|        192|
    |knownClasses_address0               |   44|          9|    3|         27|
    |reg_457                             |    9|          2|   64|        128|
    +------------------------------------+-----+-----------+-----+-----------+
    |Total                               | 1164|        252|  547|       3336|
    +------------------------------------+-----+-----------+-----+-----------+

    * Register: 
    +-----------------------------------------------+-----+----+-----+-----------+
    |                      Name                     |  FF | LUT| Bits| Const Bits|
    +-----------------------------------------------+-----+----+-----+-----------+
    |BestPointsClasses_ad_3_reg_3137                |    1|   0|    2|          1|
    |BestPointsClasses_ad_4_reg_3243                |    2|   0|    2|          0|
    |BestPointsClasses_ad_5_reg_3319                |    2|   0|    2|          0|
    |BestPointsClasses_ad_6_reg_3395                |    2|   0|    2|          0|
    |BestPointsClasses_ad_7_reg_3471                |    2|   0|    2|          0|
    |BestPointsClasses_ad_8_reg_3547                |    2|   0|    2|          0|
    |BestPointsClasses_ad_9_reg_3617                |    2|   0|    2|          0|
    |BestPointsDistances_11_reg_3325                |    2|   0|    2|          0|
    |BestPointsDistances_15_reg_3401                |    2|   0|    2|          0|
    |BestPointsDistances_19_reg_3477                |    2|   0|    2|          0|
    |BestPointsDistances_23_reg_3553                |    2|   0|    2|          0|
    |BestPointsDistances_27_reg_3623                |    2|   0|    2|          0|
    |BestPointsDistances_3_reg_3143                 |    1|   0|    2|          1|
    |BestPointsDistances_7_reg_3249                 |    2|   0|    2|          0|
    |and_ln531_reg_3075                             |    1|   0|    1|          0|
    |and_ln554_reg_3098                             |    1|   0|    1|          0|
    |and_ln566_1_reg_3131                           |    1|   0|    1|          0|
    |and_ln589_1_reg_3165                           |    1|   0|    1|          0|
    |and_ln596_1_reg_3187                           |    1|   0|    1|          0|
    |and_ln601_1_reg_3237                           |    1|   0|    1|          0|
    |and_ln624_1_reg_3266                           |    1|   0|    1|          0|
    |and_ln631_1_reg_3288                           |    1|   0|    1|          0|
    |and_ln636_1_reg_3313                           |    1|   0|    1|          0|
    |and_ln659_1_reg_3352                           |    1|   0|    1|          0|
    |and_ln666_1_reg_3364                           |    1|   0|    1|          0|
    |and_ln671_1_reg_3389                           |    1|   0|    1|          0|
    |and_ln694_1_reg_3428                           |    1|   0|    1|          0|
    |and_ln701_1_reg_3440                           |    1|   0|    1|          0|
    |and_ln706_1_reg_3465                           |    1|   0|    1|          0|
    |and_ln729_1_reg_3504                           |    1|   0|    1|          0|
    |and_ln736_1_reg_3516                           |    1|   0|    1|          0|
    |and_ln741_1_reg_3541                           |    1|   0|    1|          0|
    |and_ln764_1_reg_3580                           |    1|   0|    1|          0|
    |and_ln771_1_reg_3592                           |    1|   0|    1|          0|
    |and_ln800_1_reg_3655                           |    1|   0|    1|          0|
    |ap_CS_fsm                                      |  108|   0|  108|          0|
    |ap_done_reg                                    |    1|   0|    1|          0|
    |c1_w1_reg_3666                                 |    8|   0|    8|          0|
    |d2_w1_2_reg_3660                               |   64|   0|   64|          0|
    |d2_w1_reg_3648                                 |   64|   0|   64|          0|
    |dbest_w11_2_reg_3345                           |   32|   0|   32|          0|
    |dbest_w12_2_reg_3633                           |   64|   0|   64|          0|
    |dbest_w13_2_reg_3585                           |   32|   0|   32|          0|
    |dbest_w15_2_reg_3597                           |   32|   0|   32|          0|
    |dbest_w18_2_reg_3421                           |   32|   0|   32|          0|
    |dbest_w19_2_reg_3091                           |   32|   0|   32|          0|
    |dbest_w1_2_reg_3445                            |   32|   0|   32|          0|
    |dbest_w20_2_reg_3192                           |   32|   0|   32|          0|
    |dbest_w21_2_reg_3158                           |   32|   0|   32|          0|
    |dbest_w24_2_reg_3521                           |   32|   0|   32|          0|
    |dbest_w25_2_reg_3509                           |   32|   0|   32|          0|
    |dbest_w26_2_reg_3433                           |   32|   0|   32|          0|
    |dbest_w28_2_reg_3573                           |   32|   0|   32|          0|
    |dbest_w2_2_reg_3357                            |   32|   0|   32|          0|
    |dbest_w3_2_reg_3369                            |   32|   0|   32|          0|
    |dbest_w5_2_reg_3271                            |   32|   0|   32|          0|
    |dbest_w6_2_reg_3497                            |   32|   0|   32|          0|
    |dbest_w7_2_reg_3254                            |   32|   0|   32|          0|
    |dbest_w8_2_reg_3170                            |   32|   0|   32|          0|
    |dbest_w9_2_reg_3293                            |   32|   0|   32|          0|
    |grp_p_hls_fptosi_double_s_fu_413_ap_start_reg  |    1|   0|    1|          0|
    |icmp_ln566_2_reg_3121                          |    1|   0|    1|          0|
    |icmp_ln566_3_reg_3126                          |    1|   0|    1|          0|
    |icmp_ln601_2_reg_3222                          |    1|   0|    1|          0|
    |icmp_ln601_3_reg_3227                          |    1|   0|    1|          0|
    |icmp_ln636_2_reg_3303                          |    1|   0|    1|          0|
    |icmp_ln636_3_reg_3308                          |    1|   0|    1|          0|
    |icmp_ln671_2_reg_3379                          |    1|   0|    1|          0|
    |icmp_ln671_3_reg_3384                          |    1|   0|    1|          0|
    |icmp_ln706_2_reg_3455                          |    1|   0|    1|          0|
    |icmp_ln706_3_reg_3460                          |    1|   0|    1|          0|
    |icmp_ln741_2_reg_3531                          |    1|   0|    1|          0|
    |icmp_ln741_3_reg_3536                          |    1|   0|    1|          0|
    |icmp_ln776_2_reg_3607                          |    1|   0|    1|          0|
    |icmp_ln776_3_reg_3612                          |    1|   0|    1|          0|
    |icmp_ln806_1_reg_3679                          |    1|   0|    1|          0|
    |icmp_ln806_2_reg_3684                          |    1|   0|    1|          0|
    |icmp_ln806_3_reg_3689                          |    1|   0|    1|          0|
    |icmp_ln806_reg_3674                            |    1|   0|    1|          0|
    |muxOutput_w10_reg_3177                         |   64|   0|   64|          0|
    |reg_447                                        |   64|   0|   64|          0|
    |reg_452                                        |   32|   0|   32|          0|
    |reg_457                                        |   64|   0|   64|          0|
    |reg_465                                        |   64|   0|   64|          0|
    |reg_470                                        |   64|   0|   64|          0|
    |reg_475                                        |   64|   0|   64|          0|
    |reg_480                                        |   64|   0|   64|          0|
    |reg_485                                        |   64|   0|   64|          0|
    |select_ln566_1_reg_3217                        |    8|   0|    8|          0|
    |select_ln566_reg_3109                          |   64|   0|   64|          0|
    |select_ln601_reg_3278                          |    8|   0|    8|          0|
    |select_ln636_reg_3335                          |    8|   0|    8|          0|
    |select_ln671_reg_3411                          |    8|   0|    8|          0|
    |select_ln706_reg_3487                          |    8|   0|    8|          0|
    |select_ln741_reg_3563                          |    8|   0|    8|          0|
    |select_ln776_reg_3638                          |    8|   0|    8|          0|
    +-----------------------------------------------+-----+----+-----+-----------+
    |Total                                          | 1647|   0| 1649|          2|
    +-----------------------------------------------+-----+----+-----+-----------+



================================================================
== Interface
================================================================
* Summary: 
+---------------------------+-----+-----+------------+------------------+--------------+
|         RTL Ports         | Dir | Bits|  Protocol  |   Source Object  |    C Type    |
+---------------------------+-----+-----+------------+------------------+--------------+
|ap_clk                     |  in |    1| ap_ctrl_hs |     epilogue     | return value |
|ap_rst                     |  in |    1| ap_ctrl_hs |     epilogue     | return value |
|ap_start                   |  in |    1| ap_ctrl_hs |     epilogue     | return value |
|ap_done                    | out |    1| ap_ctrl_hs |     epilogue     | return value |
|ap_continue                |  in |    1| ap_ctrl_hs |     epilogue     | return value |
|ap_idle                    | out |    1| ap_ctrl_hs |     epilogue     | return value |
|ap_ready                   | out |    1| ap_ctrl_hs |     epilogue     | return value |
|knownClasses_address0      | out |    3|  ap_memory |   knownClasses   |     array    |
|knownClasses_ce0           | out |    1|  ap_memory |   knownClasses   |     array    |
|knownClasses_q0            |  in |    8|  ap_memory |   knownClasses   |     array    |
|distance_array_1_address0  | out |    1|  ap_memory | distance_array_1 |     array    |
|distance_array_1_ce0       | out |    1|  ap_memory | distance_array_1 |     array    |
|distance_array_1_q0        |  in |   64|  ap_memory | distance_array_1 |     array    |
|distance_array_0_address0  | out |    1|  ap_memory | distance_array_0 |     array    |
|distance_array_0_ce0       | out |    1|  ap_memory | distance_array_0 |     array    |
|distance_array_0_q0        |  in |   64|  ap_memory | distance_array_0 |     array    |
|distance_array_3_address0  | out |    1|  ap_memory | distance_array_3 |     array    |
|distance_array_3_ce0       | out |    1|  ap_memory | distance_array_3 |     array    |
|distance_array_3_q0        |  in |   64|  ap_memory | distance_array_3 |     array    |
|distance_array_2_address0  | out |    1|  ap_memory | distance_array_2 |     array    |
|distance_array_2_ce0       | out |    1|  ap_memory | distance_array_2 |     array    |
|distance_array_2_q0        |  in |   64|  ap_memory | distance_array_2 |     array    |
|out_r                      | out |    8|   ap_vld   |       out_r      |    pointer   |
|out_r_ap_vld               | out |    1|   ap_vld   |       out_r      |    pointer   |
+---------------------------+-----+-----+------------+------------------+--------------+

